07-14 21:59:31.703   429   429 I hwservicemanager: getTransport: Cannot find entry vendor.qti.hardware.servicetracker@1.0::IServicetracker/default in either framework or device manifest.
07-14 21:59:31.705  3009  3009 D BoundBrokerSvc: onBind: Intent { act=com.google.android.gms.potokens.service.START pkg=com.google.android.gms cmp=com.google.android.gms/.chimera.GmsApiService }
07-14 21:59:31.705  3009  3009 D BoundBrokerSvc: Loading bound service for intent: Intent { act=com.google.android.gms.potokens.service.START pkg=com.google.android.gms cmp=com.google.android.gms/.chimera.GmsApiService }
07-14 21:59:31.709 26805 26805 I GoogleHttpClient: GMS http client unavailable, use old client
07-14 21:59:31.730   429   429 I hwservicemanager: getTransport: Cannot find entry vendor.qti.hardware.servicetracker@1.0::IServicetracker/default in either framework or device manifest.
07-14 21:59:31.762 25064 25484 W BpBinder: Slow Binder: BpBinder transact took 369ms, interface=android.app.IActivityManager, code=20 oneway=false
07-14 21:59:31.763 26805 26805 I FeatureParser: can't find pine.xml in assets/device_features/,it may be in /system/etc/device_features
07-14 21:59:31.787   429   429 I hwservicemanager: getTransport: Cannot find entry vendor.qti.hardware.iop@2.0::IIop/default in either framework or device manifest.
07-14 21:59:31.787   791   808 E ANDR-IOP: IIop:: Iop HAL Service is not available.
07-14 21:59:31.815 26805 26830 E Perf    : Fail to get file list com.google.android.gsf
07-14 21:59:31.815 26805 26830 E Perf    : getFolderSize() : Exception_1 = java.lang.NullPointerException: Attempt to get length of null array
07-14 21:59:31.815 26805 26830 E Perf    : Fail to get file list com.google.android.gsf
07-14 21:59:31.815 26805 26830 E Perf    : getFolderSize() : Exception_1 = java.lang.NullPointerException: Attempt to get length of null array
07-14 21:59:31.822 26623 26695 W android.youtub: Verification of com.google.android.apps.youtube.app.offline.controller.OfflineSlimStatusBarConnectivityController htd.j(android.content.Context, snt, rpu, ezs, aalv, huk, yjr, yjl, aalz) took 145.633ms
07-14 21:59:32.004  1598  1964 D WifiNetworkFactory: got request NetworkRequest [ TRACK_DEFAULT id=398, [ Capabilities: INTERNET&NOT_RESTRICTED&TRUSTED Uid: 10186] ] with score 60 and serial -1
07-14 21:59:32.005  1598  1964 D UntrustedWifiNetworkFactory: got request NetworkRequest [ TRACK_DEFAULT id=398, [ Capabilities: INTERNET&NOT_RESTRICTED&TRUSTED Uid: 10186] ] with score 60 and serial -1
07-14 21:59:32.005  2202  2202 D PhoneSwitcherNetworkRequstListener: got request NetworkRequest [ TRACK_DEFAULT id=398, [ Capabilities: INTERNET&NOT_RESTRICTED&TRUSTED Uid: 10186] ] with score 60 and serial -1
07-14 21:59:32.006  1598  2011 D Ethernet: got request NetworkRequest [ TRACK_DEFAULT id=398, [ Capabilities: INTERNET&NOT_RESTRICTED&TRUSTED Uid: 10186] ] with score 60 and serial -1
07-14 21:59:32.049 26623 26724 D JavaScriptCore.Version: 250230.2.1
07-14 21:59:32.075   429   429 I hwservicemanager: getTransport: Cannot find entry vendor.qti.hardware.servicetracker@1.0::IServicetracker/default in either framework or device manifest.
07-14 21:59:32.085   429   429 I hwservicemanager: getTransport: Cannot find entry vendor.qti.hardware.servicetracker@1.0::IServicetracker/default in either framework or device manifest.
07-14 21:59:32.091 25064 25064 I BgTaskExecutorImpl: (REDACTED) Starting %s background task %s.
07-14 21:59:32.091   429   429 I hwservicemanager: getTransport: Cannot find entry vendor.qti.hardware.servicetracker@1.0::IServicetracker/default in either framework or device manifest.
07-14 21:59:32.094   429   429 I hwservicemanager: getTransport: Cannot find entry vendor.qti.hardware.servicetracker@1.0::IServicetracker/default in either framework or device manifest.
07-14 21:59:32.099  1598  1960 I MiuiNetworkPolicy: updateUidState uid = 10186, uidState = 11
07-14 21:59:32.106  1598  1960 I MiuiNetworkPolicy: updateUidState uid = 10186, uidState = 20
07-14 21:59:32.112 26623 26695 W android.youtub: Long monitor contention with owner BG Thread #14 (26724) at java.lang.String java.lang.Runtime.nativeLoad(java.lang.String, java.lang.ClassLoader, java.lang.Class)(Runtime.java:-2) waiters=0 in void android.os.ConditionVariable.block() for 241ms
07-14 21:59:32.119   767  2015 D         : readbrightness,out1:0
07-14 21:59:32.119   767  2015 D         : .
07-14 21:59:32.119   767  2015 D         : readbrightness,out2:0.
07-14 21:59:32.122   429   429 I hwservicemanager: getTransport: Cannot find entry vendor.qti.hardware.servicetracker@1.0::IServicetracker/default in either framework or device manifest.
07-14 21:59:32.127  1598  2011 D Ethernet: got request NetworkRequest [ TRACK_DEFAULT id=399, [ Capabilities: INTERNET&NOT_RESTRICTED&TRUSTED Uid: 10186] ] with score 60 and serial -1
07-14 21:59:32.128  1598  1964 D WifiNetworkFactory: got request NetworkRequest [ TRACK_DEFAULT id=399, [ Capabilities: INTERNET&NOT_RESTRICTED&TRUSTED Uid: 10186] ] with score 60 and serial -1
07-14 21:59:32.129  1598  1964 D UntrustedWifiNetworkFactory: got request NetworkRequest [ TRACK_DEFAULT id=399, [ Capabilities: INTERNET&NOT_RESTRICTED&TRUSTED Uid: 10186] ] with score 60 and serial -1
07-14 21:59:32.129  2202  2202 D PhoneSwitcherNetworkRequstListener: got request NetworkRequest [ TRACK_DEFAULT id=399, [ Capabilities: INTERNET&NOT_RESTRICTED&TRUSTED Uid: 10186] ] with score 60 and serial -1
07-14 21:59:32.137 25064 25064 I BgTaskExecutorImpl: (REDACTED) Starting %s background task %s.
07-14 21:59:32.141 25064 25565 I A       : getLocaleToModelSpecsMap
07-14 21:59:32.141 25064 25565 I A       : Using proto config with mendel
07-14 21:59:32.145 25064 26666 I A       : getLocaleToModelSpecsMap
07-14 21:59:32.145 25064 26666 I A       : Using proto config with mendel
07-14 21:59:32.146 25064 25565 W SearchServiceCore: Abort, client detached.
07-14 21:59:32.146 25064 25565 W SearchServiceCore: Abort, client detached.
07-14 21:59:32.146 25064 26666 I A       : getLocaleToModelSpecsMap
07-14 21:59:32.146 25064 25565 W SearchServiceCore: Abort, client detached.
07-14 21:59:32.146 25064 26666 I A       : Using proto config with mendel
07-14 21:59:32.146 25064 25565 W SearchServiceCore: Abort, client detached.
07-14 21:59:32.146 25064 25565 W SearchServiceCore: Abort, client detached.
07-14 21:59:32.146 25064 26666 I A       : (REDACTED) Skipping. Expected model: %s Found: %s
07-14 21:59:32.146 25064 26666 I chatty  : uid=10174(com.google.android.googlequicksearchbox) Blocking Thread identical 1 line
07-14 21:59:32.146 25064 26666 I A       : (REDACTED) Skipping. Expected model: %s Found: %s
07-14 21:59:32.146 25064 26666 I A       : (REDACTED) Adding from config to map. Locale: %s modelPrefix: %s Location:%s isSpeakerIdSupported: %b
07-14 21:59:32.146 25064 26666 I A       : (REDACTED) Skipping. Expected model: %s Found: %s
07-14 21:59:32.147 25064 26666 I A       : getLocaleToModelSpecsMap
07-14 21:59:32.147 25064 26666 I A       : Using proto config with mendel
07-14 21:59:32.147 25064 26666 I A       : getLocaleToModelSpecsMap
07-14 21:59:32.147 25064 26666 I A       : Using proto config with mendel
07-14 21:59:32.147 25064 26666 I A       : (REDACTED) Skipping. Expected model: %s Found: %s
07-14 21:59:32.148 25064 26666 I chatty  : uid=10174(com.google.android.googlequicksearchbox) Blocking Thread identical 1 line
07-14 21:59:32.148 25064 26666 I A       : (REDACTED) Skipping. Expected model: %s Found: %s
07-14 21:59:32.148 25064 26666 I A       : (REDACTED) Adding from config to map. Locale: %s modelPrefix: %s Location:%s isSpeakerIdSupported: %b
07-14 21:59:32.148 25064 26666 I A       : (REDACTED) Skipping. Expected model: %s Found: %s
07-14 21:59:32.148 25064 26666 I MicroDataManager: (REDACTED) Location for model with model type: %s and locale: %s, is : %s
07-14 21:59:32.157   429   429 I hwservicemanager: getTransport: Cannot find entry vendor.qti.hardware.servicetracker@1.0::IServicetracker/default in either framework or device manifest.
07-14 21:59:32.162 25064 26666 I A       : (REDACTED) isEnrollmentUtteranceAvailable: %b
07-14 21:59:32.175 25064 25565 W SearchServiceCore: Abort, client detached.
07-14 21:59:32.175 25064 25565 I chatty  : uid=10174(com.google.android.googlequicksearchbox) EventBus0 identical 2 lines
07-14 21:59:32.175 25064 25565 W SearchServiceCore: Abort, client detached.
07-14 21:59:32.180   429   429 I hwservicemanager: getTransport: Cannot find entry vendor.qti.hardware.servicetracker@1.0::IServicetracker/default in either framework or device manifest.
07-14 21:59:32.187  1598  1960 I MiuiNetworkPolicy: bandwidth: 7 KB/s, Max bandwidth: 3608 KB/s
07-14 21:59:32.198 26623 26790 D NetworkSecurityConfig: Using Network Security Config from resource network_security_config debugBuild: false
07-14 21:59:32.201   429   429 I hwservicemanager: getTransport: Cannot find entry vendor.qti.hardware.servicetracker@1.0::IServicetracker/default in either framework or device manifest.
07-14 21:59:32.217   429   429 I hwservicemanager: getTransport: Cannot find entry vendor.qti.hardware.servicetracker@1.0::IServicetracker/default in either framework or device manifest.
07-14 21:59:32.221 25064 25064 I BgTaskExecutorImpl: (REDACTED) Starting %s background task %s.
07-14 21:59:32.230 25064 25565 I TngDiscoverClean: Trying to cleanup TNG:Discover flag change
07-14 21:59:32.231 25064 25565 I TngDiscoverClean: Cleaning up TNG:Discover
07-14 21:59:32.234 25064 25064 I BgTaskExecutorImpl: (REDACTED) Starting %s background task %s.
07-14 21:59:32.250 25064 25565 I TngMinusOneSync: Syncing TNG:-1
07-14 21:59:32.252 25064 25565 W SearchServiceCore: Abort, client detached.
07-14 21:59:32.252 25064 25565 I chatty  : uid=10174(com.google.android.googlequicksearchbox) EventBus0 identical 3 lines
07-14 21:59:32.252 25064 25565 W SearchServiceCore: Abort, client detached.
07-14 21:59:32.254   429   429 I hwservicemanager: getTransport: Cannot find entry vendor.qti.hardware.servicetracker@1.0::IServicetracker/default in either framework or device manifest.
07-14 21:59:32.279   429   429 I hwservicemanager: getTransport: Cannot find entry vendor.qti.hardware.servicetracker@1.0::IServicetracker/default in either framework or device manifest.
07-14 21:59:32.287 25064 25565 W SearchServiceCore: Abort, client detached.
07-14 21:59:32.288 25064 25565 I chatty  : uid=10174(com.google.android.googlequicksearchbox) EventBus0 identical 2 lines
07-14 21:59:32.288 25064 25565 W SearchServiceCore: Abort, client detached.
07-14 21:59:32.289 25064 25064 I BgTaskExecutorImpl: (REDACTED) Starting %s background task %s.
07-14 21:59:32.292 25064 25565 I TngVoiceSearchSync: Syncing TNG:VoiceSearch
07-14 21:59:32.296   429   429 I hwservicemanager: getTransport: Cannot find entry vendor.qti.hardware.servicetracker@1.0::IServicetracker/default in either framework or device manifest.
07-14 21:59:32.309 25064 25565 W SearchServiceCore: Abort, client detached.
07-14 21:59:32.309 25064 25565 I chatty  : uid=10174(com.google.android.googlequicksearchbox) EventBus0 identical 5 lines
07-14 21:59:32.309 25064 25565 W SearchServiceCore: Abort, client detached.
07-14 21:59:32.314   429   429 I hwservicemanager: getTransport: Cannot find entry vendor.qti.hardware.servicetracker@1.0::IServicetracker/default in either framework or device manifest.
07-14 21:59:32.326   429   429 I hwservicemanager: getTransport: Cannot find entry vendor.qti.hardware.servicetracker@1.0::IServicetracker/default in either framework or device manifest.
07-14 21:59:32.328  1598 10961 D CompatibilityInfo: mCompatibilityFlags - 0
07-14 21:59:32.328  1598 10961 D CompatibilityInfo: applicationDensity - 320
07-14 21:59:32.328  1598 10961 D CompatibilityInfo: applicationScale - 1.0
07-14 21:59:32.329   429   429 I hwservicemanager: getTransport: Cannot find entry vendor.qti.hardware.servicetracker@1.0::IServicetracker/default in either framework or device manifest.
07-14 21:59:32.330 25064 25514 W CorpusConfigHelper: Invalid input from icing corpus JSON flag.
07-14 21:59:32.330 25064 25514 W CorpusConfigHelper: android.util.MalformedJsonException: Use JsonReader.setLenient(true) to accept malformed JSON at line 123 column 2
07-14 21:59:32.330 25064 25514 W CorpusConfigHelper: 	at android.util.JsonReader.syntaxError(JsonReader.java:1162)
07-14 21:59:32.330 25064 25514 W CorpusConfigHelper: 	at android.util.JsonReader.checkLenient(JsonReader.java:840)
07-14 21:59:32.330 25064 25514 W CorpusConfigHelper: 	at android.util.JsonReader.nextInArray(JsonReader.java:615)
07-14 21:59:32.330 25064 25514 W CorpusConfigHelper: 	at android.util.JsonReader.peek(JsonReader.java:345)
07-14 21:59:32.330 25064 25514 W CorpusConfigHelper: 	at android.util.JsonReader.hasNext(JsonReader.java:321)
07-14 21:59:32.330 25064 25514 W CorpusConfigHelper: 	at com.google.android.apps.gsa.searchbox.c.b.b.k.c(PG:7)
07-14 21:59:32.330 25064 25514 W CorpusConfigHelper: 	at com.google.android.apps.gsa.searchbox.c.b.b.k.<init>(PG:5)
07-14 21:59:32.330 25064 25514 W CorpusConfigHelper: 	at com.google.android.apps.gsa.staticplugins.searchboxroot.features.n.a.c.<init>(PG:16)
07-14 21:59:32.330 25064 25514 W CorpusConfigHelper: 	at com.google.android.apps.gsa.staticplugins.searchboxroot.b.a(PG:14)
07-14 21:59:32.330 25064 25514 W CorpusConfigHelper: 	at com.google.android.apps.gsa.staticplugins.searchboxroot.x.<init>(PG:7)
07-14 21:59:32.330 25064 25514 W CorpusConfigHelper: 	at com.google.android.apps.gsa.binaries.velvet.app.akn.b(PG:15)
07-14 21:59:32.330 25064 25514 W CorpusConfigHelper: 	at dagger.a.e.b(PG:1)
07-14 21:59:32.330 25064 25514 W CorpusConfigHelper: 	at com.google.android.apps.gsa.staticplugins.searchboxroot.a.a.a(PG:3)
07-14 21:59:32.330 25064 25514 W CorpusConfigHelper: 	at com.google.android.apps.gsa.binaries.velvet.app.oq.f(Unknown Source:2379)
07-14 21:59:32.330 25064 25514 W CorpusConfigHelper: 	at com.google.android.apps.gsa.binaries.velvet.app.oq.b(PG:2)
07-14 21:59:32.330 25064 25514 W CorpusConfigHelper: 	at com.google.android.apps.gsa.search.core.service.g.a.c.a(PG:2)
07-14 21:59:32.330 25064 25514 W CorpusConfigHelper: 	at com.google.android.libraries.gsa.k.a.f.a(PG:2)
07-14 21:59:32.330 25064 25514 W CorpusConfigHelper: 	at com.google.common.util.concurrent.dz.a(PG:1)
07-14 21:59:32.330 25064 25514 W CorpusConfigHelper: 	at com.google.common.util.concurrent.cw.run(PG:4)
07-14 21:59:32.330 25064 25514 W CorpusConfigHelper: 	at com.google.common.util.concurrent.eb.run(PG:1)
07-14 21:59:32.330 25064 25514 W CorpusConfigHelper: 	at com.google.android.libraries.i.af.run(PG:1)
07-14 21:59:32.330 25064 25514 W CorpusConfigHelper: 	at com.google.android.libraries.i.an.run(PG:23)
07-14 21:59:32.330 25064 25514 W CorpusConfigHelper: 	at com.google.android.libraries.i.l.run(PG:2)
07-14 21:59:32.330 25064 25514 W CorpusConfigHelper: 	at com.google.android.libraries.i.q.run(PG:4)
07-14 21:59:32.330 25064 25514 W CorpusConfigHelper: 	at java.lang.Thread.run(Thread.java:919)
07-14 21:59:32.339   429   429 I hwservicemanager: getTransport: Cannot find entry vendor.qti.hardware.servicetracker@1.0::IServicetracker/default in either framework or device manifest.
07-14 21:59:32.356   429   429 I chatty  : uid=1000(system) hwservicemanage identical 1 line
07-14 21:59:32.364   429   429 I hwservicemanager: getTransport: Cannot find entry vendor.qti.hardware.servicetracker@1.0::IServicetracker/default in either framework or device manifest.
07-14 21:59:32.375 25064 25064 I BgTaskExecutorImpl: (REDACTED) Starting %s background task %s.
07-14 21:59:32.381   429   429 I hwservicemanager: getTransport: Cannot find entry vendor.qti.hardware.servicetracker@1.0::IServicetracker/default in either framework or device manifest.
07-14 21:59:32.401 25064 25064 I BgTaskExecutorImpl: (REDACTED) Starting %s background task %s.
07-14 21:59:32.402 25064 25064 I BgTaskExecutorImpl: (REDACTED) Starting %s background task %s.
07-14 21:59:32.404  1598  4934 D CompatibilityInfo: mCompatibilityFlags - 0
07-14 21:59:32.404  1598  4934 D CompatibilityInfo: applicationDensity - 320
07-14 21:59:32.404  1598  4934 D CompatibilityInfo: applicationScale - 1.0
07-14 21:59:32.405 25064 26666 I A       : Updating Gservices keys
07-14 21:59:32.406   429   429 I hwservicemanager: getTransport: Cannot find entry vendor.qti.hardware.servicetracker@1.0::IServicetracker/default in either framework or device manifest.
07-14 21:59:32.413 25064 25510 I A       : Skip LanguagePack auto-update because controller is uninitialized.
07-14 21:59:32.415 25064 25436 I A       : (REDACTED) #handleLocale  %s
07-14 21:59:32.425  3009 24809 I Icing   : IndexChimeraService.getServiceInterface callingPackage=com.google.android.googlequicksearchbox componentName=null serviceId=36
07-14 21:59:32.429 25064 25565 W SearchServiceCore: Abort, client detached.
07-14 21:59:32.429 25064 25565 I chatty  : uid=10174(com.google.android.googlequicksearchbox) EventBus0 identical 3 lines
07-14 21:59:32.429 25064 25565 W SearchServiceCore: Abort, client detached.
07-14 21:59:32.435   429   429 I hwservicemanager: getTransport: Cannot find entry vendor.qti.hardware.servicetracker@1.0::IServicetracker/default in either framework or device manifest.
07-14 21:59:32.440   429   429 I hwservicemanager: getTransport: Cannot find entry vendor.qti.hardware.servicetracker@1.0::IServicetracker/default in either framework or device manifest.
07-14 21:59:32.443  1598 10961 D CompatibilityInfo: mCompatibilityFlags - 0
07-14 21:59:32.443  1598 10961 D CompatibilityInfo: applicationDensity - 320
07-14 21:59:32.443  1598 10961 D CompatibilityInfo: applicationScale - 1.0
07-14 21:59:32.445   429   429 I hwservicemanager: getTransport: Cannot find entry vendor.qti.hardware.servicetracker@1.0::IServicetracker/default in either framework or device manifest.
07-14 21:59:32.449 25064 25436 I A       : (REDACTED) #handleLocale  %s
07-14 21:59:32.451   429   429 I hwservicemanager: getTransport: Cannot find entry vendor.qti.hardware.servicetracker@1.0::IServicetracker/default in either framework or device manifest.
07-14 21:59:32.458  3009 25322 I GmsCoreXrpcWrapper: Returning a channel provider with trafficStatsTag=12803 trafficStatsUid=-1
07-14 21:59:32.461 25064 25436 I A       : (REDACTED) available language pack of %s is version %d
07-14 21:59:32.462 25064 25436 I A       : (REDACTED) available language pack of %s is version %d
07-14 21:59:32.467   429   429 I hwservicemanager: getTransport: Cannot find entry vendor.qti.hardware.servicetracker@1.0::IServicetracker/default in either framework or device manifest.
07-14 21:59:32.470   429   429 I hwservicemanager: getTransport: Cannot find entry vendor.qti.hardware.servicetracker@1.0::IServicetracker/default in either framework or device manifest.
07-14 21:59:32.470 25064 25064 I LanguagePackUpdateContr: #finishInitRunnable run
07-14 21:59:32.471 25064 25565 W SearchServiceCore: Abort, client detached.
07-14 21:59:32.471 25064 25565 I chatty  : uid=10174(com.google.android.googlequicksearchbox) EventBus0 identical 2 lines
07-14 21:59:32.471 25064 25565 W SearchServiceCore: Abort, client detached.
07-14 21:59:32.474   429   429 I hwservicemanager: getTransport: Cannot find entry vendor.qti.hardware.servicetracker@1.0::IServicetracker/default in either framework or device manifest.
07-14 21:59:32.478   429   429 I hwservicemanager: getTransport: Cannot find entry vendor.qti.hardware.servicetracker@1.0::IServicetracker/default in either framework or device manifest.
07-14 21:59:32.481  1598  1971 D CompatibilityInfo: mCompatibilityFlags - 0
07-14 21:59:32.481  1598  1971 D CompatibilityInfo: applicationDensity - 320
07-14 21:59:32.481  1598  1971 D CompatibilityInfo: applicationScale - 1.0
07-14 21:59:32.483   429   429 I hwservicemanager: getTransport: Cannot find entry vendor.qti.hardware.servicetracker@1.0::IServicetracker/default in either framework or device manifest.
07-14 21:59:32.484  3009  3009 D BoundBrokerSvc: onBind: Intent { act=com.google.android.gms.feedback.internal.IFeedbackService dat=chimera-action:com.google.android.gms.feedback.internal.IFeedbackService cmp=com.google.android.gms/.chimera.GmsBoundBrokerService }
07-14 21:59:32.484  3009  3009 D BoundBrokerSvc: Loading bound service for intent: Intent { act=com.google.android.gms.feedback.internal.IFeedbackService dat=chimera-action:com.google.android.gms.feedback.internal.IFeedbackService cmp=com.google.android.gms/.chimera.GmsBoundBrokerService }
07-14 21:59:32.494   429   429 I hwservicemanager: getTransport: Cannot find entry vendor.qti.hardware.servicetracker@1.0::IServicetracker/default in either framework or device manifest.
07-14 21:59:32.496  3009 25322 I Icing   : Usage reports ok 0, Failed Usage reports 0, indexed 0, rejected 0
07-14 21:59:32.503   429   429 I hwservicemanager: getTransport: Cannot find entry vendor.qti.hardware.servicetracker@1.0::IServicetracker/default in either framework or device manifest.
07-14 21:59:32.506  1598  1971 D CompatibilityInfo: mCompatibilityFlags - 0
07-14 21:59:32.506  1598  1971 D CompatibilityInfo: applicationDensity - 320
07-14 21:59:32.506  1598  1971 D CompatibilityInfo: applicationScale - 1.0
07-14 21:59:32.508   429   429 I hwservicemanager: getTransport: Cannot find entry vendor.qti.hardware.servicetracker@1.0::IServicetracker/default in either framework or device manifest.
07-14 21:59:32.518   429   429 I chatty  : uid=1000(system) hwservicemanage identical 2 lines
07-14 21:59:32.526   429   429 I hwservicemanager: getTransport: Cannot find entry vendor.qti.hardware.servicetracker@1.0::IServicetracker/default in either framework or device manifest.
07-14 21:59:32.530 25064 25064 I BgTaskExecutorImpl: (REDACTED) Starting %s background task %s.
07-14 21:59:32.531  1598 10961 D CompatibilityInfo: mCompatibilityFlags - 0
07-14 21:59:32.532  1598 10961 D CompatibilityInfo: applicationDensity - 320
07-14 21:59:32.532  1598 10961 D CompatibilityInfo: applicationScale - 1.0
07-14 21:59:32.534   429   429 I hwservicemanager: getTransport: Cannot find entry vendor.qti.hardware.servicetracker@1.0::IServicetracker/default in either framework or device manifest.
07-14 21:59:32.538  3009 24840 I Icing   : IndexChimeraService.getServiceInterface callingPackage=com.google.android.gms componentName=null serviceId=30
07-14 21:59:32.541   429   429 I hwservicemanager: getTransport: Cannot find entry vendor.qti.hardware.servicetracker@1.0::IServicetracker/default in either framework or device manifest.
07-14 21:59:32.544 25064 26666 I A       : getLocaleToModelSpecsMap
07-14 21:59:32.544 25064 26666 I A       : Using proto config with mendel
07-14 21:59:32.548 25064 25064 I BgTaskExecutorImpl: (REDACTED) Starting %s background task %s.
07-14 21:59:32.551  3009 25322 I GmsCoreXrpcWrapper: Returning a channel provider with trafficStatsTag=12803 trafficStatsUid=-1
07-14 21:59:32.558 25064 26666 I A       : getLocaleToModelSpecsMap
07-14 21:59:32.558 25064 26666 I A       : Using proto config with mendel
07-14 21:59:32.558 25064 26666 I A       : (REDACTED) Skipping. Expected model: %s Found: %s
07-14 21:59:32.558 25064 26666 I chatty  : uid=10174(com.google.android.googlequicksearchbox) Blocking Thread identical 1 line
07-14 21:59:32.558 25064 26666 I A       : (REDACTED) Skipping. Expected model: %s Found: %s
07-14 21:59:32.558 25064 26666 I A       : (REDACTED) Adding from config to map. Locale: %s modelPrefix: %s Location:%s isSpeakerIdSupported: %b
07-14 21:59:32.558 25064 26666 I A       : (REDACTED) Skipping. Expected model: %s Found: %s
07-14 21:59:32.558 25064 26666 I UploadHwSettingsTask: Uploading hotword settings to server.
07-14 21:59:32.564  3009 25322 I Icing   : Usage reports ok 0, Failed Usage reports 0, indexed 0, rejected 0
07-14 21:59:32.565 25064 26666 I A       : getLocaleToModelSpecsMap
07-14 21:59:32.565 25064 26666 I A       : Using proto config with mendel
07-14 21:59:32.565 25064 26666 I A       : getLocaleToModelSpecsMap
07-14 21:59:32.565 25064 26666 I A       : Using proto config with mendel
07-14 21:59:32.565 25064 26666 I A       : (REDACTED) Skipping. Expected model: %s Found: %s
07-14 21:59:32.565 25064 26666 I chatty  : uid=10174(com.google.android.googlequicksearchbox) Blocking Thread identical 1 line
07-14 21:59:32.565 25064 26666 I A       : (REDACTED) Skipping. Expected model: %s Found: %s
07-14 21:59:32.565 25064 26666 I A       : (REDACTED) Adding from config to map. Locale: %s modelPrefix: %s Location:%s isSpeakerIdSupported: %b
07-14 21:59:32.565 25064 26666 I A       : (REDACTED) Skipping. Expected model: %s Found: %s
07-14 21:59:32.569   429   429 I hwservicemanager: getTransport: Cannot find entry vendor.qti.hardware.servicetracker@1.0::IServicetracker/default in either framework or device manifest.
07-14 21:59:32.573 25064 26666 I A       : getLocaleToModelSpecsMap
07-14 21:59:32.573 25064 26666 I A       : Using proto config with mendel
07-14 21:59:32.573 25064 26666 I A       : getLocaleToModelSpecsMap
07-14 21:59:32.573 25064 26666 I A       : Using proto config with mendel
07-14 21:59:32.576 25064 25565 W SearchServiceCore: Abort, client detached.
07-14 21:59:32.576 25064 25565 I chatty  : uid=10174(com.google.android.googlequicksearchbox) EventBus0 identical 3 lines
07-14 21:59:32.576 25064 25565 W SearchServiceCore: Abort, client detached.
07-14 21:59:32.578 25064 26666 I A       : (REDACTED) Skipping. Expected model: %s Found: %s
07-14 21:59:32.578 25064 26666 I chatty  : uid=10174(com.google.android.googlequicksearchbox) Blocking Thread identical 1 line
07-14 21:59:32.578 25064 26666 I A       : (REDACTED) Skipping. Expected model: %s Found: %s
07-14 21:59:32.578 25064 26666 I A       : (REDACTED) Adding from config to map. Locale: %s modelPrefix: %s Location:%s isSpeakerIdSupported: %b
07-14 21:59:32.578 25064 26666 I A       : (REDACTED) Skipping. Expected model: %s Found: %s
07-14 21:59:32.580 25064 26666 I NetworkRecognitionRnr: Using pair HTTP connection
07-14 21:59:32.580 25064 25627 I Search.LoginHelperImpl: (REDACTED) Successfully received auth token for scope: %s in time %d ms
07-14 21:59:32.583   429   429 I hwservicemanager: getTransport: Cannot find entry vendor.qti.hardware.servicetracker@1.0::IServicetracker/default in either framework or device manifest.
07-14 21:59:32.602 25064 25627 I A       : [Upload] Connected
07-14 21:59:32.602   429   429 I hwservicemanager: getTransport: Cannot find entry vendor.qti.hardware.servicetracker@1.0::IServicetracker/default in either framework or device manifest.
07-14 21:59:32.623   429   429 I hwservicemanager: getTransport: Cannot find entry vendor.qti.hardware.servicetracker@1.0::IServicetracker/default in either framework or device manifest.
07-14 21:59:32.624 25064 25409 W CronetNetworkRqstWrppr: Upload request without a content type.
07-14 21:59:32.640   429   429 I hwservicemanager: getTransport: Cannot find entry vendor.qti.hardware.servicetracker@1.0::IServicetracker/default in either framework or device manifest.
07-14 21:59:32.644  1598  1991 D CompatibilityInfo: mCompatibilityFlags - 0
07-14 21:59:32.644  1598  1991 D CompatibilityInfo: applicationDensity - 320
07-14 21:59:32.644  1598  1991 D CompatibilityInfo: applicationScale - 1.0
07-14 21:59:32.648   429   429 I hwservicemanager: getTransport: Cannot find entry vendor.qti.hardware.servicetracker@1.0::IServicetracker/default in either framework or device manifest.
07-14 21:59:32.653  1598  1960 I MiuiNetworkPolicy: updateUidState uid = 10186, uidState = 9
07-14 21:59:32.668  1598  1692 D Process : audio-opt: audio thread tid = 26802 could not get bg policy.
07-14 21:59:32.704   429   429 I hwservicemanager: getTransport: Cannot find entry vendor.qti.hardware.servicetracker@1.0::IServicetracker/default in either framework or device manifest.
07-14 21:59:32.706 25064 25085 W JavaBinder: BinderProxy is being destroyed but the application did not call unlinkToDeath to unlink all of its death recipients beforehand.  Releasing leaked death recipient: com.google.android.play.core.e.c
07-14 21:59:32.706   429   429 I hwservicemanager: getTransport: Cannot find entry vendor.qti.hardware.servicetracker@1.0::IServicetracker/default in either framework or device manifest.
07-14 21:59:32.711  1598  1960 I MiuiNetworkPolicy: updateUidState uid = 10186, uidState = 11
07-14 21:59:32.711 25064 25510 W BpBinder: Slow Binder: BpBinder transact took 264ms, interface=android.content.pm.IShortcutService, code=1 oneway=false
07-14 21:59:32.714 25064 25565 W SearchServiceCore: Abort, client detached.
07-14 21:59:32.715 25064 25565 I chatty  : uid=10174(com.google.android.googlequicksearchbox) EventBus0 identical 2 lines
07-14 21:59:32.715 25064 25565 W SearchServiceCore: Abort, client detached.
07-14 21:59:32.718  2229  2229 D Launcher.Model: LauncherAppsCallback onShortcutsChanged|com.google.android.googlequicksearchbox|UserHandle{0}
07-14 21:59:32.720   429   429 I hwservicemanager: getTransport: Cannot find entry vendor.qti.hardware.servicetracker@1.0::IServicetracker/default in either framework or device manifest.
07-14 21:59:32.721  2229  2229 D Launcher.Model: LauncherAppsCallback onShortcutsChanged|com.google.android.googlequicksearchbox|UserHandle{0}
07-14 21:59:32.727  1598  1960 I MiuiNetworkPolicy: updateUidState uid = 10186, uidState = 20
07-14 21:59:32.806 25064 25553 I A       : [Download] starting read
07-14 21:59:32.869 25064 25565 W SearchServiceCore: Abort, client detached.
07-14 21:59:32.869 25064 25565 I chatty  : uid=10174(com.google.android.googlequicksearchbox) EventBus0 identical 1 line
07-14 21:59:32.870 25064 25565 W SearchServiceCore: Abort, client detached.
07-14 21:59:32.872   429   429 I hwservicemanager: getTransport: Cannot find entry vendor.qti.hardware.servicetracker@1.0::IServicetracker/default in either framework or device manifest.
07-14 21:59:33.119   767  2015 D         : readbrightness,out1:0
07-14 21:59:33.119   767  2015 D         : .
07-14 21:59:33.120   767  2015 D         : readbrightness,out2:0.
07-14 21:59:33.221  1598  1957 D NtpTrustedTime: currentTimeMillis() cache hit
07-14 21:59:33.262   509  1955 I netd    : trafficSwapActiveStatsMap() <40.88ms>
07-14 21:59:33.476  1598  1901 D KeyLayoutMap: mapKey: scanCode=116, usageCode=0x00000000 ~ Result keyCode=26, outFlags=0x00000000.
07-14 21:59:33.490   509  1955 I netd    : tetherGetStats() <2.22ms>
07-14 21:59:33.496 26623 26712 W android.youtub: Verification of void jcx.onSharedPreferenceChanged(android.content.SharedPreferences, java.lang.String) took 129.116ms
07-14 21:59:33.507  1598  1901 W BaseMiuiPhoneWindowManager: keyCode:26 down:true eventTime:21019013 downTime:21019013 policyFlags:2000000 flags:8 deviceId:5 isScreenOn:false keyguardActive:true repeatCount:0
07-14 21:59:33.507  1598  1901 D systemui_boost: notification panel visible=true
07-14 21:59:33.507  1598  1901 D systemui_boost: ui thread tid=1598
07-14 21:59:33.507  1598  1901 D systemui_boost: render thread tid=0
07-14 21:59:33.507  1598  1901 E systemui_boost: render-thread tid = 0, do not boost
07-14 21:59:33.584  1598  1901 I PowerManagerService: Waking up from Asleep (uid=1000, reason=WAKE_REASON_POWER_BUTTON, details=android.policy:POWER)...
07-14 21:59:33.584  1598  1598 W UsageStatsService: Event reported without a package name, eventType:15
07-14 21:59:33.587  1598  1598 I WindowManager: Started waking up... (why=ON_BECAUSE_OF_USER)
07-14 21:59:33.629  1598  1598 I SensorService: check list, getPackageName  miui.util.ProximitySensorWrapper
07-14 21:59:33.635   429   429 I hwservicemanager: getTransport: Cannot find entry vendor.qti.hardware.servicetracker@1.0::IServicetracker/default in either framework or device manifest.
07-14 21:59:33.656  1598  1696 I DisplayPowerController: Blocking screen on until initial contents have been drawn.
07-14 21:59:33.656  1598  1696 I WindowManager: Screen turning on...
07-14 21:59:33.656  1598  1901 W InputDispatcher: Excessive delay in interceptKeyBeforeQueueing; took 170 ms
07-14 21:59:33.657  1598  1901 D KeyLayoutMap: mapKey: scanCode=116, usageCode=0x00000000 ~ Result keyCode=26, outFlags=0x00000000.
07-14 21:59:33.701  1598  1901 W BaseMiuiPhoneWindowManager: keyCode:26 down:false eventTime:21019128 downTime:21019013 policyFlags:22000000 flags:8 deviceId:5 isScreenOn:true keyguardActive:true repeatCount:0
07-14 21:59:33.741  2737  2782 I octvm_power: power mode [keyguard] start 1657825173
07-14 21:59:33.742  2737  2782 E octvm_power: mode keyguard do not have any actions, empty group!
07-14 21:59:33.742  2737  2782 I octvm_power: onPowerModeChanged[keyguard] called
07-14 21:59:33.799  1598  1693 E KernelCpuSpeedReader: Failed to read cpu-freq: /sys/devices/system/cpu/cpu4/cpufreq/stats/time_in_state: open failed: ENOENT (No such file or directory)
07-14 21:59:33.799  1598  1693 E KernelCpuSpeedReader: Failed to read cpu-freq: /sys/devices/system/cpu/cpu0/cpufreq/stats/time_in_state: open failed: ENOENT (No such file or directory)
07-14 21:59:33.801  2026  3125 D KeyguardViewMediator: onStartedWakingUp, reason = android.policy:POWER
07-14 21:59:33.804  2026  2026 D FaceManagerImpl_client: inernational:true supportR:[ALL] nowR:BY
07-14 21:59:33.804  2026  2026 D FaceManagerImpl_client: inernational:true supportR:[ALL] nowR:BY
07-14 21:59:33.808  1598  1957 D NtpTrustedTime: currentTimeMillis() cache hit
07-14 21:59:33.808   604   604 W hw-IPCThreadState: All binder threads in pool (2 threads) busy for 147 ms
07-14 21:59:33.809  1598  3113 D CompatibilityInfo: mCompatibilityFlags - 0
07-14 21:59:33.809  1598  3113 D CompatibilityInfo: applicationDensity - 320
07-14 21:59:33.809  1598  3113 D CompatibilityInfo: applicationScale - 1.0
07-14 21:59:33.811   429   429 I hwservicemanager: getTransport: Cannot find entry vendor.qti.hardware.servicetracker@1.0::IServicetracker/default in either framework or device manifest.
07-14 21:59:33.817  2026  3125 D KeyguardViewMediator: onStartedWakingUp, seq = 23
07-14 21:59:33.817  2026  3125 D KeyguardViewMediator: notifyStartedWakingUp
07-14 21:59:33.817   509  1955 I netd    : bandwidthSetGlobalAlert(131072) <0.52ms>
07-14 21:59:33.822  1598  1810 E SensorService: SX932X SAR time out package:com.huaqin.sarcontroller.SarControllerService, uid:1000
07-14 21:59:33.822  1598  1810 E SensorService: SX932X SAR: use 99831 ms
07-14 21:59:33.822  2026  3125 D EventBus: [2026, u0] post(ScreenOnEvent)
07-14 21:59:33.824  2026 17064 W KeyguardViewMediator: notifyScreenOn
07-14 21:59:33.835  1598  1810 E         : Sensor exception: SX932X SAR: use > 2000ms
07-14 21:59:33.836  1598  1810 E SensorService: checkReportTimeOutFromBuffer use time:14 ms
07-14 21:59:33.836  1598  1598 W Looper  : Slow dispatch took 250ms main h=com.android.server.power.Notifier$NotifierHandler c=com.android.server.power.Notifier$2@711e05b m=0
07-14 21:59:33.836  1598  1598 W Looper  : Slow delivery took 250ms main h=android.os.Handler c=com.android.server.statusbar.-$$Lambda$StatusBarManagerService$UEYsZUbySBvjdjRhx8OmRQFMSn4@65a70f8 m=0
07-14 21:59:33.838  1598  1696 I SensorService: check list, getPackageName  com.android.server.display.AutomaticBrightnessController
07-14 21:59:33.842  1598  1696 I ProcessManager: registerForegroundInfoListener, caller=1598, listener=com.android.server.display.AutomaticBrightnessController$3@79a3a54
07-14 21:59:33.917  1598  1678 W system_server: Long monitor contention with owner main (1598) at void com.android.server.policy.MiuiScreenOnProximityLock.aquire()(MiuiScreenOnProximityLock.java:-1) waiters=0 in void com.android.server.policy.MiuiScreenOnProximityLock$2.handleMessage(android.os.Message) for 252ms
07-14 21:59:33.991  3340 18231 W MQSEventManager: feoccur
07-14 21:59:34.017  3340  3800 W MQSEventManager: begin to storeEvent
07-14 21:59:34.024  1598  1598 W system_server: Long monitor contention with owner Binder:1598_7 (1971) at int com.android.server.wm.WindowManagerService.relayoutWindow(com.android.server.wm.Session, android.view.IWindow, int, android.view.WindowManager$LayoutParams, int, int, int, int, long, android.graphics.Rect, android.graphics.Rect, android.graphics.Rect, android.graphics.Rect, android.graphics.Rect, android.graphics.Rect, android.graphics.Rect, android.view.DisplayCutout$ParcelableWrapper, android.util.MergedConfiguration, android.view.SurfaceControl, android.view.InsetsState)(WindowManagerService.java:2209) waiters=0 in com.android.server.wm.WindowProcessController com.android.server.wm.ActivityTaskManagerService$LocalService.getTopApp() for 183ms
07-14 21:59:34.027  1598  1696 I SensorService: check list, getPackageName  com.android.server.display.AutomaticBrightnessControllerInjector
07-14 21:59:34.032  1598  1598 W Looper  : Drained
07-14 21:59:34.032  1598  1598 W Looper  : Slow dispatch took 194ms main h=android.app.ActivityThread$H c=android.app.-$$Lambda$LoadedApk$ReceiverDispatcher$Args$_BumDX2UKsnxLVrE6UJsJZkotuA@641a4a4 m=0
07-14 21:59:34.033  2026  2026 D KeyguardViewMediator: handleNotifyWakingUp
07-14 21:59:34.043   429   429 I hwservicemanager: getTransport: Cannot find entry vendor.qti.hardware.servicetracker@1.0::IServicetracker/default in either framework or device manifest.
07-14 21:59:34.047  1598  4934 D CompatibilityInfo: mCompatibilityFlags - 0
07-14 21:59:34.047  1598  4934 D CompatibilityInfo: applicationDensity - 320
07-14 21:59:34.047  1598  4934 D CompatibilityInfo: applicationScale - 1.0
07-14 21:59:34.048   429   429 I hwservicemanager: getTransport: Cannot find entry vendor.qti.hardware.servicetracker@1.0::IServicetracker/default in either framework or device manifest.
07-14 21:59:34.055  1598  1678 W Looper  : Slow dispatch took 468ms android.ui h=com.android.server.policy.MiuiScreenOnProximityLock$2 c=null m=1
07-14 21:59:34.058  1598  1901 W InputDispatcher: Excessive delay in interceptKeyBeforeQueueing; took 357 ms
07-14 21:59:34.060 26623 26722 W BpBinder: Slow Binder: BpBinder transact took 203ms, interface=android.app.job.IJobScheduler, code=1 oneway=false
07-14 21:59:34.062  1598  1960 I MiuiNetworkPolicy: updateUidState uid = 10175, uidState = 11
07-14 21:59:34.062  1598  1960 I MiuiNetworkPolicy: updateUidState uid = 10186, uidState = 9
07-14 21:59:34.062  1598  1960 I MiuiNetworkPolicy: updateUidState uid = 10172, uidState = 9
07-14 21:59:34.065  1598  1678 W Looper  : Slow delivery took 418ms android.ui h=com.android.server.am.ActivityManagerService$UiHandler c=null m=53
07-14 21:59:34.068   429   429 I hwservicemanager: getTransport: Cannot find entry vendor.qti.hardware.servicetracker@1.0::IServicetracker/default in either framework or device manifest.
07-14 21:59:34.071  1598  3628 D CompatibilityInfo: mCompatibilityFlags - 0
07-14 21:59:34.071  1598  3628 D CompatibilityInfo: applicationDensity - 320
07-14 21:59:34.071  1598  3628 D CompatibilityInfo: applicationScale - 1.0
07-14 21:59:34.073   429   429 I hwservicemanager: getTransport: Cannot find entry vendor.qti.hardware.servicetracker@1.0::IServicetracker/default in either framework or device manifest.
07-14 21:59:34.075  1598  1692 D Process : audio-opt: audio thread tid = 26802 could not get bg policy.
07-14 21:59:34.115  1598  1598 D AS.AudioService: ACTION_SCREEN_ON
07-14 21:59:34.115  1598  1598 D AS.AudioService: readProp:ro.boot.hwc:Global
07-14 21:59:34.115  1598  1598 D AS.AudioService: readProp:ro.boot.hwc:Global
07-14 21:59:34.116  1598 26862 I AudioDeviceThread: 841start.
07-14 21:59:34.120   767  2015 D         : readbrightness,out1:0
07-14 21:59:34.120   767  2015 D         : .
07-14 21:59:34.120   767  2015 D         : readbrightness,out2:0.
07-14 21:59:34.162 24371 24371 D SarSensor: onAccuracyChanged:{Sensor name="SX932X SAR", vendor="Semtech", version=1, type=33171015, maxRange=1.5258789E-5, resolution=1.0, power=0.029, minDelay=0},3
07-14 21:59:34.163 24371 24371 D SarControllerService: updateSardsi,sarState:10000
07-14 21:59:34.163 24371 24371 D SarControllerService: last dsi: 3 current dsi: 4
07-14 21:59:34.163 24371 24371 D SarControllerService: setDsi,sarState:10000
07-14 21:59:34.163 24371 24371 D SarControllerService: oemReq dsi4
07-14 21:59:34.185   603   603 I QTI PowerHAL: Got set_interactive hint
07-14 21:59:34.186   603   603 I QTI PowerHAL: Got set_interactive hint on= 1, count= 45
07-14 21:59:34.186  1598  3627 D systemui_boost: notification panel visible=true
07-14 21:59:34.186   603   603 E QTI PowerHAL: Error opening /sys/kernel/hbtp/display_pwr: No such file or directory
07-14 21:59:34.186  1598  3627 D systemui_boost: ui thread tid=2026
07-14 21:59:34.186  1598  3627 D systemui_boost: render thread tid=2329
07-14 21:59:34.186  1598  3627 D systemui_boost: ui thread old priority=-10
07-14 21:59:34.186  1598  3627 D systemui_boost: render thread old priority=-10
07-14 21:59:34.186  1598  3627 D systemui_boost: thread tid=2026, priority is set to -10
07-14 21:59:34.186  1598  3627 D systemui_boost: thread tid=2329, priority is set to -10
07-14 21:59:34.186  1598  3627 D systemui_boost: ui thread and render thread are boosted
07-14 21:59:34.186  1598  2022 D PowerManagerService-JNI: Excessive delay in setInteractive(true) while turning screen on
07-14 21:59:34.187   644   644 D SurfaceFlinger: Setting power mode 2 on display 0
07-14 21:59:34.189  2415  2415 D QcrilMsgTunnelIfaceManager: handleMessage what = 1
07-14 21:59:34.190  2415  2415 I QcrilOemhookMsgTunnel: [0]invokeOemRilRequestRaw: serial=1303 length=23
07-14 21:59:34.213  1598  1680 I DisplayManagerService: Display device changed state: " ", ON
07-14 21:59:34.222  2229  2229 W Launcher: onDisplayChanged: newRotation=0, mCurrentRotation=0
07-14 21:59:34.245  2026  2026 E DeviceLevelUtils: isLowGpuDevice:1
07-14 21:59:34.245  2026  2026 I StatusBar: updateDozing: mDozing:false
07-14 21:59:34.246  2026  2026 I KeyguardViewMediator: setAodShowing: false
07-14 21:59:34.246  2026  2026 E DeviceLevelUtils: isLowGpuDevice:1
07-14 21:59:34.247  2026  2026 I KeyguardIndication: updateIndication: mVisible true mDozing false mTransientIndication null mPowerPluggedIn true mUpArrowIndication null
07-14 21:59:34.248  2026  2026 E DeviceLevelUtils: isLowGpuDevice:1
07-14 21:59:34.248  2026  2026 E DeviceLevelUtils: isLowGpuDevice:1
07-14 21:59:34.249  2026  2026 D FaceManagerImpl_client: inernational:true supportR:[ALL] nowR:BY
07-14 21:59:34.249  2026  2026 I chatty  : uid=1000(system) com.android.systemui identical 1 line
07-14 21:59:34.249  2026  2026 D FaceManagerImpl_client: inernational:true supportR:[ALL] nowR:BY
07-14 21:59:34.251  2026  2026 E DeviceLevelUtils: isLowGpuDevice:1
07-14 21:59:34.253  2026  2026 V KeyguardSecurityModel: getSecurityMode security=65536
07-14 21:59:34.253  2026  2026 D StatusBar: updatePublicMode() showingKeyguard=true,devicePublic=true
07-14 21:59:34.253  2026  2026 D StatusBar: updateStackScrollerState() publicMode=true,isKeyguardShowing=true
07-14 21:59:34.253  2026  2026 E DeviceLevelUtils: isLowGpuDevice:1
07-14 21:59:34.254  2026  2026 D StatusBar: disable<e i a s B H R C s > disable2<q i n g r >
07-14 21:59:34.254  2026  2026 D StatusBarClock:  isNormalMode= true clock visible=false
07-14 21:59:34.254  2026  2341 D BrightnessController: BrightnessObserver: startObserving.
07-14 21:59:34.255  2026  2026 D FaceManagerImpl_client: inernational:true supportR:[ALL] nowR:BY
07-14 21:59:34.255  2026  2026 D FaceManagerImpl_client: inernational:true supportR:[ALL] nowR:BY
07-14 21:59:34.256  2026  2026 I KeyguardViewMediator: getBouncerPromptReason trust = false fingerprint = false faceUnlock = false bleUnlock = false strongAuth = 0, userId = 0
07-14 21:59:34.258  2026  2341 D BrightnessController: UpdateSliderRunnable: value: 594
07-14 21:59:34.259  1598  3628 W ActivityManager: Sending non-protected broadcast com.android.systemui.SCREEN_ON from system 2026:com.android.systemui/1000 pkg com.android.systemui. Callers=
07-14 21:59:34.277  5481  5602 I BtGatt.ScanManager: msg.what = 8
07-14 21:59:34.278  5481  5602 I BtGatt.ScanManager: msg.what = 5
07-14 21:59:34.298   586  1148 D audio_hw_primary: adev_set_parameters: enter: screen_state=on
07-14 21:59:34.302   599   694 I SDM     : DisplayBase::SetDisplayState: Set state = 1, display 0
07-14 21:59:34.303   586  1148 D msm8916_platform: platform_set_parameters: enter: - screen_state=on
07-14 21:59:34.303   586  1148 D msm8916_platform: platform_set_parameters:mic_ret: -2
07-14 21:59:34.304   586  1148 D msm8916_platform: platform_set_parameters:loopback_ret: 0
07-14 21:59:34.304   586  1148 D msm8916_platform: platform_set_parameters:rx force device: 0
07-14 21:59:34.304   586  1148 D audio_hw_extn: audio_extn_set_anc_parameters: anc_enabled:0
07-14 21:59:34.304   586  1148 D audio_hw_spkr_prot: audio_extn_fbsp_set_parameters: Speaker protection disabled
07-14 21:59:34.304  2026  2026 D FaceManagerImpl_client: inernational:true supportR:[ALL] nowR:BY
07-14 21:59:34.304  2026  2026 E miui_face: start face unlock  fail:;isSupportFaceUnlock=true;isFaceFeatureEnabled=true;hasEnrolledFaces=false;isFaceUnlockApplyForKeyguard=false;isOwnerUser=true
07-14 21:59:34.304  2026  2026 I chatty  : uid=1000(system) com.android.systemui identical 4 lines
07-14 21:59:34.304  2026  2026 D FaceManagerImpl_client: inernational:true supportR:[ALL] nowR:BY
07-14 21:59:34.304  2026  2026 V KeyguardUpdateMonitor: startListeningForFingerprint()
07-14 21:59:34.305  2026  2026 D MiuiBleUnlockHelper: verifyBLEDeviceRssi  isShowing = true isOccluded = false isMXtelcel = false isHiding = false isDeviceInteractive = true
07-14 21:59:34.308  2026  2026 D KeyguardHorizontalMoveLeftViewContainer: onStartedWakingUp false false false false false false
07-14 21:59:34.308  2026  2026 I KeyguardIndication: handleChargeTextAnimation: false
07-14 21:59:34.311 26623 26623 W BpBinder: Slow Binder: BpBinder transact took 219ms, interface=android.support.customtabs.ICustomTabsService, code=2 oneway=false
07-14 21:59:34.335  1598  1598 W BpBinder: Slow Binder: BpBinder transact took 217ms, interface=android.media.IAudioFlinger, code=20 oneway=false
07-14 21:59:34.337  1598  1598 W Looper  : Slow dispatch took 220ms main h=android.app.ActivityThread$H c=android.app.-$$Lambda$LoadedApk$ReceiverDispatcher$Args$_BumDX2UKsnxLVrE6UJsJZkotuA@b358d17 m=0
07-14 21:59:34.341  2026  2341 D QSTile.CellularTile: handleUpdateState: airplaneModeEnabled: false, isMobileDataSupported: false
07-14 21:59:34.342  2026  2026 D EventBus: [2026, u0]  -> MiuiChargeController [0x1759438, P1] onBusEvent(ScreenOnEvent)
07-14 21:59:34.343  2026  2026 D EventBus: [2026, u0] onBusEvent(ScreenOnEvent) duration: 36 microseconds, avg: 324
07-14 21:59:34.344  2026  2341 D QSTile.BluetoothTile: handleUpdateState: mTargetEnable = falsemController.getBluetoothState() = 10
07-14 21:59:34.348  1598  1687 I SensorService: check list, getPackageName  com.android.server.display.BrightnessTracker
07-14 21:59:34.351   644  2820 E HWComposer: getDisplayedContentSamplingAttributes: getDisplayedContentSamplingAttributes failed for display 0: Unsupported (8)
07-14 21:59:34.363  2026  2026 D EventBus: [2026, u0]  -> StatusBar [0x1662a3e, P1] onBusEvent(ScreenOnEvent)
07-14 21:59:34.363  2026  2026 D EventBus: [2026, u0] onBusEvent(ScreenOnEvent) duration: 25 microseconds, avg: 323
07-14 21:59:34.363  2026  2026 W KeyguardViewMediator: handleNotifyScreenTurningOn
07-14 21:59:34.363  2026  2026 W KeyguardViewMediator: notifyDrawn
07-14 21:59:34.363  1598  1971 I WindowManager: mKeyguardDelegate.ShowListener.onDrawn.
07-14 21:59:34.364  2026  2026 D KeyguardUpdateMonitor: handleTimeUpdate
07-14 21:59:34.364  2026  2026 I KeyguardIndication: updateIndication: mVisible true mDozing false mTransientIndication null mPowerPluggedIn true mUpArrowIndication null
07-14 21:59:34.365  2026  2026 D KeyguardUpdateMonitor: handleTimeUpdate
07-14 21:59:34.365  2026  2026 I KeyguardIndication: updateIndication: mVisible true mDozing false mTransientIndication null mPowerPluggedIn true mUpArrowIndication null
07-14 21:59:34.450  3340  3800 E MtkZzEventHandler: This event type has no mtk file .
07-14 21:59:34.469  2149  3038 D QCNEJ/WlanStaInfoRelay: Received action: android.net.wifi.RSSI_CHANGED
07-14 21:59:34.517   510   510 I Zygote  : Process 24583 exited due to signal 9 (Killed)
07-14 21:59:34.517  1598  3627 I ActivityManager: Process com.google.android.permissioncontroller (pid 24583) has died: cch+75 CEM 
07-14 21:59:34.518  1598  1690 I libprocessgroup: Successfully killed process cgroup uid 10088 pid 24583 in 0ms
07-14 21:59:34.518   429   429 I hwservicemanager: getTransport: Cannot find entry vendor.qti.hardware.iop@2.0::IIop/default in either framework or device manifest.
07-14 21:59:34.521  2026  2341 D QSTile.BluetoothTile: handleUpdateState: mTargetEnable = falsemController.getBluetoothState() = 10
07-14 21:59:34.523   429   429 I hwservicemanager: getTransport: Cannot find entry vendor.qti.hardware.servicetracker@1.0::IServicetracker/default in either framework or device manifest.
07-14 21:59:34.526   644   644 D SurfaceFlinger: Finished setting power mode 2 on display 0
07-14 21:59:34.527  1598  2022 W BpBinder: Slow Binder: BpBinder transact took 341ms, interface=android.ui.ISurfaceComposer, code=19 oneway=false
07-14 21:59:34.527  1598  2022 D SurfaceControl: Excessive delay in setPowerMode()
07-14 21:59:34.553   767   767 D         : onTransact received request.
07-14 21:59:34.553   767   767 D         : SET_FEATURE
07-14 21:59:34.553   767   767 D         : setFeatureC3E, called caseid:0 mode:2.
07-14 21:59:34.553   767   767 D         : setFeatureC3E begin,lastmode = 0, mode = 0,value = 2.
07-14 21:59:34.586   644   644 W SurfaceFlingerInspector: Slow frame composition: Internal display prepareFrame took 55 ms
07-14 21:59:34.591   767   767 D         : setActiveModesId 0
07-14 21:59:34.606  3340  3800 W MQSActionExecutor: action is null!
