07-14 21:59:37.318  2026  2026 W miui_keyguard: unlock keyguard by pw
07-14 21:59:37.323   429   429 I hwservicemanager: getTransport: Cannot find entry vendor.qti.hardware.servicetracker@1.0::IServicetracker/default in either framework or device manifest.
07-14 21:59:37.349 25064 25556 I A       : (REDACTED) The syncToken for corpus %s is %s.
07-14 21:59:37.356 25064 25436 I DeviceAppInfoWork: (REDACTED) remove existing package for update: %s
07-14 21:59:37.356   464   467 I rpmb_emmc: rpmb_emmc_write: blk_cnt: 2, num_rpmb_tx: 1, frames_per_tx: 2, rel_wr_cnt: 32
07-14 21:59:37.379   464   467 I rpmb_emmc: rpmb_emmc_write: blk_cnt: 2, num_rpmb_tx: 1, frames_per_tx: 2, rel_wr_cnt: 32
07-14 21:59:37.395 26981 26981 I Perf    : Connecting to perf service.
07-14 21:59:37.435   780   780 D keystore: AddAuthenticationToken: timestamp = 90007854, time_received = 21023
07-14 21:59:37.439  1598  1679 W FileUtils: Slow Operation: fsync took 109ms
07-14 21:59:37.440   464   467 I rpmb_emmc: rpmb_emmc_write: blk_cnt: 2, num_rpmb_tx: 1, frames_per_tx: 2, rel_wr_cnt: 32
07-14 21:59:37.449   464   467 I rpmb_emmc: rpmb_emmc_write: blk_cnt: 2, num_rpmb_tx: 1, frames_per_tx: 2, rel_wr_cnt: 32
07-14 21:59:37.457   780   780 D keystore: AddAuthenticationToken: timestamp = 90007876, time_received = 21023
07-14 21:59:37.458   780   780 I keystore: calling unlock when already unlocked, ignoring.
07-14 21:59:37.458  1598  3752 I LockSettingsService: Unlocking user 0 with secret only, length 32
07-14 21:59:37.458  1598  3752 D LockSettingsService: unlockUser finished
07-14 21:59:37.458  1598  3752 I LockSettingsService: Disabling escrow token on user 0
07-14 21:59:37.460  1598  3752 I LockSettingsService: Caching SP for user 0
07-14 21:59:37.461  2026 21956 W BpBinder: Slow Binder: BpBinder transact took 253ms, interface=com.android.internal.widget.ILockSettings, code=10 oneway=false
07-14 21:59:37.481  1598  1598 W Looper  : Slow dispatch took 906ms main h=android.app.ActivityThread$H c=android.app.-$$Lambda$LoadedApk$ReceiverDispatcher$Args$_BumDX2UKsnxLVrE6UJsJZkotuA@ae5a114 m=0
07-14 21:59:37.481  1598  1598 W Looper  : Slow delivery took 991ms main h=android.app.ActivityThread$H c=android.app.-$$Lambda$LoadedApk$ReceiverDispatcher$Args$_BumDX2UKsnxLVrE6UJsJZkotuA@451ddbd m=0
07-14 21:59:37.458  1598  3752 D LockSettingsService: unlockUser finished
07-14 21:59:37.496  2695 26969 I bdho    : Scheduling Phenotype for a PhenotypeSyncImmediately(7, com.google.android.gms.clearcut_client#com.google.android.youtube) one off with window [1, 2] in seconds [CONTEXT service_id=51 ]
07-14 21:59:37.507 26962 26962 I Perf    : Connecting to perf service.
07-14 21:59:37.514  1598  3302 D KeySyncTask: Key sync not needed.
07-14 21:59:37.515 26981 26981 I FeatureParser: can't find pine.xml in assets/device_features/,it may be in /system/etc/device_features
07-14 21:59:37.520 25064 25436 I DeviceAppInfoWork: (REDACTED) remove existing package for update: %s
07-14 21:59:37.532 25064 25510 I A       : (REDACTED) soft deleting data for %s
07-14 21:59:37.536  2026  2026 D SecurityPatternView: startDisappearAnimation finish
07-14 21:59:37.537  2026  2026 D KeyguardViewMediator: tryKeyguardDone mKeyguardDonePending = false mHideAnimationRun = true mHideAnimationRunning = false
07-14 21:59:37.537  2026  2026 D KeyguardViewMediator: handleKeyguardDone
07-14 21:59:37.537  2026  2026 D KeyguardViewMediator: handleHide
07-14 21:59:37.537  2026  2026 D FaceManagerImpl_client: inernational:true supportR:[ALL] nowR:BY
07-14 21:59:37.537  2026  2026 D FaceManagerImpl_client: inernational:true supportR:[ALL] nowR:BY
07-14 21:59:37.544   612   684 E ANDR-PERF-RESOURCEQS: Resource with major=3, minor=0 not supported
07-14 21:59:37.595   429   429 I hwservicemanager: getTransport: Cannot find entry vendor.qti.hardware.iop@2.0::IIop/default in either framework or device manifest.
07-14 21:59:37.596   791   808 E ANDR-IOP: IIop:: Iop HAL Service is not available.
07-14 21:59:37.622 26981 27049 E Perf    : Fail to get file list com.google.android.permissioncontroller
07-14 21:59:37.623 26981 27049 E Perf    : getFolderSize() : Exception_1 = java.lang.NullPointerException: Attempt to get length of null array
07-14 21:59:37.623 26981 27049 E Perf    : Fail to get file list com.google.android.permissioncontroller
07-14 21:59:37.623 26981 27049 E Perf    : getFolderSize() : Exception_1 = java.lang.NullPointerException: Attempt to get length of null array
07-14 21:59:37.637 25064 25510 I A       : Performing deletion propagation for Geller data.
07-14 21:59:37.641 25064 26666 I A       : Performing deletion propagation for Geller data.
07-14 21:59:37.652 25064 26665 I A       : (REDACTED) Writing data of size=%d bytes with N=%d keys to Geller corpus %s at ts=%d
07-14 21:59:37.659 25064 26665 I chatty  : uid=10174(com.google.android.googlequicksearchbox) Blocking Thread identical 1 line
07-14 21:59:37.663 25064 26665 I A       : (REDACTED) Writing data of size=%d bytes with N=%d keys to Geller corpus %s at ts=%d
07-14 21:59:37.666 25064 25409 I DeviceAppInfoWork: refreshDeviceAppInfoForAccount done.
07-14 21:59:37.678 25064 25513 W DeviceAppInfoWork: missing version info.
07-14 21:59:37.681 25064 25565 W SearchServiceCore: Abort, client detached.
07-14 21:59:37.681 25064 25565 I chatty  : uid=10174(com.google.android.googlequicksearchbox) EventBus0 identical 1 line
07-14 21:59:37.681 25064 25565 W SearchServiceCore: Abort, client detached.
07-14 21:59:37.735  1598  1598 W system_server: Long monitor contention with owner android.bg (1687) at android.content.res.Resources android.app.ResourcesManager.getOrCreateResources(android.os.IBinder, android.content.res.ResourcesKey, java.lang.ClassLoader)(ResourcesManager.java:780) waiters=0 in android.content.res.Resources android.app.ResourcesManager.getOrCreateResources(android.os.IBinder, android.content.res.ResourcesKey, java.lang.ClassLoader) for 247ms
07-14 21:59:37.755  1598  6342 D CompatibilityInfo: mCompatibilityFlags - 0
07-14 21:59:37.755  1598  6342 D CompatibilityInfo: applicationDensity - 320
07-14 21:59:37.755  1598  6342 D CompatibilityInfo: applicationScale - 1.0
07-14 21:59:37.759  1598  6342 I Timeline: Timeline: App_transition_ready time:21023466
07-14 21:59:37.759  2026  3205 W BpBinder: Slow Binder: BpBinder transact took 217ms, interface=android.app.IActivityTaskManager, code=107 oneway=false
07-14 21:59:37.759  2026  3205 I KeyguardViewMediator: call fw keyguardGoingAway: flags = 8
07-14 21:59:37.760  1598  1681 I Timeline: Timeline: App_transition_ready time:21023468
07-14 21:59:37.761  1598  1680 W system_server: Long monitor contention with owner Binder:1598_18 (6342) at void com.android.server.wm.ActivityTaskManagerService.keyguardGoingAway(int)(ActivityTaskManagerService.java:4006) waiters=1 in boolean com.android.server.wm.WindowProcessController.hasActivitiesOrRecentTasks() for 211ms
07-14 21:59:37.764  1598  3752 I Timeline: Timeline: App_transition_ready time:21023471
07-14 21:59:37.764  1598  4903 W system_server: Long monitor contention with owner Binder:1598_18 (6342) at void com.android.server.wm.ActivityTaskManagerService.keyguardGoingAway(int)(ActivityTaskManagerService.java:4006) waiters=3 in int com.android.server.wm.WindowManagerService.relayoutWindow(com.android.server.wm.Session, android.view.IWindow, int, android.view.WindowManager$LayoutParams, int, int, int, int, long, android.graphics.Rect, android.graphics.Rect, android.graphics.Rect, android.graphics.Rect, android.graphics.Rect, android.graphics.Rect, android.graphics.Rect, android.view.DisplayCutout$ParcelableWrapper, android.util.MergedConfiguration, android.view.SurfaceControl, android.view.InsetsState) for 192ms
07-14 21:59:37.765  2229  2229 W BpBinder: Slow Binder: BpBinder transact took 204ms, interface=android.view.IWindowSession, code=4 oneway=false
07-14 21:59:37.771  1598  4903 I Timeline: Timeline: App_transition_ready time:21023479
07-14 21:59:37.776  2229  2229 D Launcher.Lifecycle: onStart:UserHandle{0},db579a,false
07-14 21:59:37.778  2229  2529 I RenderThread: RenderThread resumed
07-14 21:59:37.778  2229  2529 I RenderThread: All controllers paused.
07-14 21:59:37.778  2229  2529 I RenderThread: RenderThread paused, waiting for signal
07-14 21:59:37.782  1598 17507 W system_server: Long monitor contention with owner android.display (1680) at void com.android.server.am.ProcessRecord.updateProcessInfo(boolean, boolean, boolean)(ProcessRecord.java:1358) waiters=0 in int com.android.server.am.ActivityManagerService.getMemoryTrimLevel() for 229ms
07-14 21:59:37.789   429   429 I hwservicemanager: getTransport: Cannot find entry vendor.qti.hardware.servicetracker@1.0::IServicetracker/default in either framework or device manifest.
07-14 21:59:37.790   429   429 I hwservicemanager: getTransport: Cannot find entry vendor.qti.hardware.servicetracker@1.0::IServicetracker/default in either framework or device manifest.
07-14 21:59:37.792 26962 26962 I FeatureParser: can't find pine.xml in assets/device_features/,it may be in /system/etc/device_features
07-14 21:59:37.794  2026  2026 D StatusBar: recevie broadbcast ACTION_APPLICATION_MESSAGE_QUERY, requestFirstTime=false
07-14 21:59:37.795   429   429 I hwservicemanager: getTransport: Cannot find entry vendor.qti.hardware.servicetracker@1.0::IServicetracker/default in either framework or device manifest.
07-14 21:59:37.803  1598  1960 I MiuiNetworkPolicy: updateUidState uid = 10089, uidState = 2
07-14 21:59:37.803   509  1955 D OemNetd : whiteListUid: uid=10089, wmm=add
07-14 21:59:37.803  2229  2229 D Launcher.Lifecycle: onResume:UserHandle{0},db579a,false
07-14 21:59:37.805  3009 27035 W BpBinder: Slow Binder: BpBinder transact took 207ms, interface=android.app.IActivityManager, code=10 oneway=false
07-14 21:59:37.805  2229  2529 I RenderThread: RenderThread resumed
07-14 21:59:37.805  2229  2529 I RenderThread: All controllers paused.
07-14 21:59:37.805  2229  2529 I RenderThread: RenderThread paused, waiting for signal
07-14 21:59:37.806  5481  5602 I BtGatt.ScanManager: msg.what = 6
07-14 21:59:37.807  2229  2351 D StatusBarController: handleMessage: flag 800000  disable false
07-14 21:59:37.815  2229  2229 D Launcher.RecommendController: folder display but only request when folder open
07-14 21:59:37.815  2229  2229 D Launcher.RecommendController: folder display but only request when folder open
07-14 21:59:37.815  2229  2229 D Launcher_UnlockAnimationStateMachine: setState:IDLE
07-14 21:59:37.827  1598  1960 I MiuiNetworkPolicy: updateUidState uid = 10169, uidState = 6
07-14 21:59:37.828  1598  3767 I Timeline: Timeline: App_transition_ready time:21023535
07-14 21:59:37.832  1598  1681 I Timeline: Timeline: App_transition_ready time:21023540
07-14 21:59:37.873  3009 27035 I Icing   : Indexing done com.google.android.gms-apps
07-14 21:59:37.905 26962 26962 I Finsky  : [2] fnz.j(6): Process created at version: 31.2.29-21 [0] [PR] 458571619
07-14 21:59:37.906  3009 27035 I Icing   : Indexing com.google.android.gms-apps from com.google.android.gms
07-14 21:59:37.909  3009 27035 I Icing   : Indexing done com.google.android.gms-apps
07-14 21:59:37.915   429   429 I hwservicemanager: getTransport: Cannot find entry vendor.qti.hardware.servicetracker@1.0::IServicetracker/default in either framework or device manifest.
07-14 21:59:37.918  2229  2229 D ScreenView_ScreenView: dispatchDraw:0
07-14 21:59:37.919  2229  2229 D ScreenView_Workspace: dispatchDraw:720
07-14 21:59:37.920  2229  2229 D ScreenView_HotSeats: dispatchDraw:0
07-14 21:59:37.960  2229  2229 D Launcher_WallpaperUtils: changeStatusBarMode:false
07-14 21:59:37.964  1598  1681 I Timeline: Timeline: App_transition_ready time:21023672
07-14 21:59:37.964  2026  2026 I KeyguardViewMediator: handleStartKeyguardExitAnimation startTime=21023672 fadeoutDuration=300
07-14 21:59:37.965  2026  2026 D LockScreenMagazineClient: hideOverlay animate=true;mOverlay=null
07-14 21:59:37.966  2026  2026 D KeyguardCameraView: removeViewFromWindow true
07-14 21:59:37.980  1598  1598 W system_server: Long monitor contention with owner android.bg (1687) at android.content.res.Resources android.app.ResourcesManager.getOrCreateResources(android.os.IBinder, android.content.res.ResourcesKey, java.lang.ClassLoader)(ResourcesManager.java:780) waiters=0 in android.content.res.Resources android.app.ResourcesManager.getOrCreateResources(android.os.IBinder, android.content.res.ResourcesKey, java.lang.ClassLoader) for 133ms
07-14 21:59:37.984  2026  2026 D StatusBar: give up recomputeDisableFlags
07-14 21:59:37.984  2026  2026 D KeyguardViewMediator: adjustStatusBarLocked: mShowing=false mOccluded=false force=false --> flags=0x0
07-14 21:59:37.988  2026  2026 D StatusBar: give up recomputeDisableFlags
07-14 21:59:37.988  1598  1680 W UsageStatsService: Event reported without a package name, eventType:18
07-14 21:59:37.989  1598  1680 I WindowManager: updateContrastOverlay, darkmode: true isContrastEnabled: false alpha: 0.0
07-14 21:59:37.989  2026  2026 E DeviceLevelUtils: isLowGpuDevice:1
07-14 21:59:37.992  2026  2026 I StatusBar: updateDozing: mDozing:false
07-14 21:59:37.993  2026  2026 I KeyguardViewMediator: setAodShowing: false
07-14 21:59:37.993  2026  2026 E DeviceLevelUtils: isLowGpuDevice:1
07-14 21:59:37.993  2026  2026 E DeviceLevelUtils: isLowGpuDevice:1
07-14 21:59:37.994  2026  2026 D StatusBar: give up recomputeDisableFlags
07-14 21:59:37.995  2026  2026 D KeyguardUpdateMonitor: onKeyguardVisibilityChanged(false)
07-14 21:59:38.000   636   959 D APM_AudioPolicyManager: startOutput portId 37
07-14 21:59:38.002   644   644 E Layer   : setupBlurSurface setupBlurSurface com.android.keyguard.wallpaper.service.MiuiKeyguardPictorialWallpaper#0
07-14 21:59:38.005   636   959 D APM_AudioPolicyManager: getNewOutputDevices selected devices {type:0x2,@:}
07-14 21:59:38.007   636 16225 E AudioFlinger: open /proc/2026/cmdline error
07-14 21:59:38.007   636 16225 I AudioFlinger: setAppName(), name=[], active=[1]
07-14 21:59:38.010  2026  2026 I KeyguardIndication: updateIndication: mVisible true mDozing false mTransientIndication null mPowerPluggedIn true mUpArrowIndication null
07-14 21:59:38.010  2026  2026 D KeyguardUpdateMonitor: sendKeyguardBouncerChanged(false)
07-14 21:59:38.012  2026  2026 E DeviceLevelUtils: isLowGpuDevice:1
07-14 21:59:38.013  2026  2026 I chatty  : uid=1000(system) com.android.systemui identical 1 line
07-14 21:59:38.017  2026  2026 E DeviceLevelUtils: isLowGpuDevice:1
07-14 21:59:38.018  2026  2026 D StatusBar: updatePublicMode() showingKeyguard=false,devicePublic=false
07-14 21:59:38.018  2026  2026 D StatusBar: updateStackScrollerState() publicMode=false,isKeyguardShowing=false
07-14 21:59:38.019  2026  2341 D QSTile.CellularTile: handleUpdateState: airplaneModeEnabled: false, isMobileDataSupported: false
07-14 21:59:38.019  2026  2026 E DeviceLevelUtils: isLowGpuDevice:1
07-14 21:59:38.020  2026  2026 E DeviceLevelUtils: isLowGpuDevice:1
07-14 21:59:38.022  2026  2026 D KeyguardViewMediator: adjustStatusBarLocked: mShowing=false mOccluded=false force=false --> flags=0x0
07-14 21:59:38.023  2026  2341 D QSTile.BluetoothTile: handleUpdateState: mTargetEnable = falsemController.getBluetoothState() = 10
07-14 21:59:38.023  2026  2026 I miui_face: face unlock success time=1657825178023
07-14 21:59:38.042  2026  2341 D BrightnessController: BrightnessObserver: startObserving.
07-14 21:59:38.045  2026  2026 D miui_face: updateShowingStatus showing=false
07-14 21:59:38.046  2026  2341 D BrightnessController: UpdateSliderRunnable: value: 594
07-14 21:59:38.047  2026  2026 D StatusBar: disable<e i a s b!h!r!c!s > disable2<q i n g r >
07-14 21:59:38.048  2229  2229 D Launcher.Lifecycle: onWindowFocusChanged:true,UserHandle{0},db579a,false
07-14 21:59:38.048  2229  2229 D Launcher_UnlockAnimationStateMachine: onWindowFocus:IDLE
07-14 21:59:38.048  2026  2026 D PhoneStatusBar/NavigationBarView: setDisabledFlags back:false home:false recent:false
07-14 21:59:38.049  2026  2026 D StatusBarClock:  isNormalMode= true clock visible=true
07-14 21:59:38.050  2026  2026 D KeyguardUpdateMonitor: handleKeyguardBouncerChanged(0)
07-14 21:59:38.050  2026  2026 E DeviceLevelUtils: isLowGpuDevice:1
07-14 21:59:38.050  2026  2026 D FaceManagerImpl_client: inernational:true supportR:[ALL] nowR:BY
07-14 21:59:38.050  2026  2026 I chatty  : uid=1000(system) com.android.systemui identical 2 lines
07-14 21:59:38.050  2026  2026 D FaceManagerImpl_client: inernational:true supportR:[ALL] nowR:BY
07-14 21:59:38.051  2026  2026 E DeviceLevelUtils: isLowGpuDevice:1
07-14 21:59:38.052  1598  3767 D systemui_boost: notification panel visible=false
07-14 21:59:38.052  1598  3767 D systemui_boost: ui thread tid=2026
07-14 21:59:38.052  1598  3767 D systemui_boost: render thread tid=2329
07-14 21:59:38.052  1598  3767 D systemui_boost: thread tid=2026, priority is set to -10
07-14 21:59:38.052  1598  3767 D systemui_boost: thread tid=2329, priority is set to -10
07-14 21:59:38.052  1598  3767 D systemui_boost: ui thread and render thread are reset
07-14 21:59:38.052   586  1148 V EffectMiSound: MiSound_command() start, cmdCode=24
07-14 21:59:38.052   586  1148 V EffectMiSound: MiSound_Command EFFECT_CMD_SET_APP_NAME: stream=1, name=+
07-14 21:59:38.053  2026  2026 E DeviceLevelUtils: isLowGpuDevice:1
07-14 21:59:38.053  2026  2026 E DeviceLevelUtils: isLowGpuDevice:1
07-14 21:59:38.053  2026  2026 D StatusBar: disable<e i a s b h r c s > disable2<q i n g r >
07-14 21:59:38.053  2026  2026 D StatusBarClock:  isNormalMode= true clock visible=true
07-14 21:59:38.055  2026  2026 E DeviceLevelUtils: isLowGpuDevice:1
07-14 21:59:38.059  2026  2341 D QSTile.CellularTile: handleUpdateState: airplaneModeEnabled: false, isMobileDataSupported: false
07-14 21:59:38.060  2026  2341 D QSTile.BluetoothTile: handleUpdateState: mTargetEnable = falsemController.getBluetoothState() = 10
07-14 21:59:38.073  2026  2341 D QSTile.BluetoothTile: handleUpdateState: mTargetEnable = falsemController.getBluetoothState() = 10
07-14 21:59:38.080  3231  3231 I GoogleInputMethodService: GoogleInputMethodService.onFinishInput():3220 
07-14 21:59:38.081  2026  2026 D PhoneStatusBar/NavigationBarView: onDraw
07-14 21:59:38.089  2026  2026 V KeyguardUpdateMonitor: *** unregister callback for com.android.keyguard.MiuiKeyguardFaceUnlockView$2@f2d2683
07-14 21:59:38.089  2026  2026 V KeyguardUpdateMonitor: *** unregister callback for com.android.keyguard.EmergencyButton$1@cc081bf
07-14 21:59:38.089   586  1972 D audio_hw_primary: start_output_stream: enter: stream(0xb1724000)usecase(1: low-latency-playback) devices(0x2)
07-14 21:59:38.091   586  1972 D audio_hw_primary: select_devices for use case (low-latency-playback)
07-14 21:59:38.091   586  1972 D msm8916_platform: platform_get_output_snd_device: loopback init: 0
07-14 21:59:38.091   586  1972 D msm8916_platform: platform_get_output_snd_device: rx_force_device init: 0
07-14 21:59:38.091   586  1972 D msm8916_platform: platform_get_output_snd_device: exit: snd_device(speaker)
07-14 21:59:38.091   586  1972 D audio_hw_primary: select_devices: out_snd_device(2: speaker) in_snd_device(0: )
07-14 21:59:38.091   586  1972 I msm8916_platform: platform_check_and_set_codec_backend_cfg:becf: afe: bitwidth 16, samplerate 48000 channels 2, backend_idx 0 usecase = 1 device (speaker)
07-14 21:59:38.091   586  1972 D msm8916_platform: platform_split_snd_device: snd_device(2) num devices(1) new_snd_devices(0)
07-14 21:59:38.091   586  1972 I msm8916_platform: platform_check_and_set_codec_backend_cfg: becf: new_snd_devices[0] is speaker
07-14 21:59:38.091   586  1972 I msm8916_platform: platform_check_codec_backend_cfg:becf: afe: Codec selected backend: 0 current bit width: 16 sample rate: 48000 channels: 2 usecase 1 device (speaker)
07-14 21:59:38.091   586  1972 D msm8916_platform: platform_check_codec_backend_cfg:becf: afe: playback on codec device not supporting native playback set default Sample Rate(48k)
07-14 21:59:38.091   586  1972 D msm8916_platform: platform_check_codec_backend_cfg:becf: afe: only 48KHZ sample rate is supported Configure afe to default Sample Rate(48k)
07-14 21:59:38.091   586  1972 I msm8916_platform: platform_check_codec_backend_cfg:becf: afe: Codec selected backend: 0 updated bit width: 16 sample rate: 48000 channels: 2
07-14 21:59:38.091   586  1972 D audio_hw_primary: check_usecases_codec_backend:becf: force routing 0
07-14 21:59:38.091   586  1972 E msm8916_platform: platform_check_backends_match: Invalid snd_device = 
07-14 21:59:38.091   586  1972 D audio_hw_primary: check_usecases_codec_backend:becf: (63) check_usecases curr device: speaker, usecase device: backends match 0
07-14 21:59:38.091   586  1972 D audio_hw_primary: check_usecases_codec_backend:becf: check_usecases num.of Usecases to switch 0
07-14 21:59:38.091   586  1972 D hardware_info: hw_info_append_hw_type : device_name = speaker
07-14 21:59:38.091   586  1972 D msm8916_platform: platform_split_snd_device: snd_device(2) num devices(0) new_snd_devices(0)
07-14 21:59:38.091   586  1972 D audio_hw_primary: enable_snd_device: snd_device(2: speaker)
07-14 21:59:38.091   586  1972 I soundtrigger: audio_extn_sound_trigger_update_device_status: device 0x2 of type 0 for Event 1, with Raise=0
07-14 21:59:38.097   586  1972 D audio_route: Apply path: speaker
07-14 21:59:38.098  2026  2026 D BluetoothController: fireStateChange
07-14 21:59:38.098  3231  3231 I GoogleInputMethodService: GoogleInputMethodService.updateDeviceLockedStatus():2116 checkRepeatedly = false, unlocked = false
07-14 21:59:38.098  2026  2026 D PhoneStatusBarPolicy: updateBluetooth bluetoothEnabled = false bluetoothBattery visible=false
07-14 21:59:38.098  2026  2026 D QSTile.BluetoothTile: onBluetoothStateChange: enabled = false
07-14 21:59:38.098  3231  3231 I GoogleInputMethodService: GoogleInputMethodService.onStartInput():1923 onStartInput(EditorInfo{inputType=0x0(NULL) imeOptions=0x0 privateImeOptions=null actionName=UNSPECIFIED actionLabel=null actionId=0 initialSelStart=-1 initialSelEnd=-1 initialCapsMode=0x0 hintText=null label=null packageName=com.miui.home fieldId=2131361961 fieldName=null extras=null}, false)
07-14 21:59:38.099  3231  3231 I GoogleInputMethodService: GoogleInputMethodService.updateDeviceLockedStatus():2116 checkRepeatedly = true, unlocked = false
07-14 21:59:38.100  2026  2341 D QSTile.BluetoothTile: handleUpdateState: mTargetEnable = falsemController.getBluetoothState() = 10
07-14 21:59:38.102   586  1972 D soundtrigger: audio_extn_sound_trigger_update_stream_status: uc_info->id 1 of type 0 for Event 3, with Raise=0
07-14 21:59:38.102   586  1972 D audio_hw_utils: audio_extn_utils_send_app_type_cfg: usecase->out_snd_device speaker
07-14 21:59:38.102   586  1972 D msm8916_platform: platform_split_snd_device: snd_device(2) num devices(0) new_snd_devices(0)
07-14 21:59:38.106   586  1972 D audio_hw_utils: audio_extn_btsco_get_sample_rate:Not a BT SCO device, need not update sampling rate
07-14 21:59:38.106   586  1972 I audio_hw_utils: send_app_type_cfg_for_device PLAYBACK app_type 69937, acdb_dev_id 14, sample_rate 48000, snd_device_be_idx 43
07-14 21:59:38.106   586  1972 D msm8916_platform: platform_split_snd_device: snd_device(2) num devices(1) new_snd_devices(0)
07-14 21:59:38.106   586  1972 D audio_hw_utils: audio_extn_btsco_get_sample_rate:Not a BT SCO device, need not update sampling rate
07-14 21:59:38.121   586  1972 D ACDB-LOADER: ACDB -> send_audio_cal, acdb_id = 14, path = 0, app id = 0x11131, sample rate = 48000, afe_sample_rate = 48000
07-14 21:59:38.121   586  1972 D ACDB-LOADER: ACDB -> send_asm_topology
07-14 21:59:38.121   586  1972 D ACDB-LOADER: ACDB -> ACDB_CMD_GET_AUDPROC_STREAM_TOPOLOGY_ID
07-14 21:59:38.123  2026  2026 E DeviceLevelUtils: isLowGpuDevice:1
07-14 21:59:38.124   767  2015 D         : readbrightness,out1:594
07-14 21:59:38.124   767  2015 D         : ^@B.
07-14 21:59:38.124   767  2015 D         : readbrightness,out2:594.
07-14 21:59:38.124  3681  4252 W RenderInspector: DequeueBuffer time out on LauncherMinusOneScreen, count=1, avg=23 ms, max=23 ms.
07-14 21:59:38.130  2026  2026 E DeviceLevelUtils: isLowGpuDevice:1
07-14 21:59:38.130  2026  2026 D NavBarTintController:  updateSamplingListener false
07-14 21:59:38.130  2026  2026 E DeviceLevelUtils: isLowGpuDevice:1
07-14 21:59:38.132   586  1972 D ACDB-LOADER: ACDB -> send_adm_topology
07-14 21:59:38.132   586  1972 D ACDB-LOADER: ACDB -> ACDB_CMD_GET_AUDPROC_COMMON_TOPOLOGY_ID
07-14 21:59:38.132   586  1972 D ACDB-LOADER: ACDB -> send_audtable
07-14 21:59:38.132   586  1972 D ACDB-LOADER: ACDB -> ACDB_CMD_GET_AUDPROC_COMMON_TABLE_SIZE
07-14 21:59:38.133   586  1972 D ACDB-LOADER: ACDB -> ACDB_CMD_GET_AUDPROC_COMMON_TABLE
07-14 21:59:38.133   586  1972 D ACDB-LOADER: ACDB -> AUDIO_SET_AUDPROC_CAL cal_type[11] acdb_id[14] app_type[69937]
07-14 21:59:38.133   586  1972 D ACDB-LOADER: ACDB -> send_audvoltable
07-14 21:59:38.133   586  1972 D ACDB-LOADER: ACDB -> ACDB_CMD_GET_AUDPROC_GAIN_DEP_STEP_TABLE_SIZE
07-14 21:59:38.133   586  1972 D ACDB-LOADER: ACDB -> ACDB_CMD_GET_AUDPROC_GAIN_DEP_STEP_TABLE, vol index 0
07-14 21:59:38.133   586  1972 D ACDB-LOADER: ACDB -> AUDIO_SET_VOL_CAL cal type = 12
07-14 21:59:38.133   586  1972 D ACDB-LOADER: ACDB -> ACDB_CMD_GET_AUDPROC_STREAM_TABLE_SIZE
07-14 21:59:38.133   586  1972 D ACDB-LOADER: ACDB -> send_audstrmtable
07-14 21:59:38.133   586  1972 D ACDB-LOADER: ACDB -> ACDB_CMD_GET_AUDPROC_STREAM_TABLE_V2
07-14 21:59:38.133   586  1972 D ACDB-LOADER: ACDB -> audstrm_cal->cal_type.cal_data.cal_size = 16
07-14 21:59:38.133   586  1972 D ACDB-LOADER: ACDB -> send_afe_topology
07-14 21:59:38.133   586  1972 D ACDB-LOADER: ACDB -> ACDB_CMD_GET_AFE_TOPOLOGY_ID
07-14 21:59:38.133   586  1972 D ACDB-LOADER: ACDB -> GET_AFE_TOPOLOGY_ID for adcd_id 14, Topology Id 112fc
07-14 21:59:38.133   586  1972 D ACDB-LOADER: ACDB -> send_afe_cal
07-14 21:59:38.133   586  1972 D ACDB-LOADER: ACDB -> ACDB_CMD_GET_AFE_COMMON_TABLE_SIZE
07-14 21:59:38.133   586  1972 D         : Failed to fetch the lookup information of the device 0000000E 
07-14 21:59:38.133   586  1972 D ACDB-LOADER: Error: ACDB_CMD_GET_AFE_COMMON_TABLE_SIZE Returned = -19
07-14 21:59:38.133   586  1972 D ACDB-LOADER: ACDB -> ACDB_CMD_GET_AFE_COMMON_TABLE
07-14 21:59:38.133   586  1972 D         : Failed to fetch the lookup information of the device 0000000E 
07-14 21:59:38.133   586  1972 D ACDB-LOADER: Error: ACDB AFE returned = -19
07-14 21:59:38.133   586  1972 D ACDB-LOADER: ACDB -> AUDIO_SET_AFE_CAL cal_type[16] acdb_id[14]
07-14 21:59:38.133   586  1972 D ACDB-LOADER: ACDB -> send_hw_delay : acdb_id = 14 path = 0
07-14 21:59:38.133   586  1972 D ACDB-LOADER: ACDB -> ACDB_AVSYNC_INFO: ACDB_CMD_GET_DEVICE_PROPERTY
07-14 21:59:38.133   586  1972 D msm8916_platform: platform_split_snd_device: snd_device(2) num devices(0) new_snd_devices(0)
07-14 21:59:38.133   586  1972 I msm8916_platform: platform_get_custom_mtmx_params: no matching param with id 0 ip_ch 2 op_ch 1 uc_id 1 snd_dev 2
07-14 21:59:38.133   586  1972 D audio_hw_primary: enable_audio_route: apply mixer and update path: low-latency-playback
07-14 21:59:38.133   586  1972 D audio_route: Apply path: low-latency-playback
07-14 21:59:38.135   586  1972 D audio_hw_primary: select_devices: done
07-14 21:59:38.136  2026  2026 E DeviceLevelUtils: isLowGpuDevice:1
07-14 21:59:38.137   586  1972 D msm8916_platform: platform_set_channel_map mixer_ctl_name:Playback Channel Map12
07-14 21:59:38.137   586  1972 D msm8916_platform: platform_set_channel_map: set mapping(1 2 0 0 0 0 0 0) for channel:2
07-14 21:59:38.152  2026  2026 E DeviceLevelUtils: isLowGpuDevice:1
07-14 21:59:38.154   510   510 I Zygote  : Process 25961 exited due to signal 9 (Killed)
07-14 21:59:38.154  1598 10812 I ActivityManager: Process com.google.android.apps.wellbeing (pid 25961) has died: cch+15 CEM 
07-14 21:59:38.157  1598  1690 I libprocessgroup: Successfully killed process cgroup uid 10172 pid 25961 in 0ms
07-14 21:59:38.157   429   429 I hwservicemanager: getTransport: Cannot find entry vendor.qti.hardware.servicetracker@1.0::IServicetracker/default in either framework or device manifest.
07-14 21:59:38.163  1598  1960 I MiuiNetworkPolicy: removeUidState uid = 10172
07-14 21:59:38.170  2026  2026 E DeviceLevelUtils: isLowGpuDevice:1
07-14 21:59:38.186  2026  2026 E DeviceLevelUtils: isLowGpuDevice:1
07-14 21:59:38.190 26954 26954 I Perf    : Connecting to perf service.
07-14 21:59:38.191  1598  1960 I MiuiNetworkPolicy: bandwidth: 6 KB/s, Max bandwidth: 3608 KB/s
07-14 21:59:38.193   586  1972 D audio_hw_primary: start_output_stream: exit
07-14 21:59:38.193   586  1972 D audio_hw_primary: check_and_set_karaok_parameters: is karaok rx device 0, is karaok tx device 0
07-14 21:59:38.193   586  1972 D msm8916_platform: platform_split_snd_device: snd_device(2) num devices(0) new_snd_devices(0)
07-14 21:59:38.193   586  1972 I msm8916_platform: platform_get_custom_mtmx_params: no matching param with id 0 ip_ch 2 op_ch 1 uc_id 1 snd_dev 2
07-14 21:59:38.194  1598  1598 W system_server: Long monitor contention with owner android.bg (1687) at android.content.res.Resources android.app.ResourcesManager.getOrCreateResources(android.os.IBinder, android.content.res.ResourcesKey, java.lang.ClassLoader)(ResourcesManager.java:780) waiters=0 in android.content.res.Resources android.app.ResourcesManager.getOrCreateResources(android.os.IBinder, android.content.res.ResourcesKey, java.lang.ClassLoader) for 199ms
07-14 21:59:38.204  2026  2026 E DeviceLevelUtils: isLowGpuDevice:1
07-14 21:59:38.272  1598  1681 I Timeline: Timeline: Activity_windows_visible id: ActivityRecord{be2ef6 u0 com.miui.home/.launcher.Launcher t1} time:21023980
07-14 21:59:38.253  2026  2026 I chatty  : uid=1000(system) com.android.systemui identical 3 lines
07-14 21:59:38.270  2026  2026 E DeviceLevelUtils: isLowGpuDevice:1
07-14 21:59:38.274  2026  2026 D EventBus: [2026, u0] send(AppTransitionFinishedEvent)
07-14 21:59:38.274  2026  2026 D EventBus: [2026, u0]  -> ForcedResizableInfoActivityController [0xc48ae87, P1] onBusEvent(AppTransitionFinishedEvent)
07-14 21:59:38.274  2026  2026 D EventBus: [2026, u0] onBusEvent(AppTransitionFinishedEvent) duration: 58 microseconds, avg: 322
07-14 21:59:38.275  1598  1681 I Timeline: Timeline: App_transition_stopped time:21023983
07-14 21:59:38.286  2026  2026 E DeviceLevelUtils: isLowGpuDevice:1
07-14 21:59:38.304  2026  2026 I chatty  : uid=1000(system) com.android.systemui identical 1 line
07-14 21:59:38.321  2026  2026 E DeviceLevelUtils: isLowGpuDevice:1
07-14 21:59:38.339  2026  2026 I StatusBar: updateDozing: mDozing:false
07-14 21:59:38.340  2026  2026 I KeyguardViewMediator: setAodShowing: false
07-14 21:59:38.340  2026  2026 E DeviceLevelUtils: isLowGpuDevice:1
07-14 21:59:38.341  2026  2026 E DeviceLevelUtils: isLowGpuDevice:1
07-14 21:59:38.336 26954 26954 W settings:remote: type=1400 audit(0.0:10440): avc: denied { read } for name="u:object_r:vendor_display_prop:s0" dev="tmpfs" ino=12556 scontext=u:r:system_app:s0 tcontext=u:object_r:vendor_display_prop:s0 tclass=file permissive=0
07-14 21:59:38.348 26954 26954 E libc    : Access denied finding property "ro.vendor.display.type"
07-14 21:59:38.348  2229  2229 D Launcher: reset shortcutMenuLayer alpha and scale
07-14 21:59:38.349  2229  2229 E Launcher: changeViewByFsGestureState,  view=ShortcutMenuLayer,  alpha=1.0,  scale=1.0
07-14 21:59:38.353  2026  2026 E DeviceLevelUtils: isLowGpuDevice:1
07-14 21:59:38.358 26981 27050 W SystemConfig: No directory /product_services/etc/sysconfig, skipping
07-14 21:59:38.358 26981 27050 W SystemConfig: No directory /product_services/etc/permissions, skipping
07-14 21:59:38.389 26954 26954 D miuisdk : current sdk level is 24
07-14 21:59:38.389 26954 26954 I miuisdk : initialize without hook
07-14 21:59:38.422  2026  2026 E DeviceLevelUtils: isLowGpuDevice:1
07-14 21:59:38.448  2026  2341 D BrightnessController: BrightnessObserver: stopObserving.
07-14 21:59:38.476 26954 26954 W Linkify.v16: reflect applyLink failed: 
07-14 21:59:38.476 26954 26954 W Linkify.v16: miui.reflect.NoSuchMethodException: Couldn't find method android/text/util/Linkify.applyLink(Ljava/lang/String;IILandroid/text/Spannable;)V
07-14 21:59:38.476 26954 26954 W Linkify.v16: 	at com.miui.internal.os.Native.getMethod(Native Method)
07-14 21:59:38.476 26954 26954 W Linkify.v16: 	at miui.reflect.Method.of(Method.java:35)
07-14 21:59:38.476 26954 26954 W Linkify.v16: 	at com.miui.internal.variable.v16.Android_Text_Util_Linkify_class.<clinit>(Android_Text_Util_Linkify_class.java:70)
07-14 21:59:38.476 26954 26954 W Linkify.v16: 	at java.lang.Class.classForName(Native Method)
07-14 21:59:38.476 26954 26954 W Linkify.v16: 	at java.lang.Class.forName(Class.java:454)
07-14 21:59:38.476 26954 26954 W Linkify.v16: 	at java.lang.Class.forName(Class.java:379)
07-14 21:59:38.476 26954 26954 W Linkify.v16: 	at com.miui.internal.variable.AbsClassFactory.create(AbsClassFactory.java:24)
07-14 21:59:38.476 26954 26954 W Linkify.v16: 	at com.miui.internal.variable.Android_Text_Util_Linkify_class$Factory.<init>(Android_Text_Util_Linkify_class.java:40)
07-14 21:59:38.476 26954 26954 W Linkify.v16: 	at com.miui.internal.variable.Android_Text_Util_Linkify_class$Factory.<init>(Android_Text_Util_Linkify_class.java:26)
07-14 21:59:38.476 26954 26954 W Linkify.v16: 	at com.miui.internal.variable.Android_Text_Util_Linkify_class$Factory$1.createInstance(Android_Text_Util_Linkify_class.java:32)
07-14 21:59:38.476 26954 26954 W Linkify.v16: 	at com.miui.internal.variable.Android_Text_Util_Linkify_class$Factory$1.createInstance(Android_Text_Util_Linkify_class.java:29)
07-14 21:59:38.476 26954 26954 W Linkify.v16: 	at miui.util.SoftReferenceSingleton.get(SoftReferenceSingleton.java:25)
07-14 21:59:38.476 26954 26954 W Linkify.v16: 	at com.miui.internal.variable.Android_Text_Util_Linkify_class$Factory.getInstance(Android_Text_Util_Linkify_class.java:44)
07-14 21:59:38.476 26954 26954 W Linkify.v16: 	at com.miui.internal.initialization.OverrideHelper.doInitialize(OverrideHelper.java:37)
07-14 21:59:38.476 26954 26954 W Linkify.v16: 	at miui.core.SdkManager.initialize(SdkManager.java:99)
07-14 21:59:38.476 26954 26954 W Linkify.v16: 	at java.lang.reflect.Method.invoke(Native Method)
07-14 21:59:38.476 26954 26954 W Linkify.v16: 	at miui.external.Application.initializeSdk(Application.java:4)
07-14 21:59:38.476 26954 26954 W Linkify.v16: 	at miui.external.Application.<init>(Application.java:3)
07-14 21:59:38.476 26954 26954 W Linkify.v16: 	at com.android.settings.Application.<init>(Application.java:1)
07-14 21:59:38.476 26954 26954 W Linkify.v16: 	at java.lang.Class.newInstance(Native Method)
07-14 21:59:38.476 26954 26954 W Linkify.v16: 	at android.app.AppComponentFactory.instantiateApplication(AppComponentFactory.java:76)
07-14 21:59:38.476 26954 26954 W Linkify.v16: 	at androidx.core.app.CoreComponentFactory.instantiateApplication(CoreComponentFactory.java:1)
07-14 21:59:38.476 26954 26954 W Linkify.v16: 	at android.app.Instrumentation.newApplication(Instrumentation.java:1156)
07-14 21:59:38.476 26954 26954 W Linkify.v16: 	at android.app.LoadedApk.makeApplication(LoadedApk.java:1224)
07-14 21:59:38.476 26954 26954 W Linkify.v16: 	at android.app.ActivityThread.handleBindApplication(ActivityThread.java:6553)
07-14 21:59:38.476 26954 26954 W Linkify.v16: 	at android.app.ActivityThread.access$1400(ActivityThread.java:224)
07-14 21:59:38.476 26954 26954 W Linkify.v16: 	at android.app.ActivityThread$H.handleMessage(ActivityThread.java:1887)
07-14 21:59:38.476 26954 26954 W Linkify.v16: 	at android.os.Handler.dispatchMessage(Handler.java:107)
07-14 21:59:38.476 26954 26954 W Linkify.v16: 	at android.os.Looper.loop(Looper.java:223)
07-14 21:59:38.476 26954 26954 W Linkify.v16: 	at android.app.ActivityThread.main(ActivityThread.java:7562)
07-14 21:59:38.476 26954 26954 W Linkify.v16: 	at java.lang.reflect.Method.invoke(Native Method)
07-14 21:59:38.476 26954 26954 W Linkify.v16: 	at com.android.internal.os.RuntimeInit$MethodAndArgsCaller.run(RuntimeInit.java:539)
07-14 21:59:38.476 26954 26954 W Linkify.v16: 	at com.android.internal.os.ZygoteInit.main(ZygoteInit.java:950)
07-14 21:59:38.489 26962 27067 I Finsky  : [4322] qpe.l(18): Finished reading experiment flags from file [0tGUNCGIkbk4o6-fQ335kUYSKwVj4lusnHT-A5Dsy08].
07-14 21:59:38.512  4362  4396 I PowerCenterProvider: call METHOD_GET_BATTERY_INFO
07-14 21:59:38.514  4362  4396 W BatteryHistoryLoadMgr: getHistoryInfo begin
07-14 21:59:38.537  1598  1693 E BatteryExternalStatsWorker: no controller energy info supplied for bluetooth
07-14 21:59:38.566  1598  1693 E KernelCpuSpeedReader: Failed to read cpu-freq: /sys/devices/system/cpu/cpu4/cpufreq/stats/time_in_state: open failed: ENOENT (No such file or directory)
07-14 21:59:38.566  1598  1693 E KernelCpuSpeedReader: Failed to read cpu-freq: /sys/devices/system/cpu/cpu0/cpufreq/stats/time_in_state: open failed: ENOENT (No such file or directory)
07-14 21:59:38.594 26962 27067 I Finsky  : [4322] qpe.l(18): Finished reading experiment flags from file [5TTYdvPceM9sFnjiww88p6cHxLCYRG7Ok5xSxVZwZ2k].
07-14 21:59:38.617 26962 26962 I Finsky  : [2] qpe.l(18): Finished reading experiment flags from file [Se-xCc4LzNyh3UrKMIU2sUf-PUKz4oQEbpKZDMuaFno].
07-14 21:59:38.641   636 16225 E AudioFlinger: open /proc/2026/cmdline error
07-14 21:59:38.642   636 16225 I AudioFlinger: setAppName(), name=[], active=[0]
07-14 21:59:38.642   586  1148 V EffectMiSound: MiSound_command() start, cmdCode=24
07-14 21:59:38.642   586  1148 V EffectMiSound: MiSound_Command EFFECT_CMD_SET_APP_NAME: stream=1, name=-
07-14 21:59:38.643   509  1955 I netd    : trafficSwapActiveStatsMap() <67.54ms>
07-14 21:59:38.647   509  1955 I netd    : tetherGetStats() <2.29ms>
07-14 21:59:38.658 26962 26962 I Finsky  : [2] rsh.<init>(3): Resetting scheduler db
07-14 21:59:38.659 26962 27064 I Finsky  : [4319] flq.P(1): pcsi: PROCESS_START
07-14 21:59:38.662  4362 24056 W BpBinder: Slow Binder: BpBinder transact took 2035ms, interface=android.app.IActivityManager, code=20 oneway=false
07-14 21:59:38.666 26954 27019 I CloudSettingsProvider: uriMatch : 2
07-14 21:59:38.674 26954 26954 I FeatureParser: can't find pine.xml in assets/device_features/,it may be in /system/etc/device_features
07-14 21:59:38.691   429   429 I hwservicemanager: getTransport: Cannot find entry vendor.qti.hardware.iop@2.0::IIop/default in either framework or device manifest.
07-14 21:59:38.691   791   808 E ANDR-IOP: IIop:: Iop HAL Service is not available.
07-14 21:59:38.695 26954 26954 W Looper  : Slow Looper main: Long Msg: seq=2 plan=21:59:37.055  late=7ms wall=1632ms running=0ms h=android.app.ActivityThread$H w=110
07-14 21:59:38.707 26954 27086 E Perf    : Fail to get file list com.android.settings
07-14 21:59:38.708 26954 27086 E Perf    : getFolderSize() : Exception_1 = java.lang.NullPointerException: Attempt to get length of null array
07-14 21:59:38.709 26954 27086 E Perf    : Fail to get file list com.android.settings
07-14 21:59:38.709 26954 27086 E Perf    : getFolderSize() : Exception_1 = java.lang.NullPointerException: Attempt to get length of null array
07-14 21:59:38.721   636   959 D APM_AudioPolicyManager: stopOutput portId 37
07-14 21:59:38.725  4362  4396 W BatteryHistoryLoadMgr: get firstHistoryInfo time: 12578618
07-14 21:59:38.725  4362  4396 D BatteryHistoryLoadMgr: getHistoryInfo end
07-14 21:59:38.727  4362  4396 I PowerUtils: Device name:pine
07-14 21:59:38.727  4362  4396 W PowerUtils: should not use this capacity value 4000
07-14 21:59:38.728  4362  4396 I PowerUtils: Device name:pine
07-14 21:59:38.728  4362  4396 W PowerUtils: should not use this capacity value 4000
07-14 21:59:38.729  4362  4396 I PowerUtils: Device name:pine
07-14 21:59:38.729  4362  4396 W PowerUtils: should not use this capacity value 4000
07-14 21:59:38.732  4362  4396 I PowerUtils: Device name:pine
07-14 21:59:38.732  4362  4396 W PowerUtils: should not use this capacity value 4000
07-14 21:59:38.733   636   959 D APM_AudioPolicyManager: getNewOutputDevices selected devices AUDIO_DEVICE_NONE
07-14 21:59:38.733  4362  4396 I BatteryChargeTimeHelper: Mixed(default) charge time 0.15 53m20s226ms
07-14 21:59:38.734   636   959 D APM::AudioPolicyEngine: XXX -4: getDeviceForStrategyInt() STRATEGY_SONIFICATION_RESPECTFUL :Use STRATEGY_SONIFICATION to getDevice
07-14 21:59:38.734  4362  4396 I PowerUtils: Device name:pine
07-14 21:59:38.734  4362  4396 W PowerUtils: should not use this capacity value 4000
07-14 21:59:38.735  2026 21956 W BpBinder: Slow Binder: BpBinder transact took 224ms, interface=android.content.IContentProvider, code=21 oneway=false
07-14 21:59:38.739 26962 27061 I Finsky  : [4317] xes.c(2): Not a unicorn account
07-14 21:59:38.747 26962 27065 I Finsky  : [4320] pgj.<init>(3): PackageMonitorReceiverImpl - Registering in memory receiver for android.intent.action.PACKAGE_ADDED and android.intent.action.PACKAGE_REMOVED
07-14 21:59:38.750 26962 27090 W android.vendin: Accessing hidden field Ljava/util/Collections$SynchronizedCollection;->mutex:Ljava/lang/Object; (greylist-max-o, reflection, denied)
07-14 21:59:38.751 26962 27080 I Finsky  : [4333] pez.run(30): SysCUA: Set {com.android.vending/com.google.android.finsky.systemcomponentupdateui.common.SystemComponentUpdateActivity} enabled state to 0
07-14 21:59:38.751 26962 27090 W android.vendin: Accessing hidden method Ljava/util/Collections$SynchronizedSet;-><init>(Ljava/util/Set;Ljava/lang/Object;)V (greylist-max-o, reflection, denied)
07-14 21:59:38.751 26962 27090 W android.vendin: Accessing hidden method Ljava/util/Collections$SynchronizedCollection;-><init>(Ljava/util/Collection;Ljava/lang/Object;)V (greylist-max-o, reflection, denied)
07-14 21:59:38.751 26962 27080 I Finsky  : [4333] pa.run(7): Set UnhibernateActivity enabled state to 0
07-14 21:59:38.756 26962 27064 I Finsky  : [4319] hbl.o(2): Subscription detail: N/A
07-14 21:59:38.763  1598  2011 D Ethernet: got request NetworkRequest [ TRACK_DEFAULT id=400, [ Capabilities: INTERNET&NOT_RESTRICTED&TRUSTED Uid: 10160] ] with score 60 and serial -1
07-14 21:59:38.763 26962 27079 I Finsky  : [4332] fvg.run(39): SysUA: Set SystemUpdateActivity enabled state to 1
07-14 21:59:38.763  1598  1964 D WifiNetworkFactory: got request NetworkRequest [ TRACK_DEFAULT id=400, [ Capabilities: INTERNET&NOT_RESTRICTED&TRUSTED Uid: 10160] ] with score 60 and serial -1
07-14 21:59:38.763  2202  2202 D PhoneSwitcherNetworkRequstListener: got request NetworkRequest [ TRACK_DEFAULT id=400, [ Capabilities: INTERNET&NOT_RESTRICTED&TRUSTED Uid: 10160] ] with score 60 and serial -1
07-14 21:59:38.763  1598  1964 D UntrustedWifiNetworkFactory: got request NetworkRequest [ TRACK_DEFAULT id=400, [ Capabilities: INTERNET&NOT_RESTRICTED&TRUSTED Uid: 10160] ] with score 60 and serial -1
07-14 21:59:38.765 26962 27061 W Settings: Setting download_manager_max_bytes_over_mobile has moved from android.provider.Settings.Secure to android.provider.Settings.Global.
07-14 21:59:38.767 26962 27061 I Finsky  : [4317] olp.i(3): SettingNotFoundException, fall through to G.downloadBytesOverMobileMaximum
07-14 21:59:38.767 26962 27061 W Settings: Setting download_manager_recommended_max_bytes_over_mobile has moved from android.provider.Settings.Secure to android.provider.Settings.Global.
07-14 21:59:38.773 26962 27061 I Finsky  : [4317] ador.c(2): registerListener
07-14 21:59:38.781 26962 27061 I Finsky  : [4317] ador.c(2): registerListener
07-14 21:59:38.797 26954 27008 I CloudSettingsProvider: uriMatch : 2
07-14 21:59:38.797 26962 27061 I Finsky  : [4317] ngn.m(6): Enqueuing libraries load for -278740366
07-14 21:59:38.799 26962 27063 I cr_CronetLibraryLoader: Cronet version: 104.0.5108.0, arch: armv7l
07-14 21:59:38.801 26962 27080 I Finsky  : [4333] ngn.o(1): Starting libraries load for -278740366
07-14 21:59:38.808  4362  4362 D GlobalInstallerScanUtil: first google time:1657367191223
07-14 21:59:38.818 26962 27061 I Finsky  : [4317] ykh.<init>(3): Setup app restrictions monitor
07-14 21:59:38.819   429   429 I hwservicemanager: getTransport: Cannot find entry vendor.qti.hardware.servicetracker@1.0::IServicetracker/default in either framework or device manifest.
07-14 21:59:38.825  4362  4362 I GpBinderManager: bindCount : 1
07-14 21:59:38.831 26962 27081 I Finsky  : [4334] rlu.accept(45): SCH: Scheduling phonesky job Id: 1-1337, CT: 1657802336319, Constraints: [{ L: 28807177, D: 72007177, C: 1, I: 1, N: 1 }]
07-14 21:59:38.833   429   429 I hwservicemanager: getTransport: Cannot find entry vendor.qti.hardware.servicetracker@1.0::IServicetracker/default in either framework or device manifest.
07-14 21:59:38.833 26962 27081 I Finsky  : [4334] rlu.accept(45): SCH: Scheduling phonesky job Id: 26-1414141414, CT: 1657802336415, Constraints: [{ L: 43199999, D: 44099999, C: 1, I: 1, N: 0 }]
07-14 21:59:38.845 26962 27081 I Finsky  : [4334] rlu.accept(45): SCH: Scheduling phonesky job Id: 34-12, CT: 1657755738917, Constraints: [{ L: 79199870, D: 1375199870, C: 1, I: 1, N: 1 }]
07-14 21:59:38.846 26962 27061 I Finsky  : [4317] yqe.a(3): Device wide unknown source restriction is changed.
07-14 21:59:38.851   429   429 I hwservicemanager: getTransport: Cannot find entry vendor.qti.hardware.servicetracker@1.0::IServicetracker/default in either framework or device manifest.
07-14 21:59:38.853 26962 27081 I Finsky  : [4334] rlu.accept(45): SCH: Scheduling phonesky job Id: 34-13, CT: 1657755744588, Constraints: [{ L: 604800000, D: 2591999178, C: 2, I: 2, N: 2 }, { L: 604800000, D: 2591999178, C: 1, I: 2, N: 2 }]
07-14 21:59:38.855  3009  3009 D BoundBrokerSvc: onBind: Intent { act=com.google.android.gms.safetynet.service.START pkg=com.google.android.gms }
07-14 21:59:38.855  3009  3009 D BoundBrokerSvc: Loading bound service for intent: Intent { act=com.google.android.gms.safetynet.service.START pkg=com.google.android.gms }
07-14 21:59:38.860  1598  1960 I MiuiNetworkPolicy: updateUidState uid = 10107, uidState = 20
07-14 21:59:38.860   510   510 D Zygote  : Forked child process 27113
07-14 21:59:38.867   429   429 I hwservicemanager: getTransport: Cannot find entry vendor.qti.hardware.servicetracker@1.0::IServicetracker/default in either framework or device manifest.
07-14 21:59:38.872   509  1955 D OemNetd : setPidForPackage: packageName=com.miui.guardprovider, pid=27113, pid=10107
07-14 21:59:38.873  1598  1689 I ActivityManager: Start proc 27113:com.miui.guardprovider/u0a107 for service {com.miui.guardprovider/com.miui.guardprovider.manager.SecurityService} caller=com.miui.securitycenter
07-14 21:59:38.878 27113 27113 E i.guardprovide: Unknown bits set in runtime_flags: 0x20000
07-14 21:59:38.887 27113 27113 E i.guardprovide: Not starting debugger since process cannot load the jdwp agent.
07-14 21:59:38.901 26962 27093 I PlayCommon: [4342] admv.j(22): Preparing logs for uploading
07-14 21:59:38.915 26962 27067 I Finsky  : [4322] vbm.<init>(4): Item store provider started.
07-14 21:59:38.928 26962 27080 I Finsky  : [4333] ngn.o(20): Loaded library for account: [4e_oiMHB2Wtv8Ogpcy0le9wFb6ziYccjOJbkKyuIJT8]
07-14 21:59:38.928 26962 27080 I Finsky  : [4333] ngn.o(24): Finished loading 1 libraries.
07-14 21:59:38.933 26962 27093 I PlayCommon: [4342] admv.j(131): Connecting to server for timestamp: https://play.googleapis.com/play/log/timestamp
07-14 21:59:38.980  2229  2229 D EventBus: No subscribers registered for event class com.miui.home.launcher.common.messages.EndSpringAnimatorMessage
07-14 21:59:38.980  2229  2229 D EventBus: No subscribers registered for event class org.greenrobot.eventbus.NoSubscriberEvent
07-14 21:59:38.997  2229  2229 D FeedSwipeController: touchState : 0 scrolling : false normalEditing : false WidgetThumbnailViewShowing : false UninstallDialogShowing : false isMinusScreenShowing: false
07-14 21:59:38.997  2229  2229 D FeedSwipeController: can not use
07-14 21:59:38.997  2229  2229 D Launcher.StatusBarController: try intercept touch, isProxySurvive=true
07-14 21:59:38.998  2229  2229 D Launcher.Workspace: Workspace touch down
07-14 21:59:39.016  1598  1634 D CompatibilityInfo: mCompatibilityFlags - 0
07-14 21:59:39.016  1598  1634 D CompatibilityInfo: applicationDensity - 320
07-14 21:59:39.017  1598  1634 D CompatibilityInfo: applicationScale - 1.0
07-14 21:59:39.020  1598  1634 D CompatibilityInfo: mCompatibilityFlags - 0
07-14 21:59:39.020  2229  2229 D ScreenView_Workspace: onIntercept:0.0
07-14 21:59:39.020  1598  1634 D CompatibilityInfo: applicationDensity - 320
07-14 21:59:39.020  2229  2229 D ScreenView_Workspace: not intercept
07-14 21:59:39.020  1598  1634 D CompatibilityInfo: applicationScale - 1.0
07-14 21:59:39.021  2229  2229 D Launcher.CellLayout: touch item:ShortcutInfo, id=62, itemType=0, user=UserHandle{0}, mIconType=0, pkgName=com.skype.raider, className=com.skype.raider.Main, screenId=2, container=-100, cellX=0, cellY=2, spanX=1, spanY=1, isLandscapePos=false
07-14 21:59:39.021  2229  2229 D Launcher.itemIcon: folmeDown
07-14 21:59:39.021   429   429 I hwservicemanager: getTransport: Cannot find entry vendor.qti.hardware.servicetracker@1.0::IServicetracker/default in either framework or device manifest.
07-14 21:59:39.022  1598  1634 I qspmsvc-client: inside perf_hint_qspm
07-14 21:59:39.030  2229  2229 D Launcher.Workspace: Workspace touch up or cancel
07-14 21:59:39.030  2229  2229 D ScreenView_Workspace: oninterceput up
07-14 21:59:39.030  2229  2529 I RenderThread: RenderThread resumed
07-14 21:59:39.030  2229  2529 I RenderThread: All controllers paused.
07-14 21:59:39.030  2229  2529 I RenderThread: RenderThread paused, waiting for signal
07-14 21:59:39.039  2229  2229 D Launcher.itemIcon: folmeUp
07-14 21:59:39.044  2229  2229 I Timeline: Timeline: Activity_launch_request time:21024752
