--------- beginning of main
07-14 21:59:25.963  1598  1960 I MiuiNetworkPolicy: updateUidState uid = 10088, uidState = 20
07-14 21:59:26.006   429   429 I hwservicemanager: getTransport: Cannot find entry vendor.qti.hardware.servicetracker@1.0::IServicetracker/default in either framework or device manifest.
07-14 21:59:26.014   429   429 I hwservicemanager: getTransport: Cannot find entry vendor.qti.hardware.servicetracker@1.0::IServicetracker/default in either framework or device manifest.
07-14 21:59:26.020  1598  1991 D CompatibilityInfo: mCompatibilityFlags - 0
07-14 21:59:26.020  1598  1991 D CompatibilityInfo: applicationDensity - 320
07-14 21:59:26.020  1598  1991 D CompatibilityInfo: applicationScale - 1.0
07-14 21:59:26.021   429   429 I hwservicemanager: getTransport: Cannot find entry vendor.qti.hardware.servicetracker@1.0::IServicetracker/default in either framework or device manifest.
07-14 21:59:26.027  1598  1960 I MiuiNetworkPolicy: updateUidState uid = 10186, uidState = 20
07-14 21:59:26.028   429   429 I hwservicemanager: getTransport: Cannot find entry vendor.qti.hardware.servicetracker@1.0::IServicetracker/default in either framework or device manifest.
07-14 21:59:26.033   510   510 D Zygote  : Forked child process 26623
07-14 21:59:26.034   429   429 I hwservicemanager: getTransport: Cannot find entry vendor.qti.hardware.servicetracker@1.0::IServicetracker/default in either framework or device manifest.
07-14 21:59:26.036   509  1955 D OemNetd : setPidForPackage: packageName=com.google.android.youtube, pid=26623, pid=10186
--------- beginning of system
07-14 21:59:26.037  1598  1689 I ActivityManager: Start proc 26623:com.google.android.youtube/u0a186 for service {com.google.android.youtube/androidx.work.impl.background.systemjob.SystemJobService} caller=android
07-14 21:59:26.044 25064 25064 I BgTaskExecutorImpl: (REDACTED) Starting %s background task %s.
07-14 21:59:26.046 25064 25064 I BgTaskExecutorImpl: (REDACTED) Starting %s background task %s.
07-14 21:59:26.051 26623 26623 E android.youtub: Unknown bits set in runtime_flags: 0x20000
07-14 21:59:26.061 26623 26623 E android.youtub: Not starting debugger since process cannot load the jdwp agent.
07-14 21:59:26.080  1598  3628 D CompatibilityInfo: mCompatibilityFlags - 0
07-14 21:59:26.080  1598  3628 D CompatibilityInfo: applicationDensity - 320
07-14 21:59:26.080  1598  3628 D CompatibilityInfo: applicationScale - 1.0
07-14 21:59:26.086  1598  3628 D CompatibilityInfo: mCompatibilityFlags - 0
07-14 21:59:26.086  1598  3628 D CompatibilityInfo: applicationDensity - 320
07-14 21:59:26.086  1598  3628 D CompatibilityInfo: applicationScale - 1.0
07-14 21:59:26.087   429   429 I hwservicemanager: getTransport: Cannot find entry vendor.qti.hardware.servicetracker@1.0::IServicetracker/default in either framework or device manifest.
07-14 21:59:26.088  1598  3628 I qspmsvc-client: inside perf_hint_qspm
07-14 21:59:26.089  1598  1960 I MiuiNetworkPolicy: updateUidState uid = 10186, uidState = 9
07-14 21:59:26.113   767  2015 D         : readbrightness,out1:0
07-14 21:59:26.113   767  2015 D         : .
07-14 21:59:26.113   767  2015 D         : readbrightness,out2:0.
07-14 21:59:26.124   429   429 I hwservicemanager: getTransport: Cannot find entry vendor.qti.hardware.servicetracker@1.0::IServicetracker/default in either framework or device manifest.
07-14 21:59:26.129 25064 25064 I BgTaskExecutorImpl: (REDACTED) Starting %s background task %s.
07-14 21:59:26.143   429   429 I hwservicemanager: getTransport: Cannot find entry vendor.qti.hardware.servicetracker@1.0::IServicetracker/default in either framework or device manifest.
07-14 21:59:26.151 25064 25064 I BgTaskExecutorImpl: (REDACTED) Starting %s background task %s.
07-14 21:59:26.184  1598  1960 I MiuiNetworkPolicy: bandwidth: 2 KB/s, Max bandwidth: 3608 KB/s
07-14 21:59:26.199 25064 25565 W SearchServiceCore: Abort, client detached.
07-14 21:59:26.199 25064 25565 I chatty  : uid=10174(com.google.android.googlequicksearchbox) EventBus0 identical 1 line
07-14 21:59:26.199 25064 25565 W SearchServiceCore: Abort, client detached.
07-14 21:59:26.255   429   429 I hwservicemanager: getTransport: Cannot find entry vendor.qti.hardware.servicetracker@1.0::IServicetracker/default in either framework or device manifest.
07-14 21:59:26.263   429   429 I hwservicemanager: getTransport: Cannot find entry vendor.qti.hardware.servicetracker@1.0::IServicetracker/default in either framework or device manifest.
07-14 21:59:26.283 25064 25064 I BgTaskExecutorImpl: (REDACTED) Starting %s background task %s.
07-14 21:59:26.298 25064 25512 D StrictMode: StrictMode policy violation: android.os.strictmode.DiskReadViolation
07-14 21:59:26.298 25064 25512 D StrictMode: 	at android.os.StrictMode$AndroidBlockGuardPolicy.onReadFromDisk(StrictMode.java:1562)
07-14 21:59:26.298 25064 25512 D StrictMode: 	at libcore.io.BlockGuardOs.access(BlockGuardOs.java:69)
07-14 21:59:26.298 25064 25512 D StrictMode: 	at libcore.io.ForwardingOs.access(ForwardingOs.java:73)
07-14 21:59:26.298 25064 25512 D StrictMode: 	at android.app.ActivityThread$AndroidOs.access(ActivityThread.java:7452)
07-14 21:59:26.298 25064 25512 D StrictMode: 	at java.io.UnixFileSystem.checkAccess(UnixFileSystem.java:281)
07-14 21:59:26.298 25064 25512 D StrictMode: 	at java.io.File.exists(File.java:815)
07-14 21:59:26.298 25064 25512 D StrictMode: 	at android.app.ContextImpl.getDataDir(ContextImpl.java:2352)
07-14 21:59:26.298 25064 25512 D StrictMode: 	at android.app.ContextImpl.getDir(ContextImpl.java:2371)
07-14 21:59:26.298 25064 25512 D StrictMode: 	at android.content.ContextWrapper.getDir(ContextWrapper.java:308)
07-14 21:59:26.298 25064 25512 D StrictMode: 	at com.google.android.apps.gsa.staticplugins.ea.a.d.a(PG:2)
07-14 21:59:26.298 25064 25512 D StrictMode: 	at com.google.android.apps.gsa.binaries.velvet.app.aog.j(Unknown Source:3847)
07-14 21:59:26.298 25064 25512 D StrictMode: 	at com.google.android.apps.gsa.binaries.velvet.app.aog.b(PG:43)
07-14 21:59:26.298 25064 25512 D StrictMode: 	at dagger.a.e.b(PG:1)
07-14 21:59:26.298 25064 25512 D StrictMode: 	at com.google.android.apps.gsa.binaries.velvet.app.or.en(Unknown Source:6)
07-14 21:59:26.298 25064 25512 D StrictMode: 	at com.google.android.apps.gsa.binaries.velvet.app.oq.j(Unknown Source:4016)
07-14 21:59:26.298 25064 25512 D StrictMode: 	at com.google.android.apps.gsa.binaries.velvet.app.oq.b(PG:2)
07-14 21:59:26.298 25064 25512 D StrictMode: 	at com.google.android.apps.gsa.search.core.service.g.a.c.a(PG:2)
07-14 21:59:26.298 25064 25512 D StrictMode: 	at com.google.android.libraries.gsa.k.a.f.a(PG:2)
07-14 21:59:26.298 25064 25512 D StrictMode: 	at com.google.common.util.concurrent.dz.a(PG:1)
07-14 21:59:26.298 25064 25512 D StrictMode: 	at com.google.common.util.concurrent.cw.run(PG:4)
07-14 21:59:26.298 25064 25512 D StrictMode: 	at com.google.common.util.concurrent.eb.run(PG:1)
07-14 21:59:26.298 25064 25512 D StrictMode: 	at com.google.android.libraries.i.af.run(PG:1)
07-14 21:59:26.298 25064 25512 D StrictMode: 	at com.google.android.libraries.i.an.run(PG:23)
07-14 21:59:26.298 25064 25512 D StrictMode: 	at com.google.android.libraries.i.l.run(PG:2)
07-14 21:59:26.298 25064 25512 D StrictMode: 	at com.google.android.libraries.i.q.run(PG:4)
07-14 21:59:26.298 25064 25512 D StrictMode: 	at java.lang.Thread.run(Thread.java:919)
07-14 21:59:26.299 25064 25512 D StrictMode: StrictMode policy violation: android.os.strictmode.DiskReadViolation
07-14 21:59:26.299 25064 25512 D StrictMode: 	at android.os.StrictMode$AndroidBlockGuardPolicy.onReadFromDisk(StrictMode.java:1562)
07-14 21:59:26.299 25064 25512 D StrictMode: 	at libcore.io.BlockGuardOs.access(BlockGuardOs.java:69)
07-14 21:59:26.299 25064 25512 D StrictMode: 	at libcore.io.ForwardingOs.access(ForwardingOs.java:73)
07-14 21:59:26.299 25064 25512 D StrictMode: 	at android.app.ActivityThread$AndroidOs.access(ActivityThread.java:7452)
07-14 21:59:26.299 25064 25512 D StrictMode: 	at java.io.UnixFileSystem.checkAccess(UnixFileSystem.java:281)
07-14 21:59:26.299 25064 25512 D StrictMode: 	at java.io.File.exists(File.java:815)
07-14 21:59:26.299 25064 25512 D StrictMode: 	at android.app.ContextImpl.getDir(ContextImpl.java:2372)
07-14 21:59:26.299 25064 25512 D StrictMode: 	at android.content.ContextWrapper.getDir(ContextWrapper.java:308)
07-14 21:59:26.299 25064 25512 D StrictMode: 	at com.google.android.apps.gsa.staticplugins.ea.a.d.a(PG:2)
07-14 21:59:26.299 25064 25512 D StrictMode: 	at com.google.android.apps.gsa.binaries.velvet.app.aog.j(Unknown Source:3847)
07-14 21:59:26.299 25064 25512 D StrictMode: 	at com.google.android.apps.gsa.binaries.velvet.app.aog.b(PG:43)
07-14 21:59:26.299 25064 25512 D StrictMode: 	at dagger.a.e.b(PG:1)
07-14 21:59:26.299 25064 25512 D StrictMode: 	at com.google.android.apps.gsa.binaries.velvet.app.or.en(Unknown Source:6)
07-14 21:59:26.299 25064 25512 D StrictMode: 	at com.google.android.apps.gsa.binaries.velvet.app.oq.j(Unknown Source:4016)
07-14 21:59:26.299 25064 25512 D StrictMode: 	at com.google.android.apps.gsa.binaries.velvet.app.oq.b(PG:2)
07-14 21:59:26.299 25064 25512 D StrictMode: 	at com.google.android.apps.gsa.search.core.service.g.a.c.a(PG:2)
07-14 21:59:26.299 25064 25512 D StrictMode: 	at com.google.android.libraries.gsa.k.a.f.a(PG:2)
07-14 21:59:26.299 25064 25512 D StrictMode: 	at com.google.common.util.concurrent.dz.a(PG:1)
07-14 21:59:26.299 25064 25512 D StrictMode: 	at com.google.common.util.concurrent.cw.run(PG:4)
07-14 21:59:26.299 25064 25512 D StrictMode: 	at com.google.common.util.concurrent.eb.run(PG:1)
07-14 21:59:26.299 25064 25512 D StrictMode: 	at com.google.android.libraries.i.af.run(PG:1)
07-14 21:59:26.299 25064 25512 D StrictMode: 	at com.google.android.libraries.i.an.run(PG:23)
07-14 21:59:26.299 25064 25512 D StrictMode: 	at com.google.android.libraries.i.l.run(PG:2)
07-14 21:59:26.299 25064 25512 D StrictMode: 	at com.google.android.libraries.i.q.run(PG:4)
07-14 21:59:26.299 25064 25512 D StrictMode: 	at java.lang.Thread.run(Thread.java:919)
07-14 21:59:26.335   429   429 I hwservicemanager: getTransport: Cannot find entry vendor.qti.hardware.servicetracker@1.0::IServicetracker/default in either framework or device manifest.
07-14 21:59:26.350 25064 25565 I A       : getLocaleToModelSpecsMap
07-14 21:59:26.350 25064 25565 I A       : Using proto config with mendel
07-14 21:59:26.355 25064 25565 I A       : getLocaleToModelSpecsMap
07-14 21:59:26.355 25064 25565 I A       : Using proto config with mendel
07-14 21:59:26.355 25064 25565 I A       : (REDACTED) Skipping. Expected model: %s Found: %s
07-14 21:59:26.355 25064 25565 I chatty  : uid=10174(com.google.android.googlequicksearchbox) EventBus0 identical 1 line
07-14 21:59:26.355 25064 25565 I A       : (REDACTED) Skipping. Expected model: %s Found: %s
07-14 21:59:26.355 25064 25565 I A       : (REDACTED) Adding from config to map. Locale: %s modelPrefix: %s Location:%s isSpeakerIdSupported: %b
07-14 21:59:26.356 25064 25565 I A       : (REDACTED) Skipping. Expected model: %s Found: %s
07-14 21:59:26.367 25064 25565 I A       : getLocaleToModelSpecsMap
07-14 21:59:26.367 25064 25565 I A       : Using proto config with mendel
07-14 21:59:26.367 25064 25565 I A       : getLocaleToModelSpecsMap
07-14 21:59:26.367 25064 25565 I A       : Using proto config with mendel
07-14 21:59:26.367 25064 25565 I A       : (REDACTED) Skipping. Expected model: %s Found: %s
07-14 21:59:26.368 25064 25565 I chatty  : uid=10174(com.google.android.googlequicksearchbox) EventBus0 identical 1 line
07-14 21:59:26.368 25064 25565 I A       : (REDACTED) Skipping. Expected model: %s Found: %s
07-14 21:59:26.368 25064 25565 I A       : (REDACTED) Adding from config to map. Locale: %s modelPrefix: %s Location:%s isSpeakerIdSupported: %b
07-14 21:59:26.368 25064 25565 I A       : (REDACTED) Skipping. Expected model: %s Found: %s
07-14 21:59:26.369  4939  5904 W PowerKeeper-ReflectionUtils: failed to callStaticMethod class com.miui.whetstone.WhetstoneActivityManager.enableMiuiStandby
07-14 21:59:26.369  4939  5904 W PowerKeeper-ReflectionUtils: java.lang.NoSuchMethodException: com.miui.whetstone.WhetstoneActivityManager.enableMiuiStandby [boolean]
07-14 21:59:26.369  4939  5904 W PowerKeeper-ReflectionUtils: 	at java.lang.Class.getMethod(Class.java:2072)
07-14 21:59:26.369  4939  5904 W PowerKeeper-ReflectionUtils: 	at java.lang.Class.getMethod(Class.java:1693)
07-14 21:59:26.369  4939  5904 W PowerKeeper-ReflectionUtils: 	at com.miui.powerkeeper.utils.ReflectionUtils.callStaticMethod(Unknown Source:5)
07-14 21:59:26.369  4939  5904 W PowerKeeper-ReflectionUtils: 	at com.miui.powerkeeper.utils.NetdExecutor$1.run(Unknown Source:18)
07-14 21:59:26.369  4939  5904 W PowerKeeper-ReflectionUtils: 	at java.util.concurrent.ThreadPoolExecutor.runWorker(ThreadPoolExecutor.java:1167)
07-14 21:59:26.369  4939  5904 W PowerKeeper-ReflectionUtils: 	at java.util.concurrent.ThreadPoolExecutor$Worker.run(ThreadPoolExecutor.java:641)
07-14 21:59:26.369  4939  5904 W PowerKeeper-ReflectionUtils: 	at java.lang.Thread.run(Thread.java:919)
07-14 21:59:26.369 25064 25565 I A       : getLocaleToModelSpecsMap
07-14 21:59:26.369 25064 25565 I A       : Using proto config with mendel
07-14 21:59:26.369 25064 25565 I A       : getLocaleToModelSpecsMap
07-14 21:59:26.369 25064 25565 I A       : Using proto config with mendel
07-14 21:59:26.369 25064 25565 I A       : (REDACTED) Skipping. Expected model: %s Found: %s
07-14 21:59:26.369 25064 25565 I chatty  : uid=10174(com.google.android.googlequicksearchbox) EventBus0 identical 1 line
07-14 21:59:26.370 25064 25565 I A       : (REDACTED) Skipping. Expected model: %s Found: %s
07-14 21:59:26.370 25064 25565 I A       : (REDACTED) Adding from config to map. Locale: %s modelPrefix: %s Location:%s isSpeakerIdSupported: %b
07-14 21:59:26.370 25064 25565 I A       : (REDACTED) Skipping. Expected model: %s Found: %s
07-14 21:59:26.371 25064 25565 I A       : getLocaleToModelSpecsMap
07-14 21:59:26.371 25064 25565 I A       : Using proto config with mendel
07-14 21:59:26.371 25064 25565 I A       : getLocaleToModelSpecsMap
07-14 21:59:26.371 25064 25565 I A       : Using proto config with mendel
07-14 21:59:26.371 25064 25565 I A       : (REDACTED) Skipping. Expected model: %s Found: %s
07-14 21:59:26.371 25064 25565 I chatty  : uid=10174(com.google.android.googlequicksearchbox) EventBus0 identical 1 line
07-14 21:59:26.371 25064 25565 I A       : (REDACTED) Skipping. Expected model: %s Found: %s
07-14 21:59:26.371 25064 25565 I A       : (REDACTED) Adding from config to map. Locale: %s modelPrefix: %s Location:%s isSpeakerIdSupported: %b
07-14 21:59:26.372 25064 25565 I A       : (REDACTED) Skipping. Expected model: %s Found: %s
07-14 21:59:26.398 25064 25565 I A       : getLocaleToModelSpecsMap
07-14 21:59:26.398 25064 25565 I A       : Using proto config with mendel
07-14 21:59:26.399 25064 25565 I A       : getLocaleToModelSpecsMap
07-14 21:59:26.399 25064 25565 I A       : Using proto config with mendel
07-14 21:59:26.399 25064 25565 I A       : (REDACTED) Skipping. Expected model: %s Found: %s
07-14 21:59:26.399 25064 25565 I chatty  : uid=10174(com.google.android.googlequicksearchbox) EventBus0 identical 1 line
07-14 21:59:26.399 25064 25565 I A       : (REDACTED) Skipping. Expected model: %s Found: %s
07-14 21:59:26.399 25064 25565 I A       : (REDACTED) Adding from config to map. Locale: %s modelPrefix: %s Location:%s isSpeakerIdSupported: %b
07-14 21:59:26.399 25064 25565 I A       : (REDACTED) Skipping. Expected model: %s Found: %s
07-14 21:59:26.404 25064 25565 I A       : getLocaleToModelSpecsMap
07-14 21:59:26.404 25064 25565 I A       : Using proto config with mendel
07-14 21:59:26.404 25064 25565 I A       : getLocaleToModelSpecsMap
07-14 21:59:26.404 25064 25565 I A       : Using proto config with mendel
07-14 21:59:26.404 25064 25565 I A       : (REDACTED) Skipping. Expected model: %s Found: %s
07-14 21:59:26.404 25064 25565 I chatty  : uid=10174(com.google.android.googlequicksearchbox) EventBus0 identical 1 line
07-14 21:59:26.404 25064 25565 I A       : (REDACTED) Skipping. Expected model: %s Found: %s
07-14 21:59:26.404 25064 25565 I A       : (REDACTED) Adding from config to map. Locale: %s modelPrefix: %s Location:%s isSpeakerIdSupported: %b
07-14 21:59:26.404 25064 25565 I A       : (REDACTED) Skipping. Expected model: %s Found: %s
07-14 21:59:26.406 25064 25565 I A       : getLocaleToModelSpecsMap
07-14 21:59:26.406 25064 25565 I A       : Using proto config with mendel
07-14 21:59:26.406 25064 25565 I A       : getLocaleToModelSpecsMap
07-14 21:59:26.406 25064 25565 I A       : Using proto config with mendel
07-14 21:59:26.406 25064 25565 I A       : (REDACTED) Skipping. Expected model: %s Found: %s
07-14 21:59:26.406 25064 25565 I chatty  : uid=10174(com.google.android.googlequicksearchbox) EventBus0 identical 1 line
07-14 21:59:26.406 25064 25565 I A       : (REDACTED) Skipping. Expected model: %s Found: %s
07-14 21:59:26.406 25064 25565 I A       : (REDACTED) Adding from config to map. Locale: %s modelPrefix: %s Location:%s isSpeakerIdSupported: %b
07-14 21:59:26.406 25064 25565 I A       : (REDACTED) Skipping. Expected model: %s Found: %s
07-14 21:59:26.407 25064 25565 I A       : getLocaleToModelSpecsMap
07-14 21:59:26.408 25064 25565 I A       : Using proto config with mendel
07-14 21:59:26.408 25064 25565 I A       : getLocaleToModelSpecsMap
07-14 21:59:26.408 25064 25565 I A       : Using proto config with mendel
07-14 21:59:26.408 25064 25565 I A       : (REDACTED) Skipping. Expected model: %s Found: %s
07-14 21:59:26.408 25064 25565 I chatty  : uid=10174(com.google.android.googlequicksearchbox) EventBus0 identical 1 line
07-14 21:59:26.408 25064 25565 I A       : (REDACTED) Skipping. Expected model: %s Found: %s
07-14 21:59:26.408 25064 25565 I A       : (REDACTED) Adding from config to map. Locale: %s modelPrefix: %s Location:%s isSpeakerIdSupported: %b
07-14 21:59:26.409 25064 25565 I A       : (REDACTED) Skipping. Expected model: %s Found: %s
07-14 21:59:26.410   429   429 I hwservicemanager: getTransport: Cannot find entry vendor.qti.hardware.servicetracker@1.0::IServicetracker/default in either framework or device manifest.
07-14 21:59:26.411 25064 25565 W SearchServiceCore: Abort, client detached.
07-14 21:59:26.434 25064 25565 I chatty  : uid=10174(com.google.android.googlequicksearchbox) EventBus0 identical 4 lines
07-14 21:59:26.434 25064 25565 W SearchServiceCore: Abort, client detached.
07-14 21:59:26.443   429   429 I hwservicemanager: getTransport: Cannot find entry vendor.qti.hardware.servicetracker@1.0::IServicetracker/default in either framework or device manifest.
07-14 21:59:26.487   429   429 I chatty  : uid=1000(system) hwservicemanage identical 2 lines
07-14 21:59:26.508   429   429 I hwservicemanager: getTransport: Cannot find entry vendor.qti.hardware.servicetracker@1.0::IServicetracker/default in either framework or device manifest.
07-14 21:59:26.528 25064 25064 I BgTaskExecutorImpl: (REDACTED) Starting %s background task %s.
07-14 21:59:26.547   429   429 I hwservicemanager: getTransport: Cannot find entry vendor.qti.hardware.servicetracker@1.0::IServicetracker/default in either framework or device manifest.
07-14 21:59:26.575 25064 25064 I BgTaskExecutorImpl: (REDACTED) Starting %s background task %s.
07-14 21:59:26.589 25064 25064 I BgTaskExecutorImpl: (REDACTED) Starting %s background task %s.
07-14 21:59:26.605 25064 25565 W SearchServiceCore: Abort, client detached.
07-14 21:59:26.605 25064 25565 I chatty  : uid=10174(com.google.android.googlequicksearchbox) EventBus0 identical 1 line
07-14 21:59:26.605 25064 25565 W SearchServiceCore: Abort, client detached.
07-14 21:59:26.618   429   429 I hwservicemanager: getTransport: Cannot find entry vendor.qti.hardware.servicetracker@1.0::IServicetracker/default in either framework or device manifest.
07-14 21:59:26.622  1598  1960 I MiuiNetworkPolicy: updateUidState uid = 10054, uidState = 20
07-14 21:59:26.630   510   510 D Zygote  : Forked child process 26646
07-14 21:59:26.633   509  1955 D OemNetd : setPidForPackage: packageName=com.android.providers.contacts, pid=26646, pid=10054
07-14 21:59:26.634  1598  1689 I ActivityManager: Start proc 26646:android.process.acore/u0a54 for content provider {com.android.providers.contacts/com.android.providers.contacts.ContactsProvider2} caller=com.google.android.googlequicksearchbox
07-14 21:59:26.642   429   429 I hwservicemanager: getTransport: Cannot find entry vendor.qti.hardware.servicetracker@1.0::IServicetracker/default in either framework or device manifest.
07-14 21:59:26.649 26646 26646 E d.process.acor: Unknown bits set in runtime_flags: 0x20000
07-14 21:59:26.655 26646 26646 E d.process.acor: Not starting debugger since process cannot load the jdwp agent.
07-14 21:59:26.680 25064 25064 I BgTaskExecutorImpl: (REDACTED) Starting %s background task %s.
07-14 21:59:26.685  1598 10961 D CompatibilityInfo: mCompatibilityFlags - 0
07-14 21:59:26.685  1598 10961 D CompatibilityInfo: applicationDensity - 320
07-14 21:59:26.685  1598 10961 D CompatibilityInfo: applicationScale - 1.0
07-14 21:59:26.690  1598 10961 I qspmsvc-client: inside perf_hint_qspm
07-14 21:59:26.692  1598  1960 I MiuiNetworkPolicy: updateUidState uid = 10054, uidState = 9
07-14 21:59:26.709 25064 25565 W SearchServiceCore: Abort, client detached.
07-14 21:59:26.709 25064 25565 I chatty  : uid=10174(com.google.android.googlequicksearchbox) EventBus0 identical 1 line
07-14 21:59:26.709 25064 25565 W SearchServiceCore: Abort, client detached.
07-14 21:59:26.711   429   429 I hwservicemanager: getTransport: Cannot find entry vendor.qti.hardware.servicetracker@1.0::IServicetracker/default in either framework or device manifest.
07-14 21:59:26.732   429   429 I hwservicemanager: getTransport: Cannot find entry vendor.qti.hardware.servicetracker@1.0::IServicetracker/default in either framework or device manifest.
07-14 21:59:26.777 25064 25064 I BgTaskExecutorImpl: (REDACTED) Starting %s background task %s.
07-14 21:59:26.795 25064 26645 I ActivityThread: com.android.contacts acquiringCount 2
07-14 21:59:26.799 26646 26646 I Perf    : Connecting to perf service.
07-14 21:59:26.818 26646 26646 W ResourceType: CREATING STRING CACHE OF 12 bytes
07-14 21:59:26.835 25064 25087 W System  : A resource failed to call close. 
07-14 21:59:26.838 25064 25087 E DataBuffer: Internal data leak within a DataBuffer object detected!  Be sure to explicitly call release() on all DataBuffer extending objects when you are done with them. (internal object: com.google.android.gms.common.data.DataHolder@cc7e732)
07-14 21:59:26.847 26646 26646 E libc    : Access denied finding property "ro.vendor.display.type"
07-14 21:59:26.836 26646 26646 W d.process.acore: type=1400 audit(0.0:10437): avc: denied { read } for name="u:object_r:vendor_display_prop:s0" dev="tmpfs" ino=12556 scontext=u:r:priv_app:s0:c512,c768 tcontext=u:object_r:vendor_display_prop:s0 tclass=file permissive=0
07-14 21:59:26.848   429   429 I hwservicemanager: getTransport: Cannot find entry vendor.qti.hardware.servicetracker@1.0::IServicetracker/default in either framework or device manifest.
07-14 21:59:26.853  1598 10961 D CompatibilityInfo: mCompatibilityFlags - 0
07-14 21:59:26.853  1598 10961 D CompatibilityInfo: applicationDensity - 320
07-14 21:59:26.853  1598 10961 D CompatibilityInfo: applicationScale - 1.0
07-14 21:59:26.854   429   429 I hwservicemanager: getTransport: Cannot find entry vendor.qti.hardware.servicetracker@1.0::IServicetracker/default in either framework or device manifest.
07-14 21:59:26.856 26646 26646 D miuisdk : current sdk level is 24
07-14 21:59:26.856 26646 26646 I miuisdk : initialize without hook
07-14 21:59:26.877   429   429 I hwservicemanager: getTransport: Cannot find entry vendor.qti.hardware.servicetracker@1.0::IServicetracker/default in either framework or device manifest.
07-14 21:59:26.879   429   429 I hwservicemanager: getTransport: Cannot find entry vendor.qti.hardware.servicetracker@1.0::IServicetracker/default in either framework or device manifest.
07-14 21:59:26.892 25064 25565 W SearchServiceCore: Abort, client detached.
07-14 21:59:26.892 25064 25565 I chatty  : uid=10174(com.google.android.googlequicksearchbox) EventBus0 identical 1 line
07-14 21:59:26.892 25064 25565 W SearchServiceCore: Abort, client detached.
07-14 21:59:26.893 26646 26646 W Linkify.v16: reflect applyLink failed: 
07-14 21:59:26.893 26646 26646 W Linkify.v16: miui.reflect.NoSuchMethodException: Couldn't find method android/text/util/Linkify.applyLink(Ljava/lang/String;IILandroid/text/Spannable;)V
07-14 21:59:26.893 26646 26646 W Linkify.v16: 	at com.miui.internal.os.Native.getMethod(Native Method)
07-14 21:59:26.893 26646 26646 W Linkify.v16: 	at miui.reflect.Method.of(Method.java:35)
07-14 21:59:26.893 26646 26646 W Linkify.v16: 	at com.miui.internal.variable.v16.Android_Text_Util_Linkify_class.<clinit>(Android_Text_Util_Linkify_class.java:70)
07-14 21:59:26.893 26646 26646 W Linkify.v16: 	at java.lang.Class.classForName(Native Method)
07-14 21:59:26.893 26646 26646 W Linkify.v16: 	at java.lang.Class.forName(Class.java:454)
07-14 21:59:26.893 26646 26646 W Linkify.v16: 	at java.lang.Class.forName(Class.java:379)
07-14 21:59:26.893 26646 26646 W Linkify.v16: 	at com.miui.internal.variable.AbsClassFactory.create(AbsClassFactory.java:24)
07-14 21:59:26.893 26646 26646 W Linkify.v16: 	at com.miui.internal.variable.Android_Text_Util_Linkify_class$Factory.<init>(Android_Text_Util_Linkify_class.java:40)
07-14 21:59:26.893 26646 26646 W Linkify.v16: 	at com.miui.internal.variable.Android_Text_Util_Linkify_class$Factory.<init>(Android_Text_Util_Linkify_class.java:26)
07-14 21:59:26.893 26646 26646 W Linkify.v16: 	at com.miui.internal.variable.Android_Text_Util_Linkify_class$Factory$1.createInstance(Android_Text_Util_Linkify_class.java:32)
07-14 21:59:26.893 26646 26646 W Linkify.v16: 	at com.miui.internal.variable.Android_Text_Util_Linkify_class$Factory$1.createInstance(Android_Text_Util_Linkify_class.java:29)
07-14 21:59:26.893 26646 26646 W Linkify.v16: 	at miui.util.SoftReferenceSingleton.get(SoftReferenceSingleton.java:25)
07-14 21:59:26.893 26646 26646 W Linkify.v16: 	at com.miui.internal.variable.Android_Text_Util_Linkify_class$Factory.getInstance(Android_Text_Util_Linkify_class.java:44)
07-14 21:59:26.893 26646 26646 W Linkify.v16: 	at com.miui.internal.initialization.OverrideHelper.doInitialize(OverrideHelper.java:37)
07-14 21:59:26.893 26646 26646 W Linkify.v16: 	at miui.core.SdkManager.initialize(SdkManager.java:99)
07-14 21:59:26.893 26646 26646 W Linkify.v16: 	at java.lang.reflect.Method.invoke(Native Method)
07-14 21:59:26.893 26646 26646 W Linkify.v16: 	at miui.external.Application.initializeSdk(Application.java:85)
07-14 21:59:26.893 26646 26646 W Linkify.v16: 	at miui.external.Application.<init>(Application.java:55)
07-14 21:59:26.893 26646 26646 W Linkify.v16: 	at com.miui.providers.contacts.ContactsApp.<init>(ContactsApp.java:7)
07-14 21:59:26.893 26646 26646 W Linkify.v16: 	at java.lang.Class.newInstance(Native Method)
07-14 21:59:26.893 26646 26646 W Linkify.v16: 	at android.app.AppComponentFactory.instantiateApplication(AppComponentFactory.java:76)
07-14 21:59:26.893 26646 26646 W Linkify.v16: 	at android.app.Instrumentation.newApplication(Instrumentation.java:1156)
07-14 21:59:26.893 26646 26646 W Linkify.v16: 	at android.app.LoadedApk.makeApplication(LoadedApk.java:1224)
07-14 21:59:26.893 26646 26646 W Linkify.v16: 	at android.app.ActivityThread.handleBindApplication(ActivityThread.java:6553)
07-14 21:59:26.893 26646 26646 W Linkify.v16: 	at android.app.ActivityThread.access$1400(ActivityThread.java:224)
07-14 21:59:26.893 26646 26646 W Linkify.v16: 	at android.app.ActivityThread$H.handleMessage(ActivityThread.java:1887)
07-14 21:59:26.893 26646 26646 W Linkify.v16: 	at android.os.Handler.dispatchMessage(Handler.java:107)
07-14 21:59:26.893 26646 26646 W Linkify.v16: 	at android.os.Looper.loop(Looper.java:223)
07-14 21:59:26.893 26646 26646 W Linkify.v16: 	at android.app.ActivityThread.main(ActivityThread.java:7562)
07-14 21:59:26.893 26646 26646 W Linkify.v16: 	at java.lang.reflect.Method.invoke(Native Method)
07-14 21:59:26.893 26646 26646 W Linkify.v16: 	at com.android.internal.os.RuntimeInit$MethodAndArgsCaller.run(RuntimeInit.java:539)
07-14 21:59:26.893 26646 26646 W Linkify.v16: 	at com.android.internal.os.ZygoteInit.main(ZygoteInit.java:950)
07-14 21:59:26.913   429   429 I hwservicemanager: getTransport: Cannot find entry vendor.qti.hardware.servicetracker@1.0::IServicetracker/default in either framework or device manifest.
07-14 21:59:26.932   429   429 I hwservicemanager: getTransport: Cannot find entry vendor.qti.hardware.servicetracker@1.0::IServicetracker/default in either framework or device manifest.
07-14 21:59:26.965 25064 25064 I BgTaskExecutorImpl: (REDACTED) Starting %s background task %s.
07-14 21:59:26.975 25064 25565 W SearchServiceCore: Abort, client detached.
07-14 21:59:26.975 25064 25565 I chatty  : uid=10174(com.google.android.googlequicksearchbox) EventBus0 identical 1 line
07-14 21:59:26.975 25064 25565 W SearchServiceCore: Abort, client detached.
07-14 21:59:26.984   429   429 I hwservicemanager: getTransport: Cannot find entry vendor.qti.hardware.servicetracker@1.0::IServicetracker/default in either framework or device manifest.
07-14 21:59:26.991 26646 26646 D CrashHandler: init
07-14 21:59:27.011   429   429 I hwservicemanager: getTransport: Cannot find entry vendor.qti.hardware.servicetracker@1.0::IServicetracker/default in either framework or device manifest.
07-14 21:59:27.040 25064 25064 I BgTaskExecutorImpl: (REDACTED) Starting %s background task %s.
07-14 21:59:27.086 25064 25484 I A       : (REDACTED) Attempting to cache the data for corpora %s.
07-14 21:59:27.089 25064 25629 I Search.LoginHelperImpl: (REDACTED) Successfully received auth token for scope: %s in time %d ms
07-14 21:59:27.092 25064 25434 I A       : (REDACTED) Starting batch sync for corpora: %s
07-14 21:59:27.113 25064 25434 D AudioManager: getStreamVolume isRestricted mode = 0
07-14 21:59:27.114   767  2015 D         : readbrightness,out1:0
07-14 21:59:27.114   767  2015 D         : .
07-14 21:59:27.114   767  2015 D         : readbrightness,out2:0.
07-14 21:59:27.129 25064 25434 I AudioManager: In isBluetoothScoOn(), calling application: com.google.android.googlequicksearchbox
07-14 21:59:27.130  1598  3627 I AS.AudioDeviceBroker: In isBluetoothScoOnForApp(), mForcedUseForCommExt: 0
07-14 21:59:27.130 25064 25434 I AudioManager: In isBluetoothScoOn(), calling application: com.google.android.googlequicksearchbox
07-14 21:59:27.130  1598  3627 I AS.AudioDeviceBroker: In isBluetoothScoOnForApp(), mForcedUseForCommExt: 0
07-14 21:59:27.147 26646 26669 D ContactsDatabaseHelper: onOpen: WAL enabled for contacts2.db: true
07-14 21:59:27.150 26646 26646 I ContactsPerf: VoicemailContentProvider.onCreate start
07-14 21:59:27.166 26646 26646 I ContactsPerf: VoicemailContentProvider.onCreate finish
07-14 21:59:27.175 26646 26669 D T9      : onContactDatabaseOpened
07-14 21:59:27.175 26646 26669 D SyncAccountUtils: getSelectionWritableData(): readonly types: ('com.whatsapp','com.google.android.apps.tachyon','com.truecaller.account')
07-14 21:59:27.185 26646 26671 D CallLogDatabaseHelper: onOpen: WAL enabled for calllog.db: true
07-14 21:59:27.186 26646 26671 D T9      : onCallsDatabaseOpened
07-14 21:59:27.194 26646 26672 D FbeUtils: isFbeEnabled(): true
07-14 21:59:27.197 26646 26646 V ExtraCallsProvider: registerAccountListener
07-14 21:59:27.206 25064 25484 I DeviceCapHelper: (REDACTED) Adding surface identity to the device capabilities for surface %s.
07-14 21:59:27.228 26646 26672 D CallLogDatabaseHelper: onOpen: WAL enabled for calllog_shadow.db: true
07-14 21:59:27.274 26646 26672 D T9Provider: onCreate: pid=26646 thread=Thread[Worker-1,5,main] calls=null
07-14 21:59:27.275 26646 26646 D T9Provider: onCreate: pid=26646 thread=Thread[main,5,main] calls=null
07-14 21:59:27.284 26646 26672 D T9Provider: releaseLoadLatch: release load latch
07-14 21:59:27.287 25064 25510 W BpBinder: Slow Binder: BpBinder transact took 684ms, interface=android.app.IActivityManager, code=20 oneway=false
07-14 21:59:27.288 25064 26645 W earchbox:searc: Long monitor contention with owner Blocking Thread #15 (25510) at boolean android.os.BinderProxy.transactNative(int, android.os.Parcel, android.os.Parcel, int)(BinderProxy.java:-2) waiters=0 in android.content.IContentProvider android.app.ActivityThread.acquireProvider(android.content.Context, java.lang.String, int, boolean) for 481ms
07-14 21:59:27.290 26646 26646 I FeatureParser: can't find pine.xml in assets/device_features/,it may be in /system/etc/device_features
07-14 21:59:27.290 26646 26672 I CallLogProvider: CallLog delete: CPID=26646, CallingPackage = com.android.providers.contacts User=0
07-14 21:59:27.297 26646 26678 D T9Provider: initialize
07-14 21:59:27.297 26646 26678 D T9Provider: initialize: wait for load from shadow...
07-14 21:59:27.297 26646 26677 D T9Provider: initialize
07-14 21:59:27.297 26646 26677 D T9Provider: initialize: wait for load from shadow...
07-14 21:59:27.297 26646 26678 D T9Provider: start load
07-14 21:59:27.304 26646 26663 I ContactsProvider: Contacts query: CPID=25064, CallingPackage = com.google.android.googlequicksearchbox User=0
07-14 21:59:27.306 26646 26678 D T9      : T9Depod load() size 0
07-14 21:59:27.310 26646 26678 D T9CallLogDepot: updateFirewallItem()
07-14 21:59:27.327 26646 26664 I ContactsProvider: Contacts query: CPID=25064, CallingPackage = com.google.android.googlequicksearchbox User=0
07-14 21:59:27.327   429   429 I hwservicemanager: getTransport: Cannot find entry vendor.qti.hardware.iop@2.0::IIop/default in either framework or device manifest.
07-14 21:59:27.327   791   808 E ANDR-IOP: IIop:: Iop HAL Service is not available.
07-14 21:59:27.334 26646 26678 D T9Provider: [loadT9] load 37 ms
07-14 21:59:27.337 26646 26646 D StrictMode: StrictMode policy violation; ~duration=39 ms: android.os.strictmode.DiskReadViolation
07-14 21:59:27.337 26646 26646 D StrictMode: 	at android.os.StrictMode$AndroidBlockGuardPolicy.onReadFromDisk(StrictMode.java:1562)
07-14 21:59:27.337 26646 26646 D StrictMode: 	at libcore.io.BlockGuardOs.access(BlockGuardOs.java:69)
07-14 21:59:27.337 26646 26646 D StrictMode: 	at libcore.io.ForwardingOs.access(ForwardingOs.java:73)
07-14 21:59:27.337 26646 26646 D StrictMode: 	at android.app.ActivityThread$AndroidOs.access(ActivityThread.java:7452)
07-14 21:59:27.337 26646 26646 D StrictMode: 	at java.io.UnixFileSystem.checkAccess(UnixFileSystem.java:281)
07-14 21:59:27.337 26646 26646 D StrictMode: 	at java.io.File.exists(File.java:815)
07-14 21:59:27.337 26646 26646 D StrictMode: 	at miui.util.FeatureParser.read(FeatureParser.java:169)
07-14 21:59:27.337 26646 26646 D StrictMode: 	at miui.util.FeatureParser.<clinit>(FeatureParser.java:60)
07-14 21:59:27.337 26646 26646 D StrictMode: 	at miui.util.FeatureParser.getBoolean(FeatureParser.java:65)
07-14 21:59:27.337 26646 26646 D StrictMode: 	at miui.os.DeviceFeature.<clinit>(DeviceFeature.java:18)
07-14 21:59:27.337 26646 26646 D StrictMode: 	at android.app.Application.onCreate(Application.java:261)
07-14 21:59:27.337 26646 26646 D StrictMode: 	at miui.external.Application.superOnCreate(Application.java:188)
07-14 21:59:27.337 26646 26646 D StrictMode: 	at miui.external.Application.onCreate(Application.java:183)
07-14 21:59:27.337 26646 26646 D StrictMode: 	at android.app.Instrumentation.callApplicationOnCreate(Instrumentation.java:1190)
07-14 21:59:27.337 26646 26646 D StrictMode: 	at android.app.ActivityThread.handleBindApplication(ActivityThread.java:6582)
07-14 21:59:27.337 26646 26646 D StrictMode: 	at android.app.ActivityThread.access$1400(ActivityThread.java:224)
07-14 21:59:27.337 26646 26646 D StrictMode: 	at android.app.ActivityThread$H.handleMessage(ActivityThread.java:1887)
07-14 21:59:27.337 26646 26646 D StrictMode: 	at android.os.Handler.dispatchMessage(Handler.java:107)
07-14 21:59:27.337 26646 26646 D StrictMode: 	at android.os.Looper.loop(Looper.java:223)
07-14 21:59:27.337 26646 26646 D StrictMode: 	at android.app.ActivityThread.main(ActivityThread.java:7562)
07-14 21:59:27.337 26646 26646 D StrictMode: 	at java.lang.reflect.Method.invoke(Native Method)
07-14 21:59:27.337 26646 26646 D StrictMode: 	at com.android.internal.os.RuntimeInit$MethodAndArgsCaller.run(RuntimeInit.java:539)
07-14 21:59:27.337 26646 26646 D StrictMode: 	at com.android.internal.os.ZygoteInit.main(ZygoteInit.java:950)
07-14 21:59:27.359 26646 26646 D StrictMode: StrictMode policy violation; ~duration=39 ms: android.os.strictmode.DiskReadViolation
07-14 21:59:27.359 26646 26646 D StrictMode: 	at android.os.StrictMode$AndroidBlockGuardPolicy.onReadFromDisk(StrictMode.java:1562)
07-14 21:59:27.359 26646 26646 D StrictMode: 	at libcore.io.BlockGuardOs.open(BlockGuardOs.java:247)
07-14 21:59:27.359 26646 26646 D StrictMode: 	at libcore.io.ForwardingOs.open(ForwardingOs.java:167)
07-14 21:59:27.359 26646 26646 D StrictMode: 	at android.app.ActivityThread$AndroidOs.open(ActivityThread.java:7461)
07-14 21:59:27.359 26646 26646 D StrictMode: 	at libcore.io.IoBridge.open(IoBridge.java:483)
07-14 21:59:27.359 26646 26646 D StrictMode: 	at java.io.FileInputStream.<init>(FileInputStream.java:159)
07-14 21:59:27.359 26646 26646 D StrictMode: 	at miui.util.FeatureParser.read(FeatureParser.java:170)
07-14 21:59:27.359 26646 26646 D StrictMode: 	at miui.util.FeatureParser.<clinit>(FeatureParser.java:60)
07-14 21:59:27.359 26646 26646 D StrictMode: 	at miui.util.FeatureParser.getBoolean(FeatureParser.java:65)
07-14 21:59:27.359 26646 26646 D StrictMode: 	at miui.os.DeviceFeature.<clinit>(DeviceFeature.java:18)
07-14 21:59:27.359 26646 26646 D StrictMode: 	at android.app.Application.onCreate(Application.java:261)
07-14 21:59:27.359 26646 26646 D StrictMode: 	at miui.external.Application.superOnCreate(Application.java:188)
07-14 21:59:27.359 26646 26646 D StrictMode: 	at miui.external.Application.onCreate(Application.java:183)
07-14 21:59:27.359 26646 26646 D StrictMode: 	at android.app.Instrumentation.callApplicationOnCreate(Instrumentation.java:1190)
07-14 21:59:27.359 26646 26646 D StrictMode: 	at android.app.ActivityThread.handleBindApplication(ActivityThread.java:6582)
07-14 21:59:27.359 26646 26646 D StrictMode: 	at android.app.ActivityThread.access$1400(ActivityThread.java:224)
07-14 21:59:27.359 26646 26646 D StrictMode: 	at android.app.ActivityThread$H.handleMessage(ActivityThread.java:1887)
07-14 21:59:27.359 26646 26646 D StrictMode: 	at android.os.Handler.dispatchMessage(Handler.java:107)
07-14 21:59:27.359 26646 26646 D StrictMode: 	at android.os.Looper.loop(Looper.java:223)
07-14 21:59:27.359 26646 26646 D StrictMode: 	at android.app.ActivityThread.main(ActivityThread.java:7562)
07-14 21:59:27.359 26646 26646 D StrictMode: 	at java.lang.reflect.Method.invoke(Native Method)
07-14 21:59:27.359 26646 26646 D StrictMode: 	at com.android.internal.os.RuntimeInit$MethodAndArgsCaller.run(RuntimeInit.java:539)
07-14 21:59:27.359 26646 26646 D StrictMode: 	at com.android.internal.os.ZygoteInit.main(ZygoteInit.java:950)
07-14 21:59:27.360 26646 26646 D StrictMode: StrictMode policy violation; ~duration=39 ms: android.os.strictmode.DiskReadViolation
07-14 21:59:27.360 26646 26646 D StrictMode: 	at android.os.StrictMode$AndroidBlockGuardPolicy.onReadFromDisk(StrictMode.java:1562)
07-14 21:59:27.360 26646 26646 D StrictMode: 	at libcore.io.BlockGuardOs.fstat(BlockGuardOs.java:172)
07-14 21:59:27.360 26646 26646 D StrictMode: 	at libcore.io.ForwardingOs.fstat(ForwardingOs.java:108)
07-14 21:59:27.360 26646 26646 D StrictMode: 	at libcore.io.IoBridge.open(IoBridge.java:486)
07-14 21:59:27.360 26646 26646 D StrictMode: 	at java.io.FileInputStream.<init>(FileInputStream.java:159)
07-14 21:59:27.360 26646 26646 D StrictMode: 	at miui.util.FeatureParser.read(FeatureParser.java:170)
07-14 21:59:27.360 26646 26646 D StrictMode: 	at miui.util.FeatureParser.<clinit>(FeatureParser.java:60)
07-14 21:59:27.360 26646 26646 D StrictMode: 	at miui.util.FeatureParser.getBoolean(FeatureParser.java:65)
07-14 21:59:27.360 26646 26646 D StrictMode: 	at miui.os.DeviceFeature.<clinit>(DeviceFeature.java:18)
07-14 21:59:27.360 26646 26646 D StrictMode: 	at android.app.Application.onCreate(Application.java:261)
07-14 21:59:27.360 26646 26646 D StrictMode: 	at miui.external.Application.superOnCreate(Application.java:188)
07-14 21:59:27.360 26646 26646 D StrictMode: 	at miui.external.Application.onCreate(Application.java:183)
07-14 21:59:27.360 26646 26646 D StrictMode: 	at android.app.Instrumentation.callApplicationOnCreate(Instrumentation.java:1190)
07-14 21:59:27.360 26646 26646 D StrictMode: 	at android.app.ActivityThread.handleBindApplication(ActivityThread.java:6582)
07-14 21:59:27.360 26646 26646 D StrictMode: 	at android.app.ActivityThread.access$1400(ActivityThread.java:224)
07-14 21:59:27.360 26646 26646 D StrictMode: 	at android.app.ActivityThread$H.handleMessage(ActivityThread.java:1887)
07-14 21:59:27.360 26646 26646 D StrictMode: 	at android.os.Handler.dispatchMessage(Handler.java:107)
07-14 21:59:27.360 26646 26646 D StrictMode: 	at android.os.Looper.loop(Looper.java:223)
07-14 21:59:27.360 26646 26646 D StrictMode: 	at android.app.ActivityThread.main(ActivityThread.java:7562)
07-14 21:59:27.360 26646 26646 D StrictMode: 	at java.lang.reflect.Method.invoke(Native Method)
07-14 21:59:27.360 26646 26646 D StrictMode: 	at com.android.internal.os.RuntimeInit$MethodAndArgsCaller.run(RuntimeInit.java:539)
07-14 21:59:27.360 26646 26646 D StrictMode: 	at com.android.internal.os.ZygoteInit.main(ZygoteInit.java:950)
07-14 21:59:27.361 26646 26646 D StrictMode: StrictMode policy violation; ~duration=23 ms: android.os.strictmode.DiskReadViolation
07-14 21:59:27.361 26646 26646 D StrictMode: 	at android.os.StrictMode$AndroidBlockGuardPolicy.onReadFromDisk(StrictMode.java:1562)
07-14 21:59:27.361 26646 26646 D StrictMode: 	at libcore.io.BlockGuardOs.read(BlockGuardOs.java:302)
07-14 21:59:27.361 26646 26646 D StrictMode: 	at libcore.io.ForwardingOs.read(ForwardingOs.java:177)
07-14 21:59:27.361 26646 26646 D StrictMode: 	at libcore.io.IoBridge.read(IoBridge.java:514)
07-14 21:59:27.361 26646 26646 D StrictMode: 	at java.io.FileInputStream.read(FileInputStream.java:313)
07-14 21:59:27.361 26646 26646 D StrictMode: 	at sun.nio.cs.StreamDecoder.readBytes(StreamDecoder.java:291)
07-14 21:59:27.361 26646 26646 D StrictMode: 	at sun.nio.cs.StreamDecoder.implRead(StreamDecoder.java:355)
07-14 21:59:27.361 26646 26646 D StrictMode: 	at sun.nio.cs.StreamDecoder.read(StreamDecoder.java:181)
07-14 21:59:27.361 26646 26646 D StrictMode: 	at java.io.InputStreamReader.read(InputStreamReader.java:184)
07-14 21:59:27.361 26646 26646 D StrictMode: 	at com.android.org.kxml2.io.KXmlParser.fillBuffer(KXmlParser.java:1535)
07-14 21:59:27.361 26646 26646 D StrictMode: 	at com.android.org.kxml2.io.KXmlParser.peekCharacter(KXmlParser.java:1489)
07-14 21:59:27.361 26646 26646 D StrictMode: 	at com.android.org.kxml2.io.KXmlParser.setInput(KXmlParser.java:1804)
07-14 21:59:27.361 26646 26646 D StrictMode: 	at miui.util.FeatureParser.read(FeatureParser.java:179)
07-14 21:59:27.361 26646 26646 D StrictMode: 	at miui.util.FeatureParser.<clinit>(FeatureParser.java:60)
07-14 21:59:27.361 26646 26646 D StrictMode: 	at miui.util.FeatureParser.getBoolean(FeatureParser.java:65)
07-14 21:59:27.361 26646 26646 D StrictMode: 	at miui.os.DeviceFeature.<clinit>(DeviceFeature.java:18)
07-14 21:59:27.361 26646 26646 D StrictMode: 	at android.app.Application.onCreate(Application.java:261)
07-14 21:59:27.361 26646 26646 D StrictMode: 	at miui.external.Application.superOnCreate(Application.java:188)
07-14 21:59:27.361 26646 26646 D StrictMode: 	at miui.external.Application.onCreate(Application.java:183)
07-14 21:59:27.361 26646 26646 D StrictMode: 	at android.app.Instrumentation.callApplicationOnCreate(Instrumentation.java:1190)
07-14 21:59:27.361 26646 26646 D StrictMode: 	at android.app.ActivityThread.handleBindApplication(ActivityThread.java:6582)
07-14 21:59:27.361 26646 26646 D StrictMode: 	at android.app.ActivityThread.access$1400(ActivityThread.java:224)
07-14 21:59:27.361 26646 26646 D StrictMode: 	at android.app.ActivityThread$H.handleMessage(ActivityThread.java:1887)
07-14 21:59:27.361 26646 26646 D StrictMode: 	at android.os.Handler.dispatchMessage(Handler.java:107)
07-14 21:59:27.361 26646 26646 D StrictMode: 	at android.os.Looper.loop(Looper.java:223)
07-14 21:59:27.361 26646 26646 D StrictMode: 	at android.app.ActivityThread.main(ActivityThread.java:7562)
07-14 21:59:27.361 26646 26646 D StrictMode: 	at java.lang.reflect.Method.invoke(Native Method)
07-14 21:59:27.361 26646 26646 D StrictMode: 	at com.android.internal.os.RuntimeInit$MethodAndArgsCaller.run(RuntimeInit.java:539)
07-14 21:59:27.361 26646 26646 D StrictMode: 	at com.android.internal.os.ZygoteInit.main(ZygoteInit.java:950)
07-14 21:59:27.361 26646 26646 D StrictMode: StrictMode policy violation; ~duration=6 ms: android.os.strictmode.DiskReadViolation
07-14 21:59:27.361 26646 26646 D StrictMode: 	at android.os.StrictMode$AndroidBlockGuardPolicy.onReadFromDisk(StrictMode.java:1562)
07-14 21:59:27.361 26646 26646 D StrictMode: 	at libcore.io.BlockGuardOs.read(BlockGuardOs.java:302)
07-14 21:59:27.361 26646 26646 D StrictMode: 	at libcore.io.ForwardingOs.read(ForwardingOs.java:177)
07-14 21:59:27.361 26646 26646 D StrictMode: 	at libcore.io.IoBridge.read(IoBridge.java:514)
07-14 21:59:27.361 26646 26646 D StrictMode: 	at java.io.FileInputStream.read(FileInputStream.java:313)
07-14 21:59:27.361 26646 26646 D StrictMode: 	at sun.nio.cs.StreamDecoder.readBytes(StreamDecoder.java:291)
07-14 21:59:27.361 26646 26646 D StrictMode: 	at sun.nio.cs.StreamDecoder.implRead(StreamDecoder.java:355)
07-14 21:59:27.361 26646 26646 D StrictMode: 	at sun.nio.cs.StreamDecoder.read(StreamDecoder.java:181)
07-14 21:59:27.361 26646 26646 D StrictMode: 	at java.io.InputStreamReader.read(InputStreamReader.java:184)
07-14 21:59:27.361 26646 26646 D StrictMode: 	at com.android.org.kxml2.io.KXmlParser.fillBuffer(KXmlParser.java:1535)
07-14 21:59:27.361 26646 26646 D StrictMode: 	at com.android.org.kxml2.io.KXmlParser.readUntil(KXmlParser.java:492)
07-14 21:59:27.361 26646 26646 D StrictMode: 	at com.android.org.kxml2.io.KXmlParser.readComment(KXmlParser.java:576)
07-14 21:59:27.361 26646 26646 D StrictMode: 	at com.android.org.kxml2.io.KXmlParser.next(KXmlParser.java:416)
07-14 21:59:27.361 26646 26646 D StrictMode: 	at com.android.org.kxml2.io.KXmlParser.next(KXmlParser.java:321)
07-14 21:59:27.361 26646 26646 D StrictMode: 	at miui.util.FeatureParser.read(FeatureParser.java:226)
07-14 21:59:27.361 26646 26646 D StrictMode: 	at miui.util.FeatureParser.<clinit>(FeatureParser.java:60)
07-14 21:59:27.361 26646 26646 D StrictMode: 	at miui.util.FeatureParser.getBoolean(FeatureParser.java:65)
07-14 21:59:27.361 26646 26646 D StrictMode: 	at miui.os.DeviceFeature.<clinit>(DeviceFeature.java:18)
07-14 21:59:27.361 26646 26646 D StrictMode: 	at android.app.Application.onCreate(Application.java:261)
07-14 21:59:27.361 26646 26646 D StrictMode: 	at miui.external.Application.superOnCreate(Application.java:188)
07-14 21:59:27.361 26646 26646 D StrictMode: 	at miui.external.Application.onCreate(Application.java:183)
07-14 21:59:27.361 26646 26646 D StrictMode: 	at android.app.Instrumentation.callApplicationOnCreate(Instrumentation.java:1190)
07-14 21:59:27.361 26646 26646 D StrictMode: 	at android.app.ActivityThread.handleBindApplication(ActivityThread.java:6582)
07-14 21:59:27.361 26646 26646 D StrictMode: 	at android.app.ActivityThread.access$1400(ActivityThread.java:224)
07-14 21:59:27.361 26646 26646 D StrictMode: 	at android.app.ActivityThread$H.handleMessage(ActivityThread.java:1887)
07-14 21:59:27.361 26646 26646 D StrictMode: 	at android.os.Handler.dispatchMessage(Handler.java:107)
07-14 21:59:27.361 26646 26646 D StrictMode: 	at android.os.Looper.loop(Looper.java:223)
07-14 21:59:27.361 26646 26646 D StrictMode: 	at android.app.ActivityThread.main(ActivityThread.java:7562)
07-14 21:59:27.361 26646 26646 D StrictMode: 	at java.lang.reflect.Method.invoke(Native Method)
07-14 21:59:27.361 26646 26646 D StrictMode: 	at com.android.internal.os.RuntimeInit$MethodAndArgsCaller.run(RuntimeInit.java:539)
07-14 21:59:27.361 26646 26646 D StrictMode: 	at com.android.internal.os.ZygoteInit.main(ZygoteInit.java:950)
07-14 21:59:27.362 26646 26646 D StrictMode: StrictMode policy violation; ~duration=5 ms: android.os.strictmode.DiskReadViolation
07-14 21:59:27.362 26646 26646 D StrictMode: 	at android.os.StrictMode$AndroidBlockGuardPolicy.onReadFromDisk(StrictMode.java:1562)
07-14 21:59:27.362 26646 26646 D StrictMode: 	at libcore.io.BlockGuardOs.read(BlockGuardOs.java:302)
07-14 21:59:27.362 26646 26646 D StrictMode: 	at libcore.io.ForwardingOs.read(ForwardingOs.java:177)
07-14 21:59:27.362 26646 26646 D StrictMode: 	at libcore.io.IoBridge.read(IoBridge.java:514)
07-14 21:59:27.362 26646 26646 D StrictMode: 	at java.io.FileInputStream.read(FileInputStream.java:313)
07-14 21:59:27.362 26646 26646 D StrictMode: 	at sun.nio.cs.StreamDecoder.readBytes(StreamDecoder.java:291)
07-14 21:59:27.362 26646 26646 D StrictMode: 	at sun.nio.cs.StreamDecoder.implRead(StreamDecoder.java:355)
07-14 21:59:27.362 26646 26646 D StrictMode: 	at sun.nio.cs.StreamDecoder.read(StreamDecoder.java:181)
07-14 21:59:27.362 26646 26646 D StrictMode: 	at java.io.InputStreamReader.read(InputStreamReader.java:184)
07-14 21:59:27.362 26646 26646 D StrictMode: 	at com.android.org.kxml2.io.KXmlParser.fillBuffer(KXmlParser.java:1535)
