07-14 21:59:27.362 26646 26646 D StrictMode: 	at com.android.org.kxml2.io.KXmlParser.readUntil(KXmlParser.java:492)
07-14 21:59:27.362 26646 26646 D StrictMode: 	at com.android.org.kxml2.io.KXmlParser.readComment(KXmlParser.java:576)
07-14 21:59:27.362 26646 26646 D StrictMode: 	at com.android.org.kxml2.io.KXmlParser.next(KXmlParser.java:416)
07-14 21:59:27.362 26646 26646 D StrictMode: 	at com.android.org.kxml2.io.KXmlParser.next(KXmlParser.java:321)
07-14 21:59:27.362 26646 26646 D StrictMode: 	at miui.util.FeatureParser.read(FeatureParser.java:226)
07-14 21:59:27.362 26646 26646 D StrictMode: 	at miui.util.FeatureParser.<clinit>(FeatureParser.java:60)
07-14 21:59:27.362 26646 26646 D StrictMode: 	at miui.util.FeatureParser.getBoolean(FeatureParser.java:65)
07-14 21:59:27.362 26646 26646 D StrictMode: 	at miui.os.DeviceFeature.<clinit>(DeviceFeature.java:18)
07-14 21:59:27.362 26646 26646 D StrictMode: 	at android.app.Application.onCreate(Application.java:261)
07-14 21:59:27.362 26646 26646 D StrictMode: 	at miui.external.Application.superOnCreate(Application.java:188)
07-14 21:59:27.362 26646 26646 D StrictMode: 	at miui.external.Application.onCreate(Application.java:183)
07-14 21:59:27.362 26646 26646 D StrictMode: 	at android.app.Instrumentation.callApplicationOnCreate(Instrumentation.java:1190)
07-14 21:59:27.362 26646 26646 D StrictMode: 	at android.app.ActivityThread.handleBindApplication(ActivityThread.java:6582)
07-14 21:59:27.362 26646 26646 D StrictMode: 	at android.app.ActivityThread.access$1400(ActivityThread.java:224)
07-14 21:59:27.362 26646 26646 D StrictMode: 	at android.app.ActivityThread$H.handleMessage(ActivityThread.java:1887)
07-14 21:59:27.362 26646 26646 D StrictMode: 	at android.os.Handler.dispatchMessage(Handler.java:107)
07-14 21:59:27.362 26646 26646 D StrictMode: 	at android.os.Looper.loop(Looper.java:223)
07-14 21:59:27.362 26646 26646 D StrictMode: 	at android.app.ActivityThread.main(ActivityThread.java:7562)
07-14 21:59:27.362 26646 26646 D StrictMode: 	at java.lang.reflect.Method.invoke(Native Method)
07-14 21:59:27.362 26646 26646 D StrictMode: 	at com.android.internal.os.RuntimeInit$MethodAndArgsCaller.run(RuntimeInit.java:539)
07-14 21:59:27.362 26646 26646 D StrictMode: 	at com.android.internal.os.ZygoteInit.main(ZygoteInit.java:950)
07-14 21:59:27.362 26646 26646 D StrictMode: StrictMode policy violation; ~duration=5 ms: android.os.strictmode.DiskReadViolation
07-14 21:59:27.362 26646 26646 D StrictMode: 	at android.os.StrictMode$AndroidBlockGuardPolicy.onReadFromDisk(StrictMode.java:1562)
07-14 21:59:27.362 26646 26646 D StrictMode: 	at libcore.io.BlockGuardOs.read(BlockGuardOs.java:302)
07-14 21:59:27.362 26646 26646 D StrictMode: 	at libcore.io.ForwardingOs.read(ForwardingOs.java:177)
07-14 21:59:27.362 26646 26646 D StrictMode: 	at libcore.io.IoBridge.read(IoBridge.java:514)
07-14 21:59:27.362 26646 26646 D StrictMode: 	at java.io.FileInputStream.read(FileInputStream.java:313)
07-14 21:59:27.362 26646 26646 D StrictMode: 	at sun.nio.cs.StreamDecoder.readBytes(StreamDecoder.java:291)
07-14 21:59:27.362 26646 26646 D StrictMode: 	at sun.nio.cs.StreamDecoder.implRead(StreamDecoder.java:355)
07-14 21:59:27.362 26646 26646 D StrictMode: 	at sun.nio.cs.StreamDecoder.read(StreamDecoder.java:181)
07-14 21:59:27.362 26646 26646 D StrictMode: 	at java.io.InputStreamReader.read(InputStreamReader.java:184)
07-14 21:59:27.362 26646 26646 D StrictMode: 	at com.android.org.kxml2.io.KXmlParser.fillBuffer(KXmlParser.java:1535)
07-14 21:59:27.362 26646 26646 D StrictMode: 	at com.android.org.kxml2.io.KXmlParser.readValue(KXmlParser.java:1371)
07-14 21:59:27.362 26646 26646 D StrictMode: 	at com.android.org.kxml2.io.KXmlParser.next(KXmlParser.java:401)
07-14 21:59:27.362 26646 26646 D StrictMode: 	at com.android.org.kxml2.io.KXmlParser.next(KXmlParser.java:321)
07-14 21:59:27.362 26646 26646 D StrictMode: 	at miui.util.FeatureParser.read(FeatureParser.java:226)
07-14 21:59:27.362 26646 26646 D StrictMode: 	at miui.util.FeatureParser.<clinit>(FeatureParser.java:60)
07-14 21:59:27.362 26646 26646 D StrictMode: 	at miui.util.FeatureParser.getBoolean(FeatureParser.java:65)
07-14 21:59:27.362 26646 26646 D StrictMode: 	at miui.os.DeviceFeature.<clinit>(DeviceFeature.java:18)
07-14 21:59:27.362 26646 26646 D StrictMode: 	at android.app.Application.onCreate(Application.java:261)
07-14 21:59:27.362 26646 26646 D StrictMode: 	at miui.external.Application.superOnCreate(Application.java:188)
07-14 21:59:27.362 26646 26646 D StrictMode: 	at miui.external.Application.onCreate(Application.java:183)
07-14 21:59:27.362 26646 26646 D StrictMode: 	at android.app.Instrumentation.callApplicationOnCreate(Instrumentation.java:1190)
07-14 21:59:27.362 26646 26646 D StrictMode: 	at android.app.ActivityThread.handleBindApplication(ActivityThread.java:6582)
07-14 21:59:27.362 26646 26646 D StrictMode: 	at android.app.ActivityThread.access$1400(ActivityThread.java:224)
07-14 21:59:27.362 26646 26646 D StrictMode: 	at android.app.ActivityThread$H.handleMessage(ActivityThread.java:1887)
07-14 21:59:27.362 26646 26646 D StrictMode: 	at android.os.Handler.dispatchMessage(Handler.java:107)
07-14 21:59:27.362 26646 26646 D StrictMode: 	at android.os.Looper.loop(Looper.java:223)
07-14 21:59:27.362 26646 26646 D StrictMode: 	at android.app.ActivityThread.main(ActivityThread.java:7562)
07-14 21:59:27.362 26646 26646 D StrictMode: 	at java.lang.reflect.Method.invoke(Native Method)
07-14 21:59:27.362 26646 26646 D StrictMode: 	at com.android.internal.os.RuntimeInit$MethodAndArgsCaller.run(RuntimeInit.java:539)
07-14 21:59:27.362 26646 26646 D StrictMode: 	at com.android.internal.os.ZygoteInit.main(ZygoteInit.java:950)
07-14 21:59:27.363 26646 26646 D StrictMode: StrictMode policy violation; ~duration=5 ms: android.os.strictmode.DiskReadViolation
07-14 21:59:27.363 26646 26646 D StrictMode: 	at android.os.StrictMode$AndroidBlockGuardPolicy.onReadFromDisk(StrictMode.java:1562)
07-14 21:59:27.363 26646 26646 D StrictMode: 	at libcore.io.BlockGuardOs.read(BlockGuardOs.java:302)
07-14 21:59:27.363 26646 26646 D StrictMode: 	at libcore.io.ForwardingOs.read(ForwardingOs.java:177)
07-14 21:59:27.363 26646 26646 D StrictMode: 	at libcore.io.IoBridge.read(IoBridge.java:514)
07-14 21:59:27.363 26646 26646 D StrictMode: 	at java.io.FileInputStream.read(FileInputStream.java:313)
07-14 21:59:27.363 26646 26646 D StrictMode: 	at sun.nio.cs.StreamDecoder.readBytes(StreamDecoder.java:291)
07-14 21:59:27.363 26646 26646 D StrictMode: 	at sun.nio.cs.StreamDecoder.implRead(StreamDecoder.java:355)
07-14 21:59:27.363 26646 26646 D StrictMode: 	at sun.nio.cs.StreamDecoder.read(StreamDecoder.java:181)
07-14 21:59:27.363 26646 26646 D StrictMode: 	at java.io.InputStreamReader.read(InputStreamReader.java:184)
07-14 21:59:27.363 26646 26646 D StrictMode: 	at com.android.org.kxml2.io.KXmlParser.fillBuffer(KXmlParser.java:1535)
07-14 21:59:27.363 26646 26646 D StrictMode: 	at com.android.org.kxml2.io.KXmlParser.peekType(KXmlParser.java:1007)
07-14 21:59:27.363 26646 26646 D StrictMode: 	at com.android.org.kxml2.io.KXmlParser.next(KXmlParser.java:456)
07-14 21:59:27.363 26646 26646 D StrictMode: 	at com.android.org.kxml2.io.KXmlParser.next(KXmlParser.java:321)
07-14 21:59:27.363 26646 26646 D StrictMode: 	at miui.util.FeatureParser.read(FeatureParser.java:226)
07-14 21:59:27.363 26646 26646 D StrictMode: 	at miui.util.FeatureParser.<clinit>(FeatureParser.java:60)
07-14 21:59:27.363 26646 26646 D StrictMode: 	at miui.util.FeatureParser.getBoolean(FeatureParser.java:65)
07-14 21:59:27.363 26646 26646 D StrictMode: 	at miui.os.DeviceFeature.<clinit>(DeviceFeature.java:18)
07-14 21:59:27.363 26646 26646 D StrictMode: 	at android.app.Application.onCreate(Application.java:261)
07-14 21:59:27.363 26646 26646 D StrictMode: 	at miui.external.Application.superOnCreate(Application.java:188)
07-14 21:59:27.363 26646 26646 D StrictMode: 	at miui.external.Application.onCreate(Application.java:183)
07-14 21:59:27.363 26646 26646 D StrictMode: 	at android.app.Instrumentation.callApplicationOnCreate(Instrumentation.java:1190)
07-14 21:59:27.363 26646 26646 D StrictMode: 	at android.app.ActivityThread.handleBindApplication(ActivityThread.java:6582)
07-14 21:59:27.363 26646 26646 D StrictMode: 	at android.app.ActivityThread.access$1400(ActivityThread.java:224)
07-14 21:59:27.363 26646 26646 D StrictMode: 	at android.app.ActivityThread$H.handleMessage(ActivityThread.java:1887)
07-14 21:59:27.363 26646 26646 D StrictMode: 	at android.os.Handler.dispatchMessage(Handler.java:107)
07-14 21:59:27.363 26646 26646 D StrictMode: 	at android.os.Looper.loop(Looper.java:223)
07-14 21:59:27.363 26646 26646 D StrictMode: 	at android.app.ActivityThread.main(ActivityThread.java:7562)
07-14 21:59:27.363 26646 26646 D StrictMode: 	at java.lang.reflect.Method.invoke(Native Method)
07-14 21:59:27.363 26646 26646 D StrictMode: 	at com.android.internal.os.RuntimeInit$MethodAndArgsCaller.run(RuntimeInit.java:539)
07-14 21:59:27.363 26646 26646 D StrictMode: 	at com.android.internal.os.ZygoteInit.main(ZygoteInit.java:950)
07-14 21:59:27.366 26646 26669 I ContactLocale: AddressBook Labels [[ru_RU]]: [, , , , , , , , , , , , , , , , , , , , , , , , , , , , , , , , , , , , , , , A, B, C, D, E, F, G, H, I, J, K, L, M, N, O, P, Q, R, S, T, U, V, W, X, Y, Z, , , , , , , , , , , , , , , , , , , , , , , , , , , , , , , , , , , , , , , , , , , , , , , , , , , , , , , , , , , , , , , , , , , , , , , , , , , , , , , , , , , , , , , , , , , , , , , , , , , , , , , , , , , , , , , , , , , , , , , , , , , , , , , , , , , , , , , , , , , , , , , , , , , , , , #, ]
07-14 21:59:27.434 25064 25565 W SearchServiceCore: Abort, client detached.
07-14 21:59:27.435 25064 25565 I chatty  : uid=10174(com.google.android.googlequicksearchbox) EventBus0 identical 1 line
07-14 21:59:27.435 25064 25565 W SearchServiceCore: Abort, client detached.
07-14 21:59:27.439   429   429 I hwservicemanager: getTransport: Cannot find entry vendor.qti.hardware.servicetracker@1.0::IServicetracker/default in either framework or device manifest.
07-14 21:59:27.451 26646 26679 E Perf    : Fail to get file list com.android.providers.contacts
07-14 21:59:27.451 26646 26679 E Perf    : getFolderSize() : Exception_1 = java.lang.NullPointerException: Attempt to get length of null array
07-14 21:59:27.452 26646 26679 E Perf    : Fail to get file list com.android.providers.contacts
07-14 21:59:27.452 26646 26679 E Perf    : getFolderSize() : Exception_1 = java.lang.NullPointerException: Attempt to get length of null array
07-14 21:59:27.457   429   429 I hwservicemanager: getTransport: Cannot find entry vendor.qti.hardware.servicetracker@1.0::IServicetracker/default in either framework or device manifest.
07-14 21:59:27.464 25064 25064 I BgTaskExecutorImpl: (REDACTED) Starting %s background task %s.
07-14 21:59:27.478 26646 26669 D ContactsDatabaseHelper: onOpen: WAL enabled for profile.db: false
07-14 21:59:27.487 25064 26643 I A       : (REDACTED) Attempting to cache the data for corpora %s.
07-14 21:59:27.488 25064 25629 I Search.LoginHelperImpl: (REDACTED) Successfully received auth token for scope: %s in time %d ms
07-14 21:59:27.488 25064 25409 I A       : (REDACTED) Scheduling a pending sync for corpus: %s
07-14 21:59:27.492 25064 25448 I A       : (REDACTED) Starting batch sync for corpora: %s
07-14 21:59:27.497 25064 25436 D AudioManager: getStreamVolume isRestricted mode = 0
07-14 21:59:27.501 25064 25436 I AudioManager: In isBluetoothScoOn(), calling application: com.google.android.googlequicksearchbox
07-14 21:59:27.502  1598  3627 I AS.AudioDeviceBroker: In isBluetoothScoOnForApp(), mForcedUseForCommExt: 0
07-14 21:59:27.502 25064 25436 I AudioManager: In isBluetoothScoOn(), calling application: com.google.android.googlequicksearchbox
07-14 21:59:27.502  1598  3627 I AS.AudioDeviceBroker: In isBluetoothScoOnForApp(), mForcedUseForCommExt: 0
07-14 21:59:27.508 25064 26642 W earchbox:searc: Long monitor contention with owner Blocking Thread #25 (26665) at void com.google.android.apps.gsa.k.d.d(com.google.android.apps.gsa.k.c)(PG:1) waiters=4 in void com.google.android.apps.gsa.k.d.d(com.google.android.apps.gsa.k.c) for 107ms
07-14 21:59:27.535 25064 25558 I DeviceCapHelper: (REDACTED) Adding surface identity to the device capabilities for surface %s.
07-14 21:59:27.572 25064 26645 W BpBinder: Slow Binder: BpBinder transact took 278ms, interface=android.content.IContentProvider, code=1 oneway=false
07-14 21:59:27.575 25064 25510 W BpBinder: Slow Binder: BpBinder transact took 288ms, interface=android.content.IContentProvider, code=1 oneway=false
07-14 21:59:27.580 26646 26663 I ContactsProvider: Contacts query: CPID=25064, CallingPackage = com.google.android.googlequicksearchbox User=0
07-14 21:59:27.583 25064 25565 W SearchServiceCore: Abort, client detached.
07-14 21:59:27.584 25064 25565 I chatty  : uid=10174(com.google.android.googlequicksearchbox) EventBus0 identical 1 line
07-14 21:59:27.584 25064 25565 W SearchServiceCore: Abort, client detached.
07-14 21:59:27.587   429   429 I hwservicemanager: getTransport: Cannot find entry vendor.qti.hardware.servicetracker@1.0::IServicetracker/default in either framework or device manifest.
07-14 21:59:27.606   429   429 I hwservicemanager: getTransport: Cannot find entry vendor.qti.hardware.servicetracker@1.0::IServicetracker/default in either framework or device manifest.
07-14 21:59:27.617 25064 25064 I BgTaskExecutorImpl: (REDACTED) Starting %s background task %s.
07-14 21:59:27.628 25064 26665 I A       : (REDACTED) Attempting to cache the data for corpora %s.
07-14 21:59:27.630 25064 25629 I Search.LoginHelperImpl: (REDACTED) Successfully received auth token for scope: %s in time %d ms
07-14 21:59:27.630 25064 25409 I A       : (REDACTED) Scheduling a pending sync for corpus: %s
07-14 21:59:27.702  2202  2538 V MmsSmsUtils: checkPrivateMsgWhiteList time is 1
07-14 21:59:27.704  2202  2538 V MmsSmsUtils: allowReadNotificationSms time is 2
07-14 21:59:27.832 26646 26677 D T9Provider: start load
07-14 21:59:27.833 26646 26677 D T9      : T9Depod load() size 0
07-14 21:59:27.834 26646 26677 D T9CallLogDepot: updateFirewallItem()
07-14 21:59:27.837 26646 26677 D T9Provider: [loadT9] load 5 ms
07-14 21:59:27.843 26623 26623 W android.youtub: JIT profile information will not be recorded: profile file does not exits.
07-14 21:59:27.843 26623 26623 I chatty  : uid=10186(com.google.android.youtube) identical 1 line
07-14 21:59:27.843 26623 26623 W android.youtub: JIT profile information will not be recorded: profile file does not exits.
07-14 21:59:27.862 26623 26623 I Perf    : Connecting to perf service.
07-14 21:59:28.102 25064 25484 W earchbox:searc: Long monitor contention with owner Blocking Thread #18 (25558) at long android.content.res.ApkAssets.nativeLoad(java.lang.String, boolean, boolean, boolean)(ApkAssets.java:-2) waiters=0 in android.content.res.Resources android.app.ResourcesManager.getOrCreateResources(android.os.IBinder, android.content.res.ResourcesKey, java.lang.ClassLoader) for 529ms
07-14 21:59:28.114   767  2015 D         : readbrightness,out1:0
07-14 21:59:28.114   767  2015 D         : .
07-14 21:59:28.115   767  2015 D         : readbrightness,out2:0.
07-14 21:59:28.139 26646 26669 D SyncAccountUtils: queryReadonlyAccountTypes: checking package com.google.android.gms, account type com.google, parser android.content.res.XmlBlock$Parser@54d01b7
07-14 21:59:28.169 25064 26645 W LogsBasedTopContactUpld: User is not optin for device contact settings, can not upload contact affinity!
07-14 21:59:28.171 25064 25565 W SearchServiceCore: Abort, client detached.
07-14 21:59:28.171 25064 25565 I chatty  : uid=10174(com.google.android.googlequicksearchbox) EventBus0 identical 1 line
07-14 21:59:28.171 25064 25565 W SearchServiceCore: Abort, client detached.
07-14 21:59:28.172   429   429 I hwservicemanager: getTransport: Cannot find entry vendor.qti.hardware.servicetracker@1.0::IServicetracker/default in either framework or device manifest.
07-14 21:59:28.187 25064 26645 I A       : (REDACTED) No previous syncToken for corpus %s found.
07-14 21:59:28.189   429   429 I hwservicemanager: getTransport: Cannot find entry vendor.qti.hardware.servicetracker@1.0::IServicetracker/default in either framework or device manifest.
07-14 21:59:28.194 25064 26645 I A       : (REDACTED) The syncToken for corpus %s is %s.
07-14 21:59:28.199 25064 25064 I BgTaskExecutorImpl: (REDACTED) Starting %s background task %s.
07-14 21:59:28.212 25064 26645 I A       : (REDACTED) Attempting to cache the data for corpora %s.
07-14 21:59:28.213 25064 25629 I Search.LoginHelperImpl: (REDACTED) Successfully received auth token for scope: %s in time %d ms
07-14 21:59:28.220 25064 25436 I A       : (REDACTED) Scheduling a pending sync for corpus: %s
07-14 21:59:28.221 26646 26669 D SyncAccountUtils: queryReadonlyAccountTypes: checking package com.google.android.apps.tachyon, account type com.google.android.apps.tachyon, parser android.content.res.XmlBlock$Parser@747e08d
07-14 21:59:28.232 25064 25436 I A       : (REDACTED) Starting batch sync for corpora: %s
07-14 21:59:28.232 26646 26669 D SyncAccountUtils: queryReadonlyAccountTypes: checking package com.google.android.gm, account type com.google.android.gm.exchange, parser null
07-14 21:59:28.233 26646 26669 D SyncAccountUtils: queryReadonlyAccountTypes: checking package com.xiaomi.account, account type com.xiaomi, parser null
07-14 21:59:28.235 25064 25515 I A       : (REDACTED) Starting batch sync for corpora: %s
07-14 21:59:28.239 25064 25410 D AudioManager: getStreamVolume isRestricted mode = 0
07-14 21:59:28.241 25064 25410 I AudioManager: In isBluetoothScoOn(), calling application: com.google.android.googlequicksearchbox
07-14 21:59:28.242  1598  3627 I AS.AudioDeviceBroker: In isBluetoothScoOnForApp(), mForcedUseForCommExt: 0
07-14 21:59:28.244 25064 25410 I AudioManager: In isBluetoothScoOn(), calling application: com.google.android.googlequicksearchbox
07-14 21:59:28.244  1598  3627 I AS.AudioDeviceBroker: In isBluetoothScoOnForApp(), mForcedUseForCommExt: 0
07-14 21:59:28.255 26646 26669 D SyncAccountUtils: queryReadonlyAccountTypes: checking package com.skype.raider, account type com.skype.raider, parser android.content.res.XmlBlock$Parser@a60253
07-14 21:59:28.255 26646 26669 D SyncAccountUtils: queryReadonlyAccountTypes: [ALL] com.google, com.google.android.apps.tachyon, com.skype.raider
07-14 21:59:28.255 26646 26669 D SyncAccountUtils: queryReadonlyAccountTypes: [FINAL] com.google.android.apps.tachyon, com.skype.raider
07-14 21:59:28.260 25064 25409 D AudioManager: getStreamVolume isRestricted mode = 0
07-14 21:59:28.263 25064 25409 I AudioManager: In isBluetoothScoOn(), calling application: com.google.android.googlequicksearchbox
07-14 21:59:28.263  1598 10961 I AS.AudioDeviceBroker: In isBluetoothScoOnForApp(), mForcedUseForCommExt: 0
07-14 21:59:28.264 25064 25409 I AudioManager: In isBluetoothScoOn(), calling application: com.google.android.googlequicksearchbox
07-14 21:59:28.264  1598 10961 I AS.AudioDeviceBroker: In isBluetoothScoOnForApp(), mForcedUseForCommExt: 0
07-14 21:59:28.293 25064 26645 I DeviceCapHelper: (REDACTED) Adding surface identity to the device capabilities for surface %s.
07-14 21:59:28.325 25064 26665 I DeviceCapHelper: (REDACTED) Adding surface identity to the device capabilities for surface %s.
07-14 21:59:28.342  2185  2210 W aomi.finddevic: Reducing the number of considered missed Gc histogram windows from 136 to 100
07-14 21:59:28.343   510   510 I Zygote  : Process 25450 exited due to signal 9 (Killed)
07-14 21:59:28.349  1598  1971 I ActivityManager: Process com.google.process.gapps (pid 25450) has died: cch+65 CEM 
07-14 21:59:28.349  1598  1690 I libprocessgroup: Successfully killed process cgroup uid 10169 pid 25450 in 0ms
07-14 21:59:28.356   429   429 I hwservicemanager: getTransport: Cannot find entry vendor.qti.hardware.iop@2.0::IIop/default in either framework or device manifest.
07-14 21:59:28.359   429   429 I hwservicemanager: getTransport: Cannot find entry vendor.qti.hardware.servicetracker@1.0::IServicetracker/default in either framework or device manifest.
07-14 21:59:28.384 25064 25514 W A       : (REDACTED) Upload permissions denied for Corpus %s
07-14 21:59:28.445  1598  4934 I ActivityManager: Process com.google.android.webview:webview_service (pid 25701) has died: cch+65 CEM 
07-14 21:59:28.446  1598  1690 I libprocessgroup: Successfully killed process cgroup uid 10176 pid 25701 in 0ms
07-14 21:59:28.446   429   429 I hwservicemanager: getTransport: Cannot find entry vendor.qti.hardware.iop@2.0::IIop/default in either framework or device manifest.
07-14 21:59:28.446   510   510 I Zygote  : Process 25701 exited due to signal 9 (Killed)
07-14 21:59:28.449   429   429 I hwservicemanager: getTransport: Cannot find entry vendor.qti.hardware.servicetracker@1.0::IServicetracker/default in either framework or device manifest.
07-14 21:59:28.453  1598  1960 I MiuiNetworkPolicy: removeUidState uid = 10176
07-14 21:59:28.465 25064 26645 I A       : (REDACTED) The syncToken for corpus %s is %s.
07-14 21:59:28.467 25064 26645 I A       : (REDACTED) No previous syncToken for corpus %s found.
07-14 21:59:28.469 25064 26645 I A       : (REDACTED) The syncToken for corpus %s is %s.
07-14 21:59:28.471 25064 26645 I A       : (REDACTED) No previous syncToken for corpus %s found.
07-14 21:59:28.473 25064 26645 I A       : (REDACTED) The syncToken for corpus %s is %s.
07-14 21:59:28.478 25064 26645 I A       : (REDACTED) The syncToken for corpus %s is %s.
07-14 21:59:28.564 25064 26680 I A       : (REDACTED) Writing data for these Geller corpora: %s
07-14 21:59:28.566 25064 26680 I A       : (REDACTED) Writing metadata key: %s, corpus: %s
07-14 21:59:28.578 25064 25565 W SearchServiceCore: Abort, client detached.
07-14 21:59:28.578 25064 25565 I chatty  : uid=10174(com.google.android.googlequicksearchbox) EventBus0 identical 1 line
07-14 21:59:28.578 25064 25565 W SearchServiceCore: Abort, client detached.
07-14 21:59:28.580   429   429 I hwservicemanager: getTransport: Cannot find entry vendor.qti.hardware.servicetracker@1.0::IServicetracker/default in either framework or device manifest.
07-14 21:59:28.595 26554 26554 I dex2oat : Explicit concurrent copying GC freed 163781(20MB) AllocSpace objects, 0(0B) LOS objects, 42% free, 8446KB/14MB, paused 65us total 125.411ms
07-14 21:59:28.607   429   429 I hwservicemanager: getTransport: Cannot find entry vendor.qti.hardware.servicetracker@1.0::IServicetracker/default in either framework or device manifest.
07-14 21:59:28.617 25064 25064 I BgTaskExecutorImpl: (REDACTED) Starting %s background task %s.
07-14 21:59:28.641 25064 25510 I A       : (REDACTED) Starting Geller sync for %s.
07-14 21:59:28.642 25064 25629 I Search.LoginHelperImpl: (REDACTED) Successfully received auth token for scope: %s in time %d ms
07-14 21:59:28.643 25064 25510 I A       : (REDACTED) Successfully completed Geller sync for %s.
07-14 21:59:28.645 25064 25565 W SearchServiceCore: Abort, client detached.
07-14 21:59:28.645 25064 25565 I chatty  : uid=10174(com.google.android.googlequicksearchbox) EventBus0 identical 1 line
07-14 21:59:28.645 25064 25565 W SearchServiceCore: Abort, client detached.
07-14 21:59:28.651   429   429 I hwservicemanager: getTransport: Cannot find entry vendor.qti.hardware.servicetracker@1.0::IServicetracker/default in either framework or device manifest.
07-14 21:59:28.655  1598  1960 I MiuiNetworkPolicy: updateUidState uid = 10054, uidState = 16
07-14 21:59:28.670   429   429 I hwservicemanager: getTransport: Cannot find entry vendor.qti.hardware.servicetracker@1.0::IServicetracker/default in either framework or device manifest.
07-14 21:59:28.690 25064 25064 I BgTaskExecutorImpl: (REDACTED) Starting %s background task %s.
07-14 21:59:28.693 25064 26665 I A       : (REDACTED) Attempting to cache the data for corpora %s.
07-14 21:59:28.694 25064 25629 I Search.LoginHelperImpl: (REDACTED) Successfully received auth token for scope: %s in time %d ms
07-14 21:59:28.695 25064 25565 W SearchServiceCore: Abort, client detached.
07-14 21:59:28.695 25064 25565 I chatty  : uid=10174(com.google.android.googlequicksearchbox) EventBus0 identical 1 line
07-14 21:59:28.695 25064 25565 W SearchServiceCore: Abort, client detached.
07-14 21:59:28.698   429   429 I hwservicemanager: getTransport: Cannot find entry vendor.qti.hardware.servicetracker@1.0::IServicetracker/default in either framework or device manifest.
07-14 21:59:28.702 25064 25510 I A       : (REDACTED) Writing data for these Geller corpora: %s
07-14 21:59:28.703 25064 25510 I A       : (REDACTED) Writing data of size=%d bytes with N=%d keys to Geller corpus %s at ts=%d
07-14 21:59:28.714 25064 25510 I chatty  : uid=10174(com.google.android.googlequicksearchbox) Blocking Thread identical 2 lines
07-14 21:59:28.717 25064 25510 I A       : (REDACTED) Writing data of size=%d bytes with N=%d keys to Geller corpus %s at ts=%d
07-14 21:59:28.720   429   429 I hwservicemanager: getTransport: Cannot find entry vendor.qti.hardware.servicetracker@1.0::IServicetracker/default in either framework or device manifest.
07-14 21:59:28.721 25064 25510 I A       : (REDACTED) Writing data of size=%d bytes with N=%d keys to Geller corpus %s at ts=%d
07-14 21:59:28.727 25064 25510 I chatty  : uid=10174(com.google.android.googlequicksearchbox) Blocking Thread identical 2 lines
07-14 21:59:28.730 25064 25510 I A       : (REDACTED) Writing data of size=%d bytes with N=%d keys to Geller corpus %s at ts=%d
07-14 21:59:28.730 25064 25064 I BgTaskExecutorImpl: (REDACTED) Starting %s background task %s.
07-14 21:59:28.738 25064 25510 I A       : (REDACTED) Writing data of size=%d bytes with N=%d keys to Geller corpus %s at ts=%d
07-14 21:59:28.738 25064 25565 W SearchServiceCore: Abort, client detached.
07-14 21:59:28.738 25064 25565 I chatty  : uid=10174(com.google.android.googlequicksearchbox) EventBus0 identical 1 line
07-14 21:59:28.738 25064 25565 W SearchServiceCore: Abort, client detached.
07-14 21:59:28.740   429   429 I hwservicemanager: getTransport: Cannot find entry vendor.qti.hardware.servicetracker@1.0::IServicetracker/default in either framework or device manifest.
07-14 21:59:28.741 25064 25510 I A       : (REDACTED) Writing data of size=%d bytes with N=%d keys to Geller corpus %s at ts=%d
07-14 21:59:28.751 25064 25510 I chatty  : uid=10174(com.google.android.googlequicksearchbox) Blocking Thread identical 2 lines
07-14 21:59:28.756 25064 25510 I A       : (REDACTED) Writing data of size=%d bytes with N=%d keys to Geller corpus %s at ts=%d
07-14 21:59:28.760 25064 25510 I A       : (REDACTED) Writing metadata key: %s, corpus: %s
07-14 21:59:28.761   429   429 I hwservicemanager: getTransport: Cannot find entry vendor.qti.hardware.servicetracker@1.0::IServicetracker/default in either framework or device manifest.
07-14 21:59:28.762 25064 25510 I A       : (REDACTED) Writing metadata key: %s, corpus: %s
07-14 21:59:28.772 25064 25448 I A       : PR status onSyncCompleted called in TNG
07-14 21:59:28.773 25064 25448 I A       : getLocaleToModelSpecsMap
07-14 21:59:28.773 25064 25448 I A       : Using proto config with mendel
07-14 21:59:28.773 25064 25448 I A       : getLocaleToModelSpecsMap
07-14 21:59:28.773 25064 25448 I A       : Using proto config with mendel
07-14 21:59:28.773 25064 25448 I A       : (REDACTED) Skipping. Expected model: %s Found: %s
07-14 21:59:28.773 25064 25448 I chatty  : uid=10174(com.google.android.googlequicksearchbox) Lite Thread #1 identical 1 line
07-14 21:59:28.773 25064 25448 I A       : (REDACTED) Skipping. Expected model: %s Found: %s
07-14 21:59:28.773 25064 25448 I A       : (REDACTED) Adding from config to map. Locale: %s modelPrefix: %s Location:%s isSpeakerIdSupported: %b
07-14 21:59:28.774 25064 25448 I A       : (REDACTED) Skipping. Expected model: %s Found: %s
07-14 21:59:28.776 25064 25064 I BgTaskExecutorImpl: (REDACTED) Starting %s background task %s.
07-14 21:59:28.780 25064 25514 I A       : Geller-AiAi egress is not enabled
07-14 21:59:28.785 25064 25448 I A       : getLocaleToModelSpecsMap
07-14 21:59:28.785 25064 25448 I A       : Using proto config with mendel
07-14 21:59:28.785 25064 25448 I A       : getLocaleToModelSpecsMap
07-14 21:59:28.785 25064 25448 I A       : Using proto config with mendel
07-14 21:59:28.785 25064 25448 I A       : (REDACTED) Skipping. Expected model: %s Found: %s
07-14 21:59:28.785 25064 25448 I chatty  : uid=10174(com.google.android.googlequicksearchbox) Lite Thread #1 identical 1 line
07-14 21:59:28.785 25064 25448 I A       : (REDACTED) Skipping. Expected model: %s Found: %s
07-14 21:59:28.785 25064 25448 I A       : (REDACTED) Adding from config to map. Locale: %s modelPrefix: %s Location:%s isSpeakerIdSupported: %b
07-14 21:59:28.785 25064 25448 I A       : (REDACTED) Skipping. Expected model: %s Found: %s
07-14 21:59:28.787 25064 25448 I A       : PR status onSyncCompleted called
07-14 21:59:28.790 25064 25512 I A       : (REDACTED) Starting batch sync for corpora: %s
07-14 21:59:28.803 25064 25436 D AudioManager: getStreamVolume isRestricted mode = 0
07-14 21:59:28.804 25064 25436 I AudioManager: In isBluetoothScoOn(), calling application: com.google.android.googlequicksearchbox
07-14 21:59:28.804  1598  1971 I AS.AudioDeviceBroker: In isBluetoothScoOnForApp(), mForcedUseForCommExt: 0
07-14 21:59:28.804 25064 25436 I AudioManager: In isBluetoothScoOn(), calling application: com.google.android.googlequicksearchbox
07-14 21:59:28.804  1598  1971 I AS.AudioDeviceBroker: In isBluetoothScoOnForApp(), mForcedUseForCommExt: 0
07-14 21:59:28.809 25064 25565 W SearchServiceCore: Abort, client detached.
07-14 21:59:28.809 25064 25565 I chatty  : uid=10174(com.google.android.googlequicksearchbox) EventBus0 identical 1 line
07-14 21:59:28.809 25064 25565 W SearchServiceCore: Abort, client detached.
07-14 21:59:28.811   429   429 I hwservicemanager: getTransport: Cannot find entry vendor.qti.hardware.servicetracker@1.0::IServicetracker/default in either framework or device manifest.
07-14 21:59:28.816 25064 25448 I A       : (REDACTED) PR status onSyncCompleted updated in TNG to %s
07-14 21:59:28.818 25064 26645 I A       : (REDACTED) PR status onSyncCompleted updated to %s
07-14 21:59:28.820 25064 25514 E A       : (REDACTED) Failed to share %s data to AiAi.
07-14 21:59:28.820 25064 25514 E A       : com.google.android.libraries.geller.d.f: Geller AiAi data share is not enabled
07-14 21:59:28.820 25064 25514 E A       : 	at com.google.android.apps.search.assistant.libraries.c.a.f.c(PG:2)
07-14 21:59:28.820 25064 25514 E A       : 	at com.google.android.apps.search.assistant.libraries.c.a.f.b(PG:1)
07-14 21:59:28.820 25064 25514 E A       : 	at com.google.android.apps.search.assistant.libraries.c.a.a.d.a(PG:4)
07-14 21:59:28.820 25064 25514 E A       : 	at com.google.apps.tiktok.tracing.el.a(PG:2)
07-14 21:59:28.820 25064 25514 E A       : 	at com.google.common.util.concurrent.bc.a(PG:1)
07-14 21:59:28.820 25064 25514 E A       : 	at com.google.common.util.concurrent.cw.run(PG:4)
07-14 21:59:28.820 25064 25514 E A       : 	at com.google.android.libraries.i.af.run(PG:1)
07-14 21:59:28.820 25064 25514 E A       : 	at com.google.android.libraries.i.an.run(PG:23)
07-14 21:59:28.820 25064 25514 E A       : 	at com.google.android.libraries.i.l.run(PG:2)
07-14 21:59:28.820 25064 25514 E A       : 	at com.google.android.libraries.i.q.run(PG:4)
07-14 21:59:28.820 25064 25514 E A       : 	at java.lang.Thread.run(Thread.java:919)
07-14 21:59:28.838   429   429 I hwservicemanager: getTransport: Cannot find entry vendor.qti.hardware.servicetracker@1.0::IServicetracker/default in either framework or device manifest.
07-14 21:59:28.839 25064 25510 I DeviceCapHelper: (REDACTED) Adding surface identity to the device capabilities for surface %s.
07-14 21:59:28.840 25064 26642 I A       : (REDACTED) Writing data for these Geller corpora: %s
07-14 21:59:28.842 25064 26642 I A       : (REDACTED) Writing metadata key: %s, corpus: %s
07-14 21:59:28.845 25064 25409 I A       : NGA disabled due to not being eligible.
07-14 21:59:28.846 25064 26642 I A       : (REDACTED) Writing metadata key: %s, corpus: %s
07-14 21:59:28.848 25064 26642 I A       : (REDACTED) Writing metadata key: %s, corpus: %s
07-14 21:59:28.850 25064 26642 I A       : (REDACTED) Writing data for these Geller corpora: %s
07-14 21:59:28.852 25064 25064 I BgTaskExecutorImpl: (REDACTED) Starting %s background task %s.
07-14 21:59:28.852 25064 26642 I A       : (REDACTED) Writing metadata key: %s, corpus: %s
07-14 21:59:28.854 25064 26642 I A       : (REDACTED) Writing data for these Geller corpora: %s
07-14 21:59:28.854 25064 26642 I A       : (REDACTED) Writing data of size=%d bytes with N=%d keys to Geller corpus %s at ts=%d
07-14 21:59:28.863 25064 26642 I A       : (REDACTED) Writing metadata key: %s, corpus: %s
07-14 21:59:28.865 25064 26642 I chatty  : uid=10174(com.google.android.googlequicksearchbox) Blocking Thread identical 1 line
07-14 21:59:28.867 25064 26642 I A       : (REDACTED) Writing metadata key: %s, corpus: %s
07-14 21:59:28.871 25064 26642 I A       : (REDACTED) Writing data for these Geller corpora: %s
07-14 21:59:28.872 25064 26645 E SingleDataFileGroupPop: Failed to add file group 
07-14 21:59:28.873 25064 26665 E SingleDataFileGroupPop: Failed to add file group 
07-14 21:59:28.882 25064 26642 I A       : (REDACTED) Writing metadata key: %s, corpus: %s
07-14 21:59:28.889 25064 26642 I A       : (REDACTED) Writing data for these Geller corpora: %s
07-14 21:59:28.890 25064 26642 I A       : (REDACTED) Writing metadata key: %s, corpus: %s
07-14 21:59:28.891 25064 26642 I A       : (REDACTED) Writing metadata key: %s, corpus: %s
07-14 21:59:28.894 25064 25513 W A       : (REDACTED) Upload permissions denied for Corpus %s
07-14 21:59:28.921 25064 26642 I A       : (REDACTED) Writing data for these Geller corpora: %s
07-14 21:59:28.921 25064 26642 I A       : (REDACTED) Writing data of size=%d bytes with N=%d keys to Geller corpus %s at ts=%d
07-14 21:59:28.923 25064 25484 I A       : (REDACTED) The syncToken for corpus %s is %s.
07-14 21:59:28.925 25064 26642 I A       : (REDACTED) Writing metadata key: %s, corpus: %s
07-14 21:59:28.927 25064 26642 I chatty  : uid=10174(com.google.android.googlequicksearchbox) Blocking Thread identical 1 line
07-14 21:59:28.927 25064 26642 I A       : (REDACTED) Writing metadata key: %s, corpus: %s
07-14 21:59:28.932 25064 25565 W SearchServiceCore: Abort, client detached.
07-14 21:59:28.933 25064 25565 I chatty  : uid=10174(com.google.android.googlequicksearchbox) EventBus0 identical 1 line
07-14 21:59:28.933 25064 25565 W SearchServiceCore: Abort, client detached.
07-14 21:59:28.935   429   429 I hwservicemanager: getTransport: Cannot find entry vendor.qti.hardware.servicetracker@1.0::IServicetracker/default in either framework or device manifest.
07-14 21:59:28.948   429   429 I hwservicemanager: getTransport: Cannot find entry vendor.qti.hardware.servicetracker@1.0::IServicetracker/default in either framework or device manifest.
07-14 21:59:28.956 25064 25064 I BgTaskExecutorImpl: (REDACTED) Starting %s background task %s.
07-14 21:59:29.054   509  1955 D OemNetd : setLimit: enable, rate=3108435
07-14 21:59:29.102 25064 26645 E PhFileGroupPop: Failed to add file group 
07-14 21:59:29.103 25064 26645 I chatty  : uid=10174(com.google.android.googlequicksearchbox) Blocking Thread identical 11 lines
07-14 21:59:29.103 25064 26645 E PhFileGroupPop: Failed to add file group 
07-14 21:59:29.104 25064 26665 E PhFileGroupPop: Failed to add file group 
07-14 21:59:29.105 25064 26665 I chatty  : uid=10174(com.google.android.googlequicksearchbox) Blocking Thread identical 11 lines
07-14 21:59:29.105 25064 26665 E PhFileGroupPop: Failed to add file group 
07-14 21:59:29.115   767  2015 D         : readbrightness,out1:0
07-14 21:59:29.115   767  2015 D         : .
07-14 21:59:29.115 25064 25448 I A       : (REDACTED) NGA Sync: MDD Task: %s done.
07-14 21:59:29.115   767  2015 D         : readbrightness,out2:0.
07-14 21:59:29.115 25064 25448 I A       : (REDACTED) NGA Sync: isNgaSyncEnabled: %s; enableFileGroupPopulator: %s; requiresMddAssets: %s
07-14 21:59:29.117 25064 25410 I A       : Refresh account policy.
07-14 21:59:29.120 25064 25436 I A       : (REDACTED) Get policy config URI for group: %s
07-14 21:59:29.120 25064 25436 I chatty  : uid=10174(com.google.android.googlequicksearchbox) BG Thread #3 identical 1 line
07-14 21:59:29.121 25064 25436 I A       : (REDACTED) Get policy config URI for group: %s
07-14 21:59:29.121 25064 25565 W SearchServiceCore: Abort, client detached.
07-14 21:59:29.121 25064 25565 I chatty  : uid=10174(com.google.android.googlequicksearchbox) EventBus0 identical 1 line
07-14 21:59:29.121 25064 25565 W SearchServiceCore: Abort, client detached.
07-14 21:59:29.123 25064 25410 W A       : Client file group is null. No policy config file available.
07-14 21:59:29.124 25064 25410 I chatty  : uid=10174(com.google.android.googlequicksearchbox) BG Thread #1 identical 1 line
07-14 21:59:29.124 25064 25410 W A       : Client file group is null. No policy config file available.
07-14 21:59:29.127   429   429 I hwservicemanager: getTransport: Cannot find entry vendor.qti.hardware.servicetracker@1.0::IServicetracker/default in either framework or device manifest.
07-14 21:59:29.128 25064 26645 I ZipLPPopulator: #scheduleLanguagePackDeletion
07-14 21:59:29.128 25064 26645 I ZipLPPopulator: com.google.common.f.s: MEDIUM
07-14 21:59:29.128 25064 26645 I ZipLPPopulator: 	at com.google.android.libraries.at.b.b.g.aa.b(PG:1)
07-14 21:59:29.128 25064 26645 I ZipLPPopulator: 	at com.google.android.libraries.mdi.download.he.q(PG:3)
07-14 21:59:29.128 25064 26645 I ZipLPPopulator: 	at com.google.android.libraries.mdi.download.he.h(PG:4)
07-14 21:59:29.128 25064 26645 I ZipLPPopulator: 	at com.google.android.apps.gsa.staticplugins.bu.a.a(PG:1)
07-14 21:59:29.128 25064 26645 I ZipLPPopulator: 	at com.google.android.libraries.gsa.k.a.i.apply(PG:2)
07-14 21:59:29.128 25064 26645 I ZipLPPopulator: 	at com.google.common.util.concurrent.h.e(PG:2)
07-14 21:59:29.128 25064 26645 I ZipLPPopulator: 	at com.google.common.util.concurrent.j.run(PG:9)
07-14 21:59:29.128 25064 26645 I ZipLPPopulator: 	at com.google.android.libraries.i.af.run(PG:1)
07-14 21:59:29.128 25064 26645 I ZipLPPopulator: 	at java.util.concurrent.ThreadPoolExecutor.runWorker(ThreadPoolExecutor.java:1167)
07-14 21:59:29.128 25064 26645 I ZipLPPopulator: 	at java.util.concurrent.ThreadPoolExecutor$Worker.run(ThreadPoolExecutor.java:641)
07-14 21:59:29.128 25064 26645 I ZipLPPopulator: 	at com.google.android.libraries.i.j.run(PG:2)
07-14 21:59:29.128 25064 26645 I ZipLPPopulator: 	at com.google.android.libraries.i.q.run(PG:4)
07-14 21:59:29.128 25064 26645 I ZipLPPopulator: 	at java.lang.Thread.run(Thread.java:919)
07-14 21:59:29.128 25064 26665 I ZipLPPopulator: #scheduleLanguagePackDeletion
07-14 21:59:29.128 25064 26665 I ZipLPPopulator: com.google.common.f.s: MEDIUM
07-14 21:59:29.128 25064 26665 I ZipLPPopulator: 	at com.google.android.libraries.at.b.b.g.aa.b(PG:1)
07-14 21:59:29.128 25064 26665 I ZipLPPopulator: 	at com.google.android.libraries.mdi.download.he.q(PG:3)
07-14 21:59:29.128 25064 26665 I ZipLPPopulator: 	at com.google.android.libraries.mdi.download.he.t(PG:1)
07-14 21:59:29.128 25064 26665 I ZipLPPopulator: 	at com.google.android.libraries.mdi.download.he.h(PG:3)
07-14 21:59:29.128 25064 26665 I ZipLPPopulator: 	at com.google.android.apps.gsa.staticplugins.bu.a.a(PG:1)
07-14 21:59:29.128 25064 26665 I ZipLPPopulator: 	at com.google.android.libraries.gsa.k.a.i.apply(PG:2)
07-14 21:59:29.128 25064 26665 I ZipLPPopulator: 	at com.google.common.util.concurrent.h.e(PG:2)
07-14 21:59:29.128 25064 26665 I ZipLPPopulator: 	at com.google.common.util.concurrent.j.run(PG:9)
07-14 21:59:29.128 25064 26665 I ZipLPPopulator: 	at com.google.android.libraries.i.af.run(PG:1)
07-14 21:59:29.128 25064 26665 I ZipLPPopulator: 	at java.util.concurrent.ThreadPoolExecutor.runWorker(ThreadPoolExecutor.java:1167)
07-14 21:59:29.128 25064 26665 I ZipLPPopulator: 	at java.util.concurrent.ThreadPoolExecutor$Worker.run(ThreadPoolExecutor.java:641)
07-14 21:59:29.128 25064 26665 I ZipLPPopulator: 	at com.google.android.libraries.i.j.run(PG:2)
07-14 21:59:29.128 25064 26665 I ZipLPPopulator: 	at com.google.android.libraries.i.q.run(PG:4)
07-14 21:59:29.128 25064 26665 I ZipLPPopulator: 	at java.lang.Thread.run(Thread.java:919)
07-14 21:59:29.128 25064 26645 I ZipLPPopulator: #addNewFileGroups
07-14 21:59:29.128 25064 26665 I ZipLPPopulator: #addNewFileGroups
07-14 21:59:29.138 25064 26645 I A       : #getDownloadableLanguagePacks
07-14 21:59:29.138 25064 25448 I LPRequestState: (REDACTED) [%s] #resolveDesiredLanguagePacks
07-14 21:59:29.139 25064 26645 I A       : (REDACTED) Download file group for language pack: %s
07-14 21:59:29.139 25064 26645 W A       : (REDACTED) Locale %s is not compatible, please check manifest exists
07-14 21:59:29.139 25064 25448 I A       : #getInstalledPackages
07-14 21:59:29.139 26599 26619 I com.miui.core: ProcessProfilingInfo new_methods=0 is saved saved_to_disk=0 resolve_classes_delay=8000
07-14 21:59:29.140 25064 26665 I A       : #getDownloadableLanguagePacks
07-14 21:59:29.140 25064 25447 I LPRequestState: (REDACTED) [%s] #resolveDesiredLanguagePacks
07-14 21:59:29.141 25064 25447 I A       : #getInstalledPackages
07-14 21:59:29.141 25064 26665 I A       : (REDACTED) Download file group for language pack: %s
07-14 21:59:29.141 25064 26665 W A       : (REDACTED) Locale %s is not compatible, please check manifest exists
07-14 21:59:29.143 25064 26665 I A       : getLocaleToModelSpecsMap
07-14 21:59:29.143 25064 26665 I A       : Using proto config with mendel
07-14 21:59:29.143 25064 26665 I A       : getLocaleToModelSpecsMap
07-14 21:59:29.143 25064 26665 I A       : Using proto config with mendel
07-14 21:59:29.143 25064 26665 I A       : (REDACTED) Skipping. Expected model: %s Found: %s
07-14 21:59:29.143 25064 26665 I chatty  : uid=10174(com.google.android.googlequicksearchbox) Blocking Thread identical 1 line
07-14 21:59:29.144 25064 26665 I A       : (REDACTED) Skipping. Expected model: %s Found: %s
07-14 21:59:29.144 25064 26665 I A       : (REDACTED) Adding from config to map. Locale: %s modelPrefix: %s Location:%s isSpeakerIdSupported: %b
07-14 21:59:29.144 25064 26665 I A       : (REDACTED) Skipping. Expected model: %s Found: %s
07-14 21:59:29.146 25064 25514 I LPRequestState: (REDACTED) [%s] #resolveUnusedLanguagePacks
07-14 21:59:29.146 25064 25514 I LPRequestState: (REDACTED) [%s] #resolveDesiredLanguagePacks
07-14 21:59:29.146   429   429 I hwservicemanager: getTransport: Cannot find entry vendor.qti.hardware.servicetracker@1.0::IServicetracker/default in either framework or device manifest.
07-14 21:59:29.147 25064 26645 I A       : getLocaleToModelSpecsMap
07-14 21:59:29.147 25064 26645 I A       : Using proto config with mendel
07-14 21:59:29.147 25064 26645 I A       : getLocaleToModelSpecsMap
07-14 21:59:29.147 25064 26645 I A       : Using proto config with mendel
07-14 21:59:29.148 25064 26645 I A       : (REDACTED) Skipping. Expected model: %s Found: %s
07-14 21:59:29.148 25064 26645 I chatty  : uid=10174(com.google.android.googlequicksearchbox) Blocking Thread identical 1 line
07-14 21:59:29.148 25064 26645 I A       : (REDACTED) Skipping. Expected model: %s Found: %s
07-14 21:59:29.148 25064 26645 I A       : (REDACTED) Adding from config to map. Locale: %s modelPrefix: %s Location:%s isSpeakerIdSupported: %b
07-14 21:59:29.148 25064 26645 I A       : (REDACTED) Skipping. Expected model: %s Found: %s
07-14 21:59:29.148 25064 25514 I LPRequestState: (REDACTED) [%s] #resolveUnusedLanguagePacks
07-14 21:59:29.148 25064 25514 I LPRequestState: (REDACTED) [%s] #resolveDesiredLanguagePacks
07-14 21:59:29.152 25064 26642 I A       : (REDACTED) Starting new batch; batchId=%d corpus=%d
07-14 21:59:29.153 25064 25510 I A       : (REDACTED) Joining existing batch; batchId=%d corpus=%d
07-14 21:59:29.153 25064 26665 I HotwordModelPopulator: (REDACTED) #updateHotwordFileGroup group name: %s, raw locale: %s, locale: %s
07-14 21:59:29.154 25064 26665 I A       : getLocaleToModelSpecsMap
07-14 21:59:29.154 25064 26665 I A       : Using proto config with mendel
07-14 21:59:29.156 25064 26666 I A       : (REDACTED) Joining existing batch; batchId=%d corpus=%d
07-14 21:59:29.157 25064 25064 I BgTaskExecutorImpl: (REDACTED) Starting %s background task %s.
07-14 21:59:29.159 25064 26643 I A       : (REDACTED) Joining existing batch; batchId=%d corpus=%d
07-14 21:59:29.159 25064 26680 I A       : (REDACTED) Joining existing batch; batchId=%d corpus=%d
07-14 21:59:29.160 25064 26645 I HotwordModelPopulator: (REDACTED) #updateHotwordFileGroup group name: %s, raw locale: %s, locale: %s
07-14 21:59:29.160 25064 26645 I A       : getLocaleToModelSpecsMap
07-14 21:59:29.160 25064 26645 I A       : Using proto config with mendel
07-14 21:59:29.161 25064 25556 I A       : (REDACTED) Joining existing batch; batchId=%d corpus=%d
07-14 21:59:29.163 25064 26666 E SingleDataFileGroupPop: Failed to add file group 
07-14 21:59:29.163 25064 26666 E PhFileGroupPop: Failed to add file group 
07-14 21:59:29.164 25064 26666 I chatty  : uid=10174(com.google.android.googlequicksearchbox) Blocking Thread identical 5 lines
07-14 21:59:29.164 25064 26666 E PhFileGroupPop: Failed to add file group 
07-14 21:59:29.164  2695  2709 I .gms.persisten: Background young concurrent copying GC freed 133826(7354KB) AllocSpace objects, 34(3572KB) LOS objects, 27% free, 24MB/34MB, paused 551us total 170.788ms
07-14 21:59:29.164 25064 26666 E PhFileGroupPop: Failed to add file group 
07-14 21:59:29.165 25064 26666 I chatty  : uid=10174(com.google.android.googlequicksearchbox) Blocking Thread identical 4 lines
07-14 21:59:29.165 25064 26666 E PhFileGroupPop: Failed to add file group 
07-14 21:59:29.166 25064 26665 I A       : getLocaleToModelSpecsMap
07-14 21:59:29.166 25064 26665 I A       : Using proto config with mendel
07-14 21:59:29.166 25064 26665 I A       : (REDACTED) Adding from config to map. Locale: %s modelPrefix: %s Location:%s isSpeakerIdSupported: %b
07-14 21:59:29.166 25064 26665 I chatty  : uid=10174(com.google.android.googlequicksearchbox) Blocking Thread identical 1 line
07-14 21:59:29.166 25064 26665 I A       : (REDACTED) Adding from config to map. Locale: %s modelPrefix: %s Location:%s isSpeakerIdSupported: %b
07-14 21:59:29.166 25064 26665 I A       : (REDACTED) Skipping. Expected model: %s Found: %s
07-14 21:59:29.166 25064 26665 I A       : (REDACTED) Adding from config to map. Locale: %s modelPrefix: %s Location:%s isSpeakerIdSupported: %b
07-14 21:59:29.167 25064 26680 I A       : (REDACTED) Joining existing batch; batchId=%d corpus=%d
07-14 21:59:29.167 25064 26643 I A       : (REDACTED) Joining existing batch; batchId=%d corpus=%d
07-14 21:59:29.168 25064 26645 I A       : getLocaleToModelSpecsMap
07-14 21:59:29.168 25064 26645 I A       : Using proto config with mendel
07-14 21:59:29.168 25064 26645 I A       : (REDACTED) Adding from config to map. Locale: %s modelPrefix: %s Location:%s isSpeakerIdSupported: %b
07-14 21:59:29.168 25064 26645 I chatty  : uid=10174(com.google.android.googlequicksearchbox) Blocking Thread identical 1 line
07-14 21:59:29.168 25064 26645 I A       : (REDACTED) Adding from config to map. Locale: %s modelPrefix: %s Location:%s isSpeakerIdSupported: %b
07-14 21:59:29.168 25064 26645 I A       : (REDACTED) Skipping. Expected model: %s Found: %s
07-14 21:59:29.168 25064 26645 I A       : (REDACTED) Adding from config to map. Locale: %s modelPrefix: %s Location:%s isSpeakerIdSupported: %b
07-14 21:59:29.168 25064 26645 E HotwordModelPopulator: (REDACTED) HotwordLocaleConfig does not exist for model %s, type %s! This model will not be downloaded or updated; please ensure that hotword config flags contain URLs for all supported assistant locales.
07-14 21:59:29.169 25064 26665 E HotwordModelPopulator: (REDACTED) HotwordLocaleConfig does not exist for model %s, type %s! This model will not be downloaded or updated; please ensure that hotword config flags contain URLs for all supported assistant locales.
07-14 21:59:29.170 25064 25556 I A       : (REDACTED) Joining existing batch; batchId=%d corpus=%d
07-14 21:59:29.172 25064 26666 I ZipLPPopulator: #scheduleLanguagePackDeletion
07-14 21:59:29.172 25064 26666 I ZipLPPopulator: com.google.common.f.s: MEDIUM
07-14 21:59:29.172 25064 26666 I ZipLPPopulator: 	at com.google.android.libraries.at.b.b.g.aa.b(PG:1)
07-14 21:59:29.172 25064 26666 I ZipLPPopulator: 	at com.google.android.libraries.mdi.download.he.q(PG:3)
07-14 21:59:29.172 25064 26666 I ZipLPPopulator: 	at com.google.android.libraries.mdi.download.he.t(PG:1)
07-14 21:59:29.172 25064 26666 I ZipLPPopulator: 	at com.google.android.libraries.mdi.download.he.h(PG:2)
07-14 21:59:29.172 25064 26666 I ZipLPPopulator: 	at com.google.android.apps.gsa.staticplugins.bu.a.a(PG:1)
07-14 21:59:29.172 25064 26666 I ZipLPPopulator: 	at com.google.android.libraries.gsa.k.a.i.apply(PG:2)
07-14 21:59:29.172 25064 26666 I ZipLPPopulator: 	at com.google.common.util.concurrent.h.e(PG:2)
07-14 21:59:29.172 25064 26666 I ZipLPPopulator: 	at com.google.common.util.concurrent.j.run(PG:9)
07-14 21:59:29.172 25064 26666 I ZipLPPopulator: 	at com.google.android.libraries.i.af.run(PG:1)
07-14 21:59:29.172 25064 26666 I ZipLPPopulator: 	at java.util.concurrent.ThreadPoolExecutor.runWorker(ThreadPoolExecutor.java:1167)
07-14 21:59:29.172 25064 26666 I ZipLPPopulator: 	at java.util.concurrent.ThreadPoolExecutor$Worker.run(ThreadPoolExecutor.java:641)
